Archive member included to satisfy reference by file (symbol)

/opt/devkitpro/portlibs/wii/lib/libgrrlib.a(GRRLIB_core.o)
                              main.o (rmode)
/opt/devkitpro/portlibs/wii/lib/libgrrlib.a(GRRLIB_render.o)
                              main.o (GRRLIB_Render)
/opt/devkitpro/portlibs/wii/lib/libgrrlib.a(GRRLIB_ttf.o)
                              /opt/devkitpro/portlibs/wii/lib/libgrrlib.a(GRRLIB_core.o) (GRRLIB_InitTTF)
/opt/devkitpro/portlibs/ppc/lib/libfreetype.a(ftbase.o)
                              /opt/devkitpro/portlibs/wii/lib/libgrrlib.a(GRRLIB_ttf.o) (FT_Done_Face)
/opt/devkitpro/portlibs/ppc/lib/libfreetype.a(ftinit.o)
                              /opt/devkitpro/portlibs/wii/lib/libgrrlib.a(GRRLIB_ttf.o) (FT_Init_FreeType)
/opt/devkitpro/portlibs/ppc/lib/libfreetype.a(bdf.o)
                              /opt/devkitpro/portlibs/ppc/lib/libfreetype.a(ftinit.o) (bdf_driver_class)
/opt/devkitpro/portlibs/ppc/lib/libfreetype.a(cff.o)
                              /opt/devkitpro/portlibs/ppc/lib/libfreetype.a(ftinit.o) (cff_driver_class)
/opt/devkitpro/portlibs/ppc/lib/libfreetype.a(type1cid.o)
                              /opt/devkitpro/portlibs/ppc/lib/libfreetype.a(ftinit.o) (t1cid_driver_class)
/opt/devkitpro/portlibs/ppc/lib/libfreetype.a(pcf.o)
                              /opt/devkitpro/portlibs/ppc/lib/libfreetype.a(ftinit.o) (pcf_driver_class)
/opt/devkitpro/portlibs/ppc/lib/libfreetype.a(pfr.o)
                              /opt/devkitpro/portlibs/ppc/lib/libfreetype.a(ftinit.o) (pfr_driver_class)
/opt/devkitpro/portlibs/ppc/lib/libfreetype.a(psaux.o)
                              /opt/devkitpro/portlibs/ppc/lib/libfreetype.a(ftinit.o) (psaux_module_class)
/opt/devkitpro/portlibs/ppc/lib/libfreetype.a(pshinter.o)
                              /opt/devkitpro/portlibs/ppc/lib/libfreetype.a(ftinit.o) (pshinter_module_class)
/opt/devkitpro/portlibs/ppc/lib/libfreetype.a(psnames.o)
                              /opt/devkitpro/portlibs/ppc/lib/libfreetype.a(ftinit.o) (psnames_module_class)
/opt/devkitpro/portlibs/ppc/lib/libfreetype.a(raster.o)
                              /opt/devkitpro/portlibs/ppc/lib/libfreetype.a(ftinit.o) (ft_raster1_renderer_class)
/opt/devkitpro/portlibs/ppc/lib/libfreetype.a(sdf.o)
                              /opt/devkitpro/portlibs/ppc/lib/libfreetype.a(ftinit.o) (ft_bitmap_sdf_renderer_class)
/opt/devkitpro/portlibs/ppc/lib/libfreetype.a(sfnt.o)
                              /opt/devkitpro/portlibs/ppc/lib/libfreetype.a(ftinit.o) (sfnt_module_class)
/opt/devkitpro/portlibs/ppc/lib/libfreetype.a(smooth.o)
                              /opt/devkitpro/portlibs/ppc/lib/libfreetype.a(ftinit.o) (ft_smooth_renderer_class)
/opt/devkitpro/portlibs/ppc/lib/libfreetype.a(svg.o)
                              /opt/devkitpro/portlibs/ppc/lib/libfreetype.a(ftinit.o) (ft_svg_renderer_class)
/opt/devkitpro/portlibs/ppc/lib/libfreetype.a(truetype.o)
                              /opt/devkitpro/portlibs/ppc/lib/libfreetype.a(ftinit.o) (tt_driver_class)
/opt/devkitpro/portlibs/ppc/lib/libfreetype.a(type1.o)
                              /opt/devkitpro/portlibs/ppc/lib/libfreetype.a(ftinit.o) (t1_driver_class)
/opt/devkitpro/portlibs/ppc/lib/libfreetype.a(type42.o)
                              /opt/devkitpro/portlibs/ppc/lib/libfreetype.a(ftinit.o) (t42_driver_class)
/opt/devkitpro/portlibs/ppc/lib/libfreetype.a(winfnt.o)
                              /opt/devkitpro/portlibs/ppc/lib/libfreetype.a(ftinit.o) (winfnt_driver_class)
/opt/devkitpro/portlibs/ppc/lib/libfreetype.a(ftsystem.o)
                              /opt/devkitpro/portlibs/ppc/lib/libfreetype.a(ftbase.o) (FT_Stream_Open)
/opt/devkitpro/portlibs/ppc/lib/libfreetype.a(ftdebug.o)
                              /opt/devkitpro/portlibs/ppc/lib/libfreetype.a(smooth.o) (FT_Trace_Disable)
/opt/devkitpro/portlibs/ppc/lib/libfreetype.a(autofit.o)
                              /opt/devkitpro/portlibs/ppc/lib/libfreetype.a(ftinit.o) (autofit_module_class)
/opt/devkitpro/portlibs/ppc/lib/libfreetype.a(ftbitmap.o)
                              /opt/devkitpro/portlibs/ppc/lib/libfreetype.a(sdf.o) (FT_Bitmap_Init)
/opt/devkitpro/portlibs/ppc/lib/libfreetype.a(ftmm.o)
                              /opt/devkitpro/portlibs/ppc/lib/libfreetype.a(cff.o) (FT_Set_Named_Instance)
/opt/devkitpro/portlibs/ppc/lib/libfreetype.a(ftgzip.o)
                              /opt/devkitpro/portlibs/ppc/lib/libfreetype.a(pcf.o) (FT_Stream_OpenGzip)
/opt/devkitpro/portlibs/ppc/lib/libfreetype.a(ftlzw.o)
                              /opt/devkitpro/portlibs/ppc/lib/libfreetype.a(pcf.o) (FT_Stream_OpenLZW)
/opt/devkitpro/devkitPPC/bin/../lib/gcc/powerpc-eabi/15.1.0/../../../../powerpc-eabi/lib/libm.a(libm_a-w_sincos.o)
                              /opt/devkitpro/portlibs/wii/lib/libgrrlib.a(GRRLIB_render.o) (sincos)
/opt/devkitpro/devkitPPC/bin/../lib/gcc/powerpc-eabi/15.1.0/../../../../powerpc-eabi/lib/libm.a(libm_a-s_sin.o)
[...]
Memory Configuration

Name             Origin             Length             Attributes
*default*        0x00000000         0xffffffff

Linker script and memory map

                0x00003400                        . = 0x3400

.stub
 *(.stub)
                0x80004000                        . = 0x80004000

.init           0x80004000      0x194
 *crt0.o(*.init)
 .init          0x80004000      0x170 /opt/devkitpro/libogc/lib/wii/libogc.a(ogc_crt0.o)
                0x80004000                _start
                0x80004140                _memset
 *(.init)
 .init          0x80004170        0xc /opt/devkitpro/devkitPPC/bin/../lib/gcc/powerpc-eabi/15.1.0/ecrti.o
                0x80004170                __init
 .init          0x8000417c        0x4 /opt/devkitpro/devkitPPC/bin/../lib/gcc/powerpc-eabi/15.1.0/crtbegin.o
 .init          0x80004180        0x4 /opt/devkitpro/devkitPPC/bin/../lib/gcc/powerpc-eabi/15.1.0/crtend.o
 .init          0x80004184       0x10 /opt/devkitpro/devkitPPC/bin/../lib/gcc/powerpc-eabi/15.1.0/ecrtn.o

.rela.dyn       0x80004194        0x0
 .rela.iplt     0x80004194        0x0 /opt/devkitpro/devkitPPC/bin/../lib/gcc/powerpc-eabi/15.1.0/crtbegin.o

.plt
 *(.plt)

.interp
 *(.interp)

.hash
 *(.hash)

.dynsym
 *(.dynsym)

.dynstr
 *(.dynstr)

.gnu.version
 *(.gnu.version)

.gnu.version_d
 *(.gnu.version_d)

.gnu.version_r
 *(.gnu.version_r)

.rel.init
 *(.rel.init)

.rela.init
 *(.rela.init)

.rel.text
 *(.rel.text .rel.text.* .rel.gnu.linkonce.t.*)

.rela.text      0x80004194        0x0
 *(.rela.text .rela.text.* .rela.gnu.linkonce.t.*)
 .rela.text.__do_global_dtors_aux
                0x80004194        0x0 /opt/devkitpro/devkitPPC/bin/../lib/gcc/powerpc-eabi/15.1.0/crtbegin.o
 .rela.text.frame_dummy
                0x80004194        0x0 /opt/devkitpro/devkitPPC/bin/../lib/gcc/powerpc-eabi/15.1.0/crtbegin.o
 .rela.text.unlikely.abort
                0x80004194        0x0 /opt/devkitpro/devkitPPC/bin/../lib/gcc/powerpc-eabi/15.1.0/crtbegin.o
 .rela.text.__assert_func
                0x80004194        0x0 /opt/devkitpro/devkitPPC/bin/../lib/gcc/powerpc-eabi/15.1.0/crtbegin.o

.rel.fini
 *(.rel.fini)

.rela.fini
 *(.rela.fini)

.rel.rodata
 *(.rel.rodata .rel.rodata.* .rel.gnu.linkonce.r.*)

.rela.rodata
 *(.rela.rodata .rela.rodata.* .rela.gnu.linkonce.r.*)

.rel.data
 *(.rel.data .rel.data.* .rel.gnu.linkonce.d.*)

.rela.data
 *(.rela.data .rela.data.* .rela.gnu.linkonce.d.*)

.rel.tdata
 *(.rel.tdata .rel.tdata.* .rel.gnu.linkonce.td.*)

.rela.tdata
 *(.rela.tdata .rela.tdata.* .rela.gnu.linkonce.td.*)

.rel.tbss
 *(.rel.tbss .rel.tbss.* .rel.gnu.linkonce.tb.*)

.rela.tbss
 *(.rela.tbss .rela.tbss.* .rela.gnu.linkonce.tb.*)

.rel.ctors
 *(.rel.ctors)

.rela.ctors
 *(.rela.ctors)

.rel.dtors
 *(.rel.dtors)

.rela.dtors
 *(.rela.dtors)

.rel.got
 *(.rel.got)

.rela.got
 *(.rela.got)

.rela.got1
 *(.rela.got1)

.rela.got2
 *(.rela.got2)

.rel.sdata
 *(.rel.sdata .rel.sdata.* .rel.gnu.linkonce.s.*)

.rela.sdata
 *(.rela.sdata .rela.sdata.* .rela.gnu.linkonce.s.*)

.rel.sbss
 *(.rel.sbss .rel.sbss.* .rel.gnu.linkonce.sb.*)

.rela.sbss
 *(.rela.sbss .rela.sbss.* .rel.gnu.linkonce.sb.*)

.rel.sdata2
 *(.rel.sdata2 .rel.sdata2.* .rel.gnu.linkonce.s2.*)

.rela.sdata2
 *(.rela.sdata2 .rela.sdata2.* .rela.gnu.linkonce.s2.*)

.rel.sbss2
 *(.rel.sbss2 .rel.sbss2.* .rel.gnu.linkonce.sb2.*)

.rela.sbss2
 *(.rela.sbss2 .rela.sbss2.* .rela.gnu.linkonce.sb2.*)

.rel.bss
 *(.rel.bss .rel.bss.* .rel.gnu.linkonce.b.*)

.rela.bss
 *(.rela.bss .rela.bss.* .rela.gnu.linkonce.b.*)

.rel.plt
 *(.rel.plt)

.rela.plt
 *(.rela.plt)

.text           0x800041a0    0xd4740
 *(.text)
 .text          0x800041a0      0x44c /opt/devkitpro/libogc/lib/wii/libogc.a(lwp_handler.o)
                0x800041a0                _cpu_context_save_fp
                0x800042e0                _cpu_context_restore_fp
                0x80004420                _cpu_context_switch
                0x80004500                _cpu_context_save
                0x80004580                _cpu_context_restore
 .text          0x800045ec      0x4f4 /opt/devkitpro/libogc/lib/wii/libogc.a(cache_asm.o)
                0x800045ec                DCFlashInvalidate
                0x80004600                DCEnable
                0x80004614                DCDisable
                0x80004628                DCFreeze
                0x8000463c                DCUnfreeze
                0x80004650                DCTouchLoad
                0x80004658                DCBlockZero
                0x80004660                DCBlockStore
                0x80004668                DCBlockFlush
                0x80004670                DCBlockInvalidate
                0x80004678                DCInvalidateRange
                0x800046a8                DCFlushRange
                0x800046dc                DCStoreRange
                0x80004710                DCFlushRangeNoSync
                0x80004740                DCStoreRangeNoSync
                0x80004770                DCZeroRange
                0x800047a0                DCTouchRange
                0x800047d0                ICInvalidateRange
                0x80004808                ICFlashInvalidate
                0x8000481c                ICEnable
                0x80004830                ICDisable
                0x80004844                ICFreeze
                0x80004858                ICUnfreeze
                0x8000486c                ICBlockInvalidate
                0x80004874                ICSync
                0x8000487c                L2Init
                0x800048c4                L2Enable
                0x800048e0                L2Disable
                0x800048f8                L2GlobalInvalidate
                0x80004950                __LCEnable
                0x80004a1c                LCDisable
                0x80004a44                LCAllocOneTag
                0x80004a58                LCAllocTags
                0x80004a98                LCLoadBlocks
                0x80004abc                LCStoreBlocks
 .text          0x80004ae0      0x46c /opt/devkitpro/libogc/lib/wii/libogc.a(system_asm.o)
                0x80004ae0                __realmode
                0x80004af8                __configBATS
                0x80004c28                __InitFPRS
                0x80004d54                __InitPS
                0x80004db0                __InitCache
                0x80004e08                __InitSystem
                0x80004e90                __reset
                0x80004f00                __InitBATS
                0x80004f1c                SYS_SwitchFiber
 .text          0x80004f4c      0x8dc /opt/devkitpro/libogc/lib/wii/libogc.a(gu_psasm.o)
                0x80004f4c                ps_guMtxConcat
                0x80005010                ps_guMtxIdentity
                0x8000503c                ps_guMtxCopy
                0x80005070                ps_guMtxTranspose
                0x800050c0                ps_guMtxInverse
                0x800051b8                ps_guMtxInvXpose
                0x80005280                ps_guMtxScale
                0x800052a8                ps_guMtxScaleApply
                0x80005300                ps_guMtxApplyScale
                0x80005364                ps_guMtxTrans
                0x80005398                ps_guMtxTransApply
                0x800053e4                ps_guMtxApplyTrans
                0x80005460                ps_guMtxRotTrig
                0x80005510                __ps_guMtxRotAxisRadInternal
                0x800055d0                ps_guMtxReflect
                0x80005640                ps_guVecAdd
                0x80005664                ps_guVecSub
                0x80005688                ps_guVecScale
                0x800056a4                ps_guVecNormalize
                0x800056e8                ps_guVecCross
                0x80005724                ps_guVecDotProduct
                0x80005744                ps_guVecMultiply
                0x80005798                ps_guVecMultiplySR
                0x80005808                ps_guQuatDotProduct
 .text          0x80005828      0x1ac /opt/devkitpro/libogc/lib/wii/libogc.a(irq_handler.o)
                0x80005828                irq_exceptionhandler
 .text          0x800059d4      0x1ac /opt/devkitpro/libogc/lib/wii/libogc.a(decrementer_handler.o)
                0x800059d4                dec_exceptionhandler
 .text          0x80005b80      0x35c /opt/devkitpro/libogc/lib/wii/libogc.a(exception_handler.o)
                0x80005b80                exceptionhandler_start
                0x80005bfc                exceptionhandler_patch
                0x80005c30                exceptionhandler_end
                0x80005c34                default_exceptionhandler
                0x80005d64                fpu_exceptionhandler
                0x80005eac                systemcallhandler_start
                0x80005ed8                systemcallhandler_end
 .text          0x80005edc       0x48 /opt/devkitpro/devkitPPC/bin/../lib/gcc/powerpc-eabi/15.1.0/libgcc.a(eabi.o)
                0x80005edc                __eabi
 .text          0x80005f24      0x180 /opt/devkitpro/devkitPPC/bin/../lib/gcc/powerpc-eabi/15.1.0/../../../../powerpc-eabi/lib/libc.a(libc_a-setjmp.o)
                0x80005f24                setjmp
                0x80005fe0                longjmp
 .text          0x800060a4       0x58 /opt/devkitpro/devkitPPC/bin/../lib/gcc/powerpc-eabi/15.1.0/libgcc.a(crtresxgpr.o)
                0x800060a4                _restgpr_14_x
                0x800060a8                _restgpr_15_x
                0x800060ac                _restgpr_16_x
                0x800060b0                _restgpr_17_x
                0x800060b4                _restgpr_18_x
                0x800060b8                _restgpr_19_x
                0x800060bc                _restgpr_20_x
                0x800060c0                _restgpr_21_x
                0x800060c4                _restgpr_22_x
                0x800060c8                _restgpr_23_x
                0x800060cc                _restgpr_24_x
                0x800060d0                _restgpr_25_x
                0x800060d4                _restgpr_26_x
                0x800060d8                _restgpr_27_x
                0x800060dc                _restgpr_28_x
                0x800060e0                _restgpr_29_x
                0x800060e4                _restgpr_30_x
                0x800060e8                _restgpr_31_x
 *(.text.*)
 .text.__do_global_dtors_aux
                0x800060fc       0xcc /opt/devkitpro/devkitPPC/bin/../lib/gcc/powerpc-eabi/15.1.0/crtbegin.o
 .text.frame_dummy
                0x800061c8       0x24 /opt/devkitpro/devkitPPC/bin/../lib/gcc/powerpc-eabi/15.1.0/crtbegin.o
 .text.__crtmain
                0x800061ec       0x40 /opt/devkitpro/devkitPPC/bin/../lib/gcc/powerpc-eabi/15.1.0/../../../../powerpc-eabi/lib/crtmain.o
                0x800061f0                __crtmain
 .text.startup.main
                0x8000622c      0x184 main.o
                0x8000622c                main
 .text.GRRLIB_FillScreen
                0x800063b0      0x10c /opt/devkitpro/portlibs/wii/lib/libgrrlib.a(GRRLIB_core.o)
                0x800063b0                GRRLIB_FillScreen
 .text.GRRLIB_Exit
                0x800064bc       0xf8 /opt/devkitpro/portlibs/wii/lib/libgrrlib.a(GRRLIB_core.o)
                0x800064bc                GRRLIB_Exit
 .text.GRRLIB_Init
                0x800065b4      0x578 /opt/devkitpro/portlibs/wii/lib/libgrrlib.a(GRRLIB_core.o)
                0x800065b4                GRRLIB_Init
 .text.GRRLIB_Render
                0x80006b2c       0xbc /opt/devkitpro/portlibs/wii/lib/libgrrlib.a(GRRLIB_render.o)
                0x80006b2c                GRRLIB_Render
 .text.GRRLIB_InitTTF
                0x80006be8       0x30 /opt/devkitpro/portlibs/wii/lib/libgrrlib.a(GRRLIB_ttf.o)
                0x80006be8                GRRLIB_InitTTF
 .text.GRRLIB_ExitTTF
                0x80006c18        0xc /opt/devkitpro/portlibs/wii/lib/libgrrlib.a(GRRLIB_ttf.o)
                0x80006c18                GRRLIB_ExitTTF
 .text.FT_GlyphLoader_Adjust_Points
                0x80006c24       0x80 /opt/devkitpro/portlibs/ppc/lib/libfreetype.a(ftbase.o)
 .text.hash_str_lookup
                0x80006ca4       0x48 /opt/devkitpro/portlibs/ppc/lib/libfreetype.a(ftbase.o)
 .text.hash_num_lookup
                0x80006cec       0x3c /opt/devkitpro/portlibs/ppc/lib/libfreetype.a(ftbase.o)
 .text.hash_num_compare
                0x80006d28       0x18 /opt/devkitpro/portlibs/ppc/lib/libfreetype.a(ftbase.o)
 .text.hash_bucket
                0x80006d40       0xc0 /opt/devkitpro/portlibs/ppc/lib/libfreetype.a(ftbase.o)
 .text.destroy_size
                0x80006e00       0xa8 /opt/devkitpro/portlibs/ppc/lib/libfreetype.a(ftbase.o)
 .text.find_unicode_charmap
                0x80006ea8      0x124 /opt/devkitpro/portlibs/ppc/lib/libfreetype.a(ftbase.o)
 .text.memory_stream_close
                0x80006fcc       0x68 /opt/devkitpro/portlibs/ppc/lib/libfreetype.a(ftbase.o)
 .text.ft_raccess_sort_ref_by_id
                0x80007034       0x10 /opt/devkitpro/portlibs/ppc/lib/libfreetype.a(ftbase.o)
 .text.ft_trig_pseudo_polarize
                0x80007044      0x108 /opt/devkitpro/portlibs/ppc/lib/libfreetype.a(ftbase.o)
 .text.hash_str_compare
                0x8000714c       0x50 /opt/devkitpro/portlibs/ppc/lib/libfreetype.a(ftbase.o)
 .text.ft_property_do
                0x8000719c      0x1d4 /opt/devkitpro/portlibs/ppc/lib/libfreetype.a(ftbase.o)
 .text.ft_recompute_scaled_metrics.isra.0
                0x80007370       0xfc /opt/devkitpro/portlibs/ppc/lib/libfreetype.a(ftbase.o)
 .text.destroy_charmaps.part.0
                0x8000746c       0xf0 /opt/devkitpro/portlibs/ppc/lib/libfreetype.a(ftbase.o)
 .text.raccess_guess_darwin_hfsplus
                0x8000755c       0xdc /opt/devkitpro/portlibs/ppc/lib/libfreetype.a(ftbase.o)
 .text.raccess_guess_darwin_newvfs
                0x80007638       0xf4 /opt/devkitpro/portlibs/ppc/lib/libfreetype.a(ftbase.o)
 .text.raccess_make_file_name
                0x8000772c      0x110 /opt/devkitpro/portlibs/ppc/lib/libfreetype.a(ftbase.o)
 .text.raccess_guess_linux_cap
                0x8000783c       0x7c /opt/devkitpro/portlibs/ppc/lib/libfreetype.a(ftbase.o)
 .text.raccess_guess_vfat
                0x800078b8       0x7c /opt/devkitpro/portlibs/ppc/lib/libfreetype.a(ftbase.o)
 .text.hash_insert
                0x80007934      0x1d4 /opt/devkitpro/portlibs/ppc/lib/libfreetype.a(ftbase.o)
 .text.FT_RoundFix
                0x80007b08       0x18 /opt/devkitpro/portlibs/ppc/lib/libfreetype.a(ftbase.o)
                0x80007b08                FT_RoundFix
 .text.FT_MulDiv
                0x80007b20      0x260 /opt/devkitpro/portlibs/ppc/lib/libfreetype.a(ftbase.o)
                0x80007b20                FT_MulDiv
 .text.FT_MulDiv_No_Round
                0x80007d80      0x1cc /opt/devkitpro/portlibs/ppc/lib/libfreetype.a(ftbase.o)
                0x80007d80                FT_MulDiv_No_Round
 .text.FT_MulFix
                0x80007f4c       0x38 /opt/devkitpro/portlibs/ppc/lib/libfreetype.a(ftbase.o)
                0x80007f4c                FT_MulFix
 .text.FT_DivFix
                0x80007f84      0x13c /opt/devkitpro/portlibs/ppc/lib/libfreetype.a(ftbase.o)
                0x80007f84                FT_DivFix
 .text.FT_Matrix_Multiply
                0x800080c0      0x228 /opt/devkitpro/portlibs/ppc/lib/libfreetype.a(ftbase.o)
                0x800080c0                FT_Matrix_Multiply
 .text.FT_Matrix_Invert
                0x800082e8      0x5e8 /opt/devkitpro/portlibs/ppc/lib/libfreetype.a(ftbase.o)
                0x800082e8                FT_Matrix_Invert
 .text.FT_Matrix_Multiply_Scaled
                0x800088d0      0x1a8 /opt/devkitpro/portlibs/ppc/lib/libfreetype.a(ftbase.o)
                0x800088d0                FT_Matrix_Multiply_Scaled
 .text.FT_Matrix_Check
                0x80008a78       0xd8 /opt/devkitpro/portlibs/ppc/lib/libfreetype.a(ftbase.o)
                0x80008a78                FT_Matrix_Check
 .text.FT_Vector_Transform_Scaled
                0x80008b50       0xe8 /opt/devkitpro/portlibs/ppc/lib/libfreetype.a(ftbase.o)
                0x80008b50                FT_Vector_Transform_Scaled
 .text.FT_Vector_NormLen
                0x80008c38      0x27c /opt/devkitpro/portlibs/ppc/lib/libfreetype.a(ftbase.o)
                0x80008c38                FT_Vector_NormLen
 .text.FT_SqrtFixed
                0x80008eb4       0x94 /opt/devkitpro/portlibs/ppc/lib/libfreetype.a(ftbase.o)
                0x80008eb4                FT_SqrtFixed
 .text.ft_corner_orientation
                0x80008f48       0x34 /opt/devkitpro/portlibs/ppc/lib/libfreetype.a(ftbase.o)
                0x80008f48                ft_corner_orientation
 .text.ft_corner_is_flat
                0x80008f7c      0x138 /opt/devkitpro/portlibs/ppc/lib/libfreetype.a(ftbase.o)
                0x80008f7c                ft_corner_is_flat
 .text.FT_MulAddFix
                0x800090b4       0x60 /opt/devkitpro/portlibs/ppc/lib/libfreetype.a(ftbase.o)
                0x800090b4                FT_MulAddFix
 .text.FT_GlyphLoader_Rewind
                0x80009114       0x40 /opt/devkitpro/portlibs/ppc/lib/libfreetype.a(ftbase.o)
                0x80009114                FT_GlyphLoader_Rewind
 .text.FT_GlyphLoader_Reset
                0x80009154      0x114 /opt/devkitpro/portlibs/ppc/lib/libfreetype.a(ftbase.o)
                0x80009154                FT_GlyphLoader_Reset
 .text.FT_GlyphLoader_Done
                0x80009268       0x4c /opt/devkitpro/portlibs/ppc/lib/libfreetype.a(ftbase.o)
                0x80009268                FT_GlyphLoader_Done
 .text.FT_GlyphLoader_CreateExtra
                0x800092b4      0x10c /opt/devkitpro/portlibs/ppc/lib/libfreetype.a(ftbase.o)
                0x800092b4                FT_GlyphLoader_CreateExtra
 .text.FT_GlyphLoader_Prepare
                0x800093c0       0xa8 /opt/devkitpro/portlibs/ppc/lib/libfreetype.a(ftbase.o)
                0x800093c0                FT_GlyphLoader_Prepare
 .text.FT_GlyphLoader_Add
                0x80009468       0xcc /opt/devkitpro/portlibs/ppc/lib/libfreetype.a(ftbase.o)
                0x80009468                FT_GlyphLoader_Add
 .text.ft_hash_str_init
                0x80009534       0xb0 /opt/devkitpro/portlibs/ppc/lib/libfreetype.a(ftbase.o)
                0x80009534                ft_hash_str_init
 .text.ft_hash_num_init
                0x800095e4       0xb0 /opt/devkitpro/portlibs/ppc/lib/libfreetype.a(ftbase.o)
                0x800095e4                ft_hash_num_init
 .text.ft_hash_str_free
                0x80009694       0xb4 /opt/devkitpro/portlibs/ppc/lib/libfreetype.a(ftbase.o)
                0x80009694                ft_hash_str_free
 .text.ft_hash_str_insert
                0x80009748       0x2c /opt/devkitpro/portlibs/ppc/lib/libfreetype.a(ftbase.o)
                0x80009748                ft_hash_str_insert
 .text.ft_hash_num_insert
                0x80009774       0x2c /opt/devkitpro/portlibs/ppc/lib/libfreetype.a(ftbase.o)
                0x80009774                ft_hash_num_insert
 .text.ft_hash_str_lookup
                0x800097a0       0x3c /opt/devkitpro/portlibs/ppc/lib/libfreetype.a(ftbase.o)
                0x800097a0                ft_hash_str_lookup
 .text.ft_hash_num_lookup
                0x800097dc       0x3c /opt/devkitpro/portlibs/ppc/lib/libfreetype.a(ftbase.o)
                0x800097dc                ft_hash_num_lookup
 .text.ft_lcd_padding
                0x80009818      0x294 /opt/devkitpro/portlibs/ppc/lib/libfreetype.a(ftbase.o)
                0x80009818                ft_lcd_padding
 .text.ft_service_list_lookup
                0x80009aac       0xb4 /opt/devkitpro/portlibs/ppc/lib/libfreetype.a(ftbase.o)
                0x80009aac                ft_service_list_lookup
 .text.ft_validator_init
                0x80009b60       0x18 /opt/devkitpro/portlibs/ppc/lib/libfreetype.a(ftbase.o)
                0x80009b60                ft_validator_init
 .text.ft_validator_error
                0x80009b78       0x18 /opt/devkitpro/portlibs/ppc/lib/libfreetype.a(ftbase.o)
                0x80009b78                ft_validator_error
 .text.FT_Stream_New
                0x80009b90      0x208 /opt/devkitpro/portlibs/ppc/lib/libfreetype.a(ftbase.o)
                0x80009b90                FT_Stream_New
 .text.FT_Stream_Free
                0x80009d98       0x98 /opt/devkitpro/portlibs/ppc/lib/libfreetype.a(ftbase.o)
                0x80009d98                FT_Stream_Free
 .text.ft_glyphslot_free_bitmap
                0x80009e30       0x98 /opt/devkitpro/portlibs/ppc/lib/libfreetype.a(ftbase.o)
                0x80009e30                ft_glyphslot_free_bitmap
 .text.ft_glyphslot_done
                0x80009ec8      0x194 /opt/devkitpro/portlibs/ppc/lib/libfreetype.a(ftbase.o)
 .text.ft_glyphslot_preset_bitmap
                0x8000a05c      0x4b4 /opt/devkitpro/portlibs/ppc/lib/libfreetype.a(ftbase.o)
                0x8000a05c                ft_glyphslot_preset_bitmap
 .text.ft_glyphslot_set_bitmap
                0x8000a510       0x90 /opt/devkitpro/portlibs/ppc/lib/libfreetype.a(ftbase.o)
                0x8000a510                ft_glyphslot_set_bitmap
 .text.FT_Done_GlyphSlot
                0x8000a5a0       0xb8 /opt/devkitpro/portlibs/ppc/lib/libfreetype.a(ftbase.o)
                0x8000a5a0                FT_Done_GlyphSlot
 .text.destroy_face
                0x8000a658      0x1a8 /opt/devkitpro/portlibs/ppc/lib/libfreetype.a(ftbase.o)
 .text.FT_Done_Face
                0x8000a800       0xe4 /opt/devkitpro/portlibs/ppc/lib/libfreetype.a(ftbase.o)
                0x8000a800                FT_Done_Face
 .text.FT_Done_Size
                0x8000a8e4      0x12c /opt/devkitpro/portlibs/ppc/lib/libfreetype.a(ftbase.o)
                0x8000a8e4                FT_Done_Size
 .text.FT_Match_Size
                0x8000aa10      0x168 /opt/devkitpro/portlibs/ppc/lib/libfreetype.a(ftbase.o)
                0x8000aa10                FT_Match_Size
 .text.ft_synthesize_vertical_metrics
                0x8000ab78       0x7c /opt/devkitpro/portlibs/ppc/lib/libfreetype.a(ftbase.o)
                0x8000ab78                ft_synthesize_vertical_metrics
 .text.FT_Select_Metrics
                0x8000abf4      0x22c /opt/devkitpro/portlibs/ppc/lib/libfreetype.a(ftbase.o)
                0x8000abf4                FT_Select_Metrics
 .text.FT_Request_Metrics
                0x8000ae20      0x694 /opt/devkitpro/portlibs/ppc/lib/libfreetype.a(ftbase.o)
                0x8000ae20                FT_Request_Metrics
 .text.FT_Select_Size
                0x8000b4b4       0x7c /opt/devkitpro/portlibs/ppc/lib/libfreetype.a(ftbase.o)
                0x8000b4b4                FT_Select_Size
 .text.FT_Request_Size
                0x8000b530       0xe8 /opt/devkitpro/portlibs/ppc/lib/libfreetype.a(ftbase.o)
                0x8000b530                FT_Request_Size
 .text.FT_Select_Charmap
                0x8000b618       0xf8 /opt/devkitpro/portlibs/ppc/lib/libfreetype.a(ftbase.o)
                0x8000b618                FT_Select_Charmap
 .text.FT_Get_Char_Index
                0x8000b710       0x60 /opt/devkitpro/portlibs/ppc/lib/libfreetype.a(ftbase.o)
                0x8000b710                FT_Get_Char_Index
 .text.FT_Get_Next_Char
                0x8000b770       0xcc /opt/devkitpro/portlibs/ppc/lib/libfreetype.a(ftbase.o)
                0x8000b770                FT_Get_Next_Char
 .text.FT_Get_Glyph_Name
                0x8000b83c      0x130 /opt/devkitpro/portlibs/ppc/lib/libfreetype.a(ftbase.o)
                0x8000b83c                FT_Get_Glyph_Name
 .text.FT_Activate_Size
                0x8000b96c       0x3c /opt/devkitpro/portlibs/ppc/lib/libfreetype.a(ftbase.o)
                0x8000b96c                FT_Activate_Size
 .text.FT_Get_Module
                0x8000b9a8       0xd4 /opt/devkitpro/portlibs/ppc/lib/libfreetype.a(ftbase.o)
                0x8000b9a8                FT_Get_Module
 .text.FT_Get_Module_Interface
                0x8000ba7c       0x30 /opt/devkitpro/portlibs/ppc/lib/libfreetype.a(ftbase.o)
                0x8000ba7c                FT_Get_Module_Interface
 .text.ft_module_get_service
                0x8000baac      0x144 /opt/devkitpro/portlibs/ppc/lib/libfreetype.a(ftbase.o)
                0x8000baac                ft_module_get_service
 .text.FT_Remove_Module
                0x8000bbf0      0x354 /opt/devkitpro/portlibs/ppc/lib/libfreetype.a(ftbase.o)
                0x8000bbf0                FT_Remove_Module
 .text.ft_property_string_set
                0x8000bf44        0xc /opt/devkitpro/portlibs/ppc/lib/libfreetype.a(ftbase.o)
                0x8000bf44                ft_property_string_set
 .text.FT_New_Library
                0x8000bf50       0xdc /opt/devkitpro/portlibs/ppc/lib/libfreetype.a(ftbase.o)
                0x8000bf50                FT_New_Library
 .text.FT_Done_Library
                0x8000c02c      0x1b8 /opt/devkitpro/portlibs/ppc/lib/libfreetype.a(ftbase.o)
                0x8000c02c                FT_Done_Library
 .text.FT_Outline_Decompose
                0x8000c1e4      0x49c /opt/devkitpro/portlibs/ppc/lib/libfreetype.a(ftbase.o)
                0x8000c1e4                FT_Outline_Decompose
 .text.FT_Outline_Check
                0x8000c680       0xd8 /opt/devkitpro/portlibs/ppc/lib/libfreetype.a(ftbase.o)
                0x8000c680                FT_Outline_Check
 .text.FT_Outline_Get_CBox
                0x8000c758       0xf8 /opt/devkitpro/portlibs/ppc/lib/libfreetype.a(ftbase.o)
                0x8000c758                FT_Outline_Get_CBox
 .text.FT_Outline_Translate
                0x8000c850       0x94 /opt/devkitpro/portlibs/ppc/lib/libfreetype.a(ftbase.o)
                0x8000c850                FT_Outline_Translate
 .text.FT_Vector_Transform
                0x8000c8e4       0xf4 /opt/devkitpro/portlibs/ppc/lib/libfreetype.a(ftbase.o)
                0x8000c8e4                FT_Vector_Transform
 .text.FT_Outline_Transform
                0x8000c9d8      0x160 /opt/devkitpro/portlibs/ppc/lib/libfreetype.a(ftbase.o)
                0x8000c9d8                FT_Outline_Transform
 .text.FT_Outline_Get_Orientation
                0x8000cb38      0x234 /opt/devkitpro/portlibs/ppc/lib/libfreetype.a(ftbase.o)
                0x8000cb38                FT_Outline_Get_Orientation
 .text.FT_Outline_EmboldenXY
                0x8000cd6c      0x63c /opt/devkitpro/portlibs/ppc/lib/libfreetype.a(ftbase.o)
                0x8000cd6c                FT_Outline_EmboldenXY
 .text.ps_property_set
                0x8000d3a8      0x2cc /opt/devkitpro/portlibs/ppc/lib/libfreetype.a(ftbase.o)
                0x8000d3a8                ps_property_set
 .text.ps_property_get
                0x8000d674       0xe8 /opt/devkitpro/portlibs/ppc/lib/libfreetype.a(ftbase.o)
                0x8000d674                ps_property_get
 .text.FT_Raccess_Guess
                0x8000d75c      0x180 /opt/devkitpro/portlibs/ppc/lib/libfreetype.a(ftbase.o)
                0x8000d75c                FT_Raccess_Guess
 .text.FT_Stream_OpenMemory
                0x8000d8dc       0x20 /opt/devkitpro/portlibs/ppc/lib/libfreetype.a(ftbase.o)
                0x8000d8dc                FT_Stream_OpenMemory
 .text.FT_Stream_Close
                0x8000d8fc       0x1c /opt/devkitpro/portlibs/ppc/lib/libfreetype.a(ftbase.o)
                0x8000d8fc                FT_Stream_Close
 .text.FT_Stream_Seek
                0x8000d918       0x80 /opt/devkitpro/portlibs/ppc/lib/libfreetype.a(ftbase.o)
                0x8000d918                FT_Stream_Seek
 .text.FT_Stream_Skip
                0x8000d998       0x9c /opt/devkitpro/portlibs/ppc/lib/libfreetype.a(ftbase.o)
                0x8000d998                FT_Stream_Skip
 .text.FT_Stream_Pos
                0x8000da34        0x8 /opt/devkitpro/portlibs/ppc/lib/libfreetype.a(ftbase.o)
                0x8000da34                FT_Stream_Pos
 .text.FT_Stream_Read
                0x8000da3c       0xe8 /opt/devkitpro/portlibs/ppc/lib/libfreetype.a(ftbase.o)
                0x8000da3c                FT_Stream_Read
 .text.FT_Stream_ReadAt
                0x8000db24      0x100 /opt/devkitpro/portlibs/ppc/lib/libfreetype.a(ftbase.o)
                0x8000db24                FT_Stream_ReadAt
 .text.FT_Stream_TryRead
                0x8000dc24       0xd4 /opt/devkitpro/portlibs/ppc/lib/libfreetype.a(ftbase.o)
                0x8000dc24                FT_Stream_TryRead
 .text.FT_Stream_ReleaseFrame
                0x8000dcf8       0x6c /opt/devkitpro/portlibs/ppc/lib/libfreetype.a(ftbase.o)
                0x8000dcf8                FT_Stream_ReleaseFrame
 .text.FT_Stream_EnterFrame
                0x8000dd64      0x1d4 /opt/devkitpro/portlibs/ppc/lib/libfreetype.a(ftbase.o)
                0x8000dd64                FT_Stream_EnterFrame
 .text.FT_Stream_ExtractFrame
                0x8000df38       0x50 /opt/devkitpro/portlibs/ppc/lib/libfreetype.a(ftbase.o)
                0x8000df38                FT_Stream_ExtractFrame
 .text.FT_Stream_ExitFrame
                0x8000df88       0x7c /opt/devkitpro/portlibs/ppc/lib/libfreetype.a(ftbase.o)
                0x8000df88                FT_Stream_ExitFrame
 .text.FT_Stream_GetByte
                0x8000e004       0x30 /opt/devkitpro/portlibs/ppc/lib/libfreetype.a(ftbase.o)
                0x8000e004                FT_Stream_GetByte
 .text.FT_Stream_GetUShort
                0x8000e034       0x38 /opt/devkitpro/portlibs/ppc/lib/libfreetype.a(ftbase.o)
                0x8000e034                FT_Stream_GetUShort
 .text.FT_Stream_GetUShortLE
                0x8000e06c       0x38 /opt/devkitpro/portlibs/ppc/lib/libfreetype.a(ftbase.o)
                0x8000e06c                FT_Stream_GetUShortLE
 .text.FT_Stream_GetULong
                0x8000e0a4       0x2c /opt/devkitpro/portlibs/ppc/lib/libfreetype.a(ftbase.o)
                0x8000e0a4                FT_Stream_GetULong
 .text.FT_Stream_GetULongLE
                0x8000e0d0       0x2c /opt/devkitpro/portlibs/ppc/lib/libfreetype.a(ftbase.o)
                0x8000e0d0                FT_Stream_GetULongLE
 .text.FT_Stream_ReadByte
                0x8000e0fc       0xc4 /opt/devkitpro/portlibs/ppc/lib/libfreetype.a(ftbase.o)
                0x8000e0fc                FT_Stream_ReadByte
 .text.FT_Stream_ReadUShort
                0x8000e1c0       0xe8 /opt/devkitpro/portlibs/ppc/lib/libfreetype.a(ftbase.o)
                0x8000e1c0                FT_Stream_ReadUShort
 .text.FT_Raccess_Get_HeaderInfo
                0x8000e2a8      0x378 /opt/devkitpro/portlibs/ppc/lib/libfreetype.a(ftbase.o)
                0x8000e2a8                FT_Raccess_Get_HeaderInfo
 .text.FT_Stream_ReadUShortLE
                0x8000e620       0xdc /opt/devkitpro/portlibs/ppc/lib/libfreetype.a(ftbase.o)
                0x8000e620                FT_Stream_ReadUShortLE
 .text.FT_Stream_ReadUOffset
                0x8000e6fc      0x108 /opt/devkitpro/portlibs/ppc/lib/libfreetype.a(ftbase.o)
                0x8000e6fc                FT_Stream_ReadUOffset
 .text.FT_Stream_ReadULong
                0x8000e804       0xd8 /opt/devkitpro/portlibs/ppc/lib/libfreetype.a(ftbase.o)
                0x8000e804                FT_Stream_ReadULong
 .text.FT_Raccess_Get_DataOffsets
                0x8000e8dc      0x538 /opt/devkitpro/portlibs/ppc/lib/libfreetype.a(ftbase.o)
                0x8000e8dc                FT_Raccess_Get_DataOffsets
 .text.raccess_guess_apple_generic.isra.0
                0x8000ee14      0x1e0 /opt/devkitpro/portlibs/ppc/lib/libfreetype.a(ftbase.o)
 .text.raccess_guess_linux_double_from_file_name
                0x8000eff4      0x108 /opt/devkitpro/portlibs/ppc/lib/libfreetype.a(ftbase.o)
 .text.raccess_guess_linux_netatalk
                0x8000f0fc       0xe8 /opt/devkitpro/portlibs/ppc/lib/libfreetype.a(ftbase.o)
 .text.raccess_guess_linux_double
                0x8000f1e4       0xe8 /opt/devkitpro/portlibs/ppc/lib/libfreetype.a(ftbase.o)
 .text.raccess_guess_darwin_ufs_export
                0x8000f2cc       0xe8 /opt/devkitpro/portlibs/ppc/lib/libfreetype.a(ftbase.o)
 .text.raccess_guess_apple_double
                0x8000f3b4       0x28 /opt/devkitpro/portlibs/ppc/lib/libfreetype.a(ftbase.o)
 .text.raccess_guess_apple_single
                0x8000f3dc       0x28 /opt/devkitpro/portlibs/ppc/lib/libfreetype.a(ftbase.o)
 .text.FT_Stream_ReadULongLE
                0x8000f404       0xdc /opt/devkitpro/portlibs/ppc/lib/libfreetype.a(ftbase.o)
                0x8000f404                FT_Stream_ReadULongLE
 .text.FT_Stream_ReadFields
                0x8000f4e0      0x2b8 /opt/devkitpro/portlibs/ppc/lib/libfreetype.a(ftbase.o)
                0x8000f4e0                FT_Stream_ReadFields
 .text.FT_Vector_Length
                0x8000f798      0x120 /opt/devkitpro/portlibs/ppc/lib/libfreetype.a(ftbase.o)
                0x8000f798                FT_Vector_Length
 .text.FT_Hypot
                0x8000f8b8       0x30 /opt/devkitpro/portlibs/ppc/lib/libfreetype.a(ftbase.o)
                0x8000f8b8                FT_Hypot
 .text.ft_mem_alloc
                0x8000f8e8       0xac /opt/devkitpro/portlibs/ppc/lib/libfreetype.a(ftbase.o)
                0x8000f8e8                ft_mem_alloc
 .text.ft_glyphslot_alloc_bitmap
                0x8000f994       0xb8 /opt/devkitpro/portlibs/ppc/lib/libfreetype.a(ftbase.o)
                0x8000f994                ft_glyphslot_alloc_bitmap
 .text.FT_New_GlyphSlot
                0x8000fa4c      0x280 /opt/devkitpro/portlibs/ppc/lib/libfreetype.a(ftbase.o)
                0x8000fa4c                FT_New_GlyphSlot
 .text.FT_Render_Glyph_Internal
                0x8000fccc      0x354 /opt/devkitpro/portlibs/ppc/lib/libfreetype.a(ftbase.o)
                0x8000fccc                FT_Render_Glyph_Internal
 .text.FT_Load_Glyph
                0x80010020      0xa24 /opt/devkitpro/portlibs/ppc/lib/libfreetype.a(ftbase.o)
                0x80010020                FT_Load_Glyph
 .text.FT_Get_Advances
                0x80010a44      0x314 /opt/devkitpro/portlibs/ppc/lib/libfreetype.a(ftbase.o)
                0x80010a44                FT_Get_Advances
 .text.FT_Get_Advance
                0x80010d58      0x230 /opt/devkitpro/portlibs/ppc/lib/libfreetype.a(ftbase.o)
                0x80010d58                FT_Get_Advance
 .text.open_face
                0x80010f88      0x2e8 /opt/devkitpro/portlibs/ppc/lib/libfreetype.a(ftbase.o)
 .text.FT_New_Size
                0x80011270      0x204 /opt/devkitpro/portlibs/ppc/lib/libfreetype.a(ftbase.o)
                0x80011270                FT_New_Size
 .text.ft_open_face_internal
                0x80011474      0xc0c /opt/devkitpro/portlibs/ppc/lib/libfreetype.a(ftbase.o)
 .text.open_face_from_buffer
                0x80012080      0x184 /opt/devkitpro/portlibs/ppc/lib/libfreetype.a(ftbase.o)
 .text.open_face_PS_from_sfnt_stream.isra.0
                0x80012204      0x52c /opt/devkitpro/portlibs/ppc/lib/libfreetype.a(ftbase.o)
 .text.IsMacResource
                0x80012730      0x940 /opt/devkitpro/portlibs/ppc/lib/libfreetype.a(ftbase.o)
 .text.FT_Open_Face
                0x80013070        0x8 /opt/devkitpro/portlibs/ppc/lib/libfreetype.a(ftbase.o)
                0x80013070                FT_Open_Face
 .text.FT_Add_Module
                0x80013078      0x374 /opt/devkitpro/portlibs/ppc/lib/libfreetype.a(ftbase.o)
                0x80013078                FT_Add_Module
 .text.ft_mem_qalloc
                0x800133ec       0x5c /opt/devkitpro/portlibs/ppc/lib/libfreetype.a(ftbase.o)
                0x800133ec                ft_mem_qalloc
 .text.ft_mem_qrealloc
                0x80013448      0x138 /opt/devkitpro/portlibs/ppc/lib/libfreetype.a(ftbase.o)
                0x80013448                ft_mem_qrealloc
 .text.FT_CMap_New
                0x80013580      0x1c4 /opt/devkitpro/portlibs/ppc/lib/libfreetype.a(ftbase.o)
                0x80013580                FT_CMap_New
 .text.ft_mem_realloc
                0x80013744       0xcc /opt/devkitpro/portlibs/ppc/lib/libfreetype.a(ftbase.o)
                0x80013744                ft_mem_realloc
 .text.FT_GlyphLoader_CheckPoints
                0x80013810      0x2dc /opt/devkitpro/portlibs/ppc/lib/libfreetype.a(ftbase.o)
                0x80013810                FT_GlyphLoader_CheckPoints
 .text.FT_GlyphLoader_CheckSubGlyphs
                0x80013aec       0xac /opt/devkitpro/portlibs/ppc/lib/libfreetype.a(ftbase.o)
                0x80013aec                FT_GlyphLoader_CheckSubGlyphs
 .text.ft_mem_free
                0x80013b98       0x14 /opt/devkitpro/portlibs/ppc/lib/libfreetype.a(ftbase.o)
                0x80013b98                ft_mem_free
 .text.ft_mem_dup
                0x80013bac       0xd0 /opt/devkitpro/portlibs/ppc/lib/libfreetype.a(ftbase.o)
                0x80013bac                ft_mem_dup
 .text.ft_mem_strdup
                0x80013c7c       0xe0 /opt/devkitpro/portlibs/ppc/lib/libfreetype.a(ftbase.o)
                0x80013c7c                ft_mem_strdup
 .text.ft_mem_strcpyn
                0x80013d5c       0xa0 /opt/devkitpro/portlibs/ppc/lib/libfreetype.a(ftbase.o)
                0x80013d5c                ft_mem_strcpyn
 .text.FT_List_Find
                0x80013dfc       0x44 /opt/devkitpro/portlibs/ppc/lib/libfreetype.a(ftbase.o)
                0x80013dfc                FT_List_Find
 .text.FT_List_Add
                0x80013e40       0x40 /opt/devkitpro/portlibs/ppc/lib/libfreetype.a(ftbase.o)
                0x80013e40                FT_List_Add
 .text.FT_List_Iterate
                0x80013e80       0xa8 /opt/devkitpro/portlibs/ppc/lib/libfreetype.a(ftbase.o)
                0x80013e80                FT_List_Iterate
 .text.FT_List_Finalize
                0x80013f28       0xe8 /opt/devkitpro/portlibs/ppc/lib/libfreetype.a(ftbase.o)
                0x80013f28                FT_List_Finalize
 .text.FT_Set_Default_Properties
                0x80014010      0x1d8 /opt/devkitpro/portlibs/ppc/lib/libfreetype.a(ftinit.o)
                0x80014010                FT_Set_Default_Properties
 .text.FT_Init_FreeType
                0x800141e8       0xc8 /opt/devkitpro/portlibs/ppc/lib/libfreetype.a(ftinit.o)
                0x800141e8                FT_Init_FreeType
 .text.FT_Done_FreeType
                0x800142b0       0x4c /opt/devkitpro/portlibs/ppc/lib/libfreetype.a(ftinit.o)
                0x800142b0                FT_Done_FreeType
 .text.bdf_atol_
                0x800142fc       0xe0 /opt/devkitpro/portlibs/ppc/lib/libfreetype.a(bdf.o)
 .text.bdf_atos_
                0x800143dc       0xe0 /opt/devkitpro/portlibs/ppc/lib/libfreetype.a(bdf.o)
 .text.by_encoding
                0x800144bc       0x28 /opt/devkitpro/portlibs/ppc/lib/libfreetype.a(bdf.o)
 .text.bdf_parse_end_
                0x800144e4        0x8 /opt/devkitpro/portlibs/ppc/lib/libfreetype.a(bdf.o)
 .text.bdf_cmap_init
                0x800144ec       0x24 /opt/devkitpro/portlibs/ppc/lib/libfreetype.a(bdf.o)
 .text.bdf_cmap_done
                0x80014510       0x10 /opt/devkitpro/portlibs/ppc/lib/libfreetype.a(bdf.o)
 .text.bdf_cmap_char_index
                0x80014520       0x80 /opt/devkitpro/portlibs/ppc/lib/libfreetype.a(bdf.o)
 .text.bdf_cmap_char_next
                0x800145a0       0xc0 /opt/devkitpro/portlibs/ppc/lib/libfreetype.a(bdf.o)
 .text.bdf_get_charset_id
                0x80014660       0x1c /opt/devkitpro/portlibs/ppc/lib/libfreetype.a(bdf.o)
 .text.BDF_Size_Select
                0x8001467c       0x64 /opt/devkitpro/portlibs/ppc/lib/libfreetype.a(bdf.o)
 .text.BDF_Glyph_Load
                0x800146e0      0x188 /opt/devkitpro/portlibs/ppc/lib/libfreetype.a(bdf.o)
 .text.bdf_list_ensure_
                0x80014868      0x104 /opt/devkitpro/portlibs/ppc/lib/libfreetype.a(bdf.o)
 .text.bdf_add_comment_
                0x8001496c       0xbc /opt/devkitpro/portlibs/ppc/lib/libfreetype.a(bdf.o)
 .text.bdf_driver_requester
                0x80014a28        0xc /opt/devkitpro/portlibs/ppc/lib/libfreetype.a(bdf.o)
 .text.bdf_atoul_
                0x80014a34       0x8c /opt/devkitpro/portlibs/ppc/lib/libfreetype.a(bdf.o)
 .text.bdf_atous_
                0x80014ac0       0x90 /opt/devkitpro/portlibs/ppc/lib/libfreetype.a(bdf.o)
 .text.bdf_free_font.part.0
                0x80014b50      0x228 /opt/devkitpro/portlibs/ppc/lib/libfreetype.a(bdf.o)
 .text.BDF_Face_Done
                0x80014d78       0xc4 /opt/devkitpro/portlibs/ppc/lib/libfreetype.a(bdf.o)
 .text.bdf_list_split_.part.0
                0x80014e3c      0x2f8 /opt/devkitpro/portlibs/ppc/lib/libfreetype.a(bdf.o)
 .text.bdf_list_join_.constprop.0
                0x80015134       0xb8 /opt/devkitpro/portlibs/ppc/lib/libfreetype.a(bdf.o)
 .text.bdf_list_shift_.constprop.0
                0x800151ec       0x68 /opt/devkitpro/portlibs/ppc/lib/libfreetype.a(bdf.o)
 .text.bdf_add_property_.isra.0
                0x80015254      0x5fc /opt/devkitpro/portlibs/ppc/lib/libfreetype.a(bdf.o)
 .text.BDF_Size_Request
                0x80015850       0xf8 /opt/devkitpro/portlibs/ppc/lib/libfreetype.a(bdf.o)
 .text.bdf_get_bdf_property
                0x80015948       0xc8 /opt/devkitpro/portlibs/ppc/lib/libfreetype.a(bdf.o)
 .text.bdf_parse_properties_
                0x80015a10      0x4a4 /opt/devkitpro/portlibs/ppc/lib/libfreetype.a(bdf.o)
 .text.BDF_Face_Init
                0x80015eb4     0x1320 /opt/devkitpro/portlibs/ppc/lib/libfreetype.a(bdf.o)
 .text.bdf_parse_start_
                0x800171d4      0xa78 /opt/devkitpro/portlibs/ppc/lib/libfreetype.a(bdf.o)
 .text.bdf_parse_glyphs_
                0x80017c4c      0xfd8 /opt/devkitpro/portlibs/ppc/lib/libfreetype.a(bdf.o)
 .text.cff_cmap_encoding_init
                0x80018c24       0x1c /opt/devkitpro/portlibs/ppc/lib/libfreetype.a(cff.o)
 .text.cff_cmap_encoding_done
                0x80018c40        0xc /opt/devkitpro/portlibs/ppc/lib/libfreetype.a(cff.o)
 .text.cff_cmap_encoding_char_index
                0x80018c4c       0x20 /opt/devkitpro/portlibs/ppc/lib/libfreetype.a(cff.o)
 .text.cff_cmap_encoding_char_next
                0x80018c6c       0x98 /opt/devkitpro/portlibs/ppc/lib/libfreetype.a(cff.o)
 .text.cff_cmap_unicode_init
                0x80018d04       0x54 /opt/devkitpro/portlibs/ppc/lib/libfreetype.a(cff.o)
 .text.cff_cmap_unicode_char_index
                0x80018d58       0x18 /opt/devkitpro/portlibs/ppc/lib/libfreetype.a(cff.o)
 .text.cff_cmap_unicode_char_next
                0x80018d70       0x18 /opt/devkitpro/portlibs/ppc/lib/libfreetype.a(cff.o)
 .text.cff_get_kerning
                0x80018d88       0x5c /opt/devkitpro/portlibs/ppc/lib/libfreetype.a(cff.o)
 .text.cff_ps_has_glyph_names
                0x80018de4        0xc /opt/devkitpro/portlibs/ppc/lib/libfreetype.a(cff.o)
 .text.cff_get_is_cid
                0x80018df0       0x34 /opt/devkitpro/portlibs/ppc/lib/libfreetype.a(cff.o)
 .text.cff_get_cid_from_glyph_index
                0x80018e24       0x58 /opt/devkitpro/portlibs/ppc/lib/libfreetype.a(cff.o)
 .text.cff_set_mm_blend
                0x80018e7c       0x10 /opt/devkitpro/portlibs/ppc/lib/libfreetype.a(cff.o)
 .text.cff_get_mm_blend
                0x80018e8c       0x10 /opt/devkitpro/portlibs/ppc/lib/libfreetype.a(cff.o)
 .text.cff_set_mm_weightvector
                0x80018e9c       0x10 /opt/devkitpro/portlibs/ppc/lib/libfreetype.a(cff.o)
 .text.cff_get_mm_weightvector
                0x80018eac       0x10 /opt/devkitpro/portlibs/ppc/lib/libfreetype.a(cff.o)
 .text.cff_construct_ps_name
                0x80018ebc       0x10 /opt/devkitpro/portlibs/ppc/lib/libfreetype.a(cff.o)
 .text.cff_get_mm_var
                0x80018ecc       0x10 /opt/devkitpro/portlibs/ppc/lib/libfreetype.a(cff.o)
 .text.cff_set_var_design
                0x80018edc       0x10 /opt/devkitpro/portlibs/ppc/lib/libfreetype.a(cff.o)
 .text.cff_get_var_design
                0x80018eec       0x10 /opt/devkitpro/portlibs/ppc/lib/libfreetype.a(cff.o)
 .text.cff_set_named_instance
                0x80018efc       0x10 /opt/devkitpro/portlibs/ppc/lib/libfreetype.a(cff.o)
 .text.cff_get_default_named_instance
                0x80018f0c       0x10 /opt/devkitpro/portlibs/ppc/lib/libfreetype.a(cff.o)
 .text.cff_load_item_variation_store
                0x80018f1c       0x10 /opt/devkitpro/portlibs/ppc/lib/libfreetype.a(cff.o)
 .text.cff_load_delta_set_index_mapping
                0x80018f2c       0x10 /opt/devkitpro/portlibs/ppc/lib/libfreetype.a(cff.o)
 .text.cff_get_item_delta
                0x80018f3c       0x10 /opt/devkitpro/portlibs/ppc/lib/libfreetype.a(cff.o)
 .text.cff_done_item_variation_store
                0x80018f4c       0x10 /opt/devkitpro/portlibs/ppc/lib/libfreetype.a(cff.o)
 .text.cff_done_delta_set_index_map
                0x80018f5c       0x10 /opt/devkitpro/portlibs/ppc/lib/libfreetype.a(cff.o)
 .text.cff_hadvance_adjust
                0x80018f6c       0x10 /opt/devkitpro/portlibs/ppc/lib/libfreetype.a(cff.o)
 .text.cff_metrics_adjust
                0x80018f7c       0x10 /opt/devkitpro/portlibs/ppc/lib/libfreetype.a(cff.o)
 .text.cff_parse_integer
                0x80018f8c       0xd0 /opt/devkitpro/portlibs/ppc/lib/libfreetype.a(cff.o)
 .text.cff_get_standard_encoding
                0x8001905c       0x2c /opt/devkitpro/portlibs/ppc/lib/libfreetype.a(cff.o)
 .text.cff_fd_select_get
                0x80019088       0xac /opt/devkitpro/portlibs/ppc/lib/libfreetype.a(cff.o)
 .text.cff_get_var_blend
                0x80019134       0x10 /opt/devkitpro/portlibs/ppc/lib/libfreetype.a(cff.o)
 .text.cff_done_blend
                0x80019144       0x18 /opt/devkitpro/portlibs/ppc/lib/libfreetype.a(cff.o)
 .text.cff_slot_done
                0x8001915c       0x18 /opt/devkitpro/portlibs/ppc/lib/libfreetype.a(cff.o)
 .text.cff_driver_init
                0x80019174       0xac /opt/devkitpro/portlibs/ppc/lib/libfreetype.a(cff.o)
 .text.cff_driver_done
                0x80019220        0x4 /opt/devkitpro/portlibs/ppc/lib/libfreetype.a(cff.o)
 .text.cff_cmap_unicode_done
                0x80019224       0x44 /opt/devkitpro/portlibs/ppc/lib/libfreetype.a(cff.o)
 .text.cff_vstore_done
                0x80019268      0x104 /opt/devkitpro/portlibs/ppc/lib/libfreetype.a(cff.o)
 .text.cff_slot_init
                0x8001936c       0x7c /opt/devkitpro/portlibs/ppc/lib/libfreetype.a(cff.o)
 .text.cff_make_private_dict
                0x800193e8      0x36c /opt/devkitpro/portlibs/ppc/lib/libfreetype.a(cff.o)
 .text.cff_index_done
                0x80019754       0x7c /opt/devkitpro/portlibs/ppc/lib/libfreetype.a(cff.o)
 .text.cff_get_cmap_info
                0x800197d0       0xbc /opt/devkitpro/portlibs/ppc/lib/libfreetype.a(cff.o)
 .text.cff_get_ps_name
                0x8001988c       0xbc /opt/devkitpro/portlibs/ppc/lib/libfreetype.a(cff.o)
 .text.cff_parse_real
                0x80019948      0x488 /opt/devkitpro/portlibs/ppc/lib/libfreetype.a(cff.o)
 .text.cff_get_name_index
                0x80019dd0      0x174 /opt/devkitpro/portlibs/ppc/lib/libfreetype.a(cff.o)
 .text.cff_charset_compute_cids
                0x80019f44      0x1c8 /opt/devkitpro/portlibs/ppc/lib/libfreetype.a(cff.o)
 .text.cff_blend_check_vector
                0x8001a10c       0x84 /opt/devkitpro/portlibs/ppc/lib/libfreetype.a(cff.o)
 .text.cff_blend_build_vector
                0x8001a190      0x33c /opt/devkitpro/portlibs/ppc/lib/libfreetype.a(cff.o)
 .text.cff_index_get_pointers
                0x8001a4cc      0x628 /opt/devkitpro/portlibs/ppc/lib/libfreetype.a(cff.o)
 .text.cff_index_get_sid_string
                0x8001aaf4       0x64 /opt/devkitpro/portlibs/ppc/lib/libfreetype.a(cff.o)
 .text.cff_get_ros
                0x8001ab58      0x108 /opt/devkitpro/portlibs/ppc/lib/libfreetype.a(cff.o)
 .text.cff_ps_get_font_info
                0x8001ac60      0x184 /opt/devkitpro/portlibs/ppc/lib/libfreetype.a(cff.o)
 .text.cff_get_glyph_name
                0x8001ade4      0x114 /opt/devkitpro/portlibs/ppc/lib/libfreetype.a(cff.o)
 .text.cff_ps_get_font_extra
                0x8001aef8      0x1ac /opt/devkitpro/portlibs/ppc/lib/libfreetype.a(cff.o)
 .text.cff_subfont_done.part.0
                0x8001b0a4       0x88 /opt/devkitpro/portlibs/ppc/lib/libfreetype.a(cff.o)
 .text.cff_get_interface
                0x8001b12c       0xa4 /opt/devkitpro/portlibs/ppc/lib/libfreetype.a(cff.o)
 .text.cff_size_get_globals_funcs.isra.0
                0x8001b1d0       0x74 /opt/devkitpro/portlibs/ppc/lib/libfreetype.a(cff.o)
 .text.cff_size_init
                0x8001b244      0x250 /opt/devkitpro/portlibs/ppc/lib/libfreetype.a(cff.o)
 .text.cff_size_done
                0x8001b494      0x10c /opt/devkitpro/portlibs/ppc/lib/libfreetype.a(cff.o)
 .text.cff_size_select
                0x8001b5a0      0x174 /opt/devkitpro/portlibs/ppc/lib/libfreetype.a(cff.o)
 .text.cff_size_request
                0x8001b714      0x1f4 /opt/devkitpro/portlibs/ppc/lib/libfreetype.a(cff.o)
 .text.cff_face_done
                0x8001b908      0x234 /opt/devkitpro/portlibs/ppc/lib/libfreetype.a(cff.o)
 .text.cff_parse_font_matrix
                0x8001bb3c      0x380 /opt/devkitpro/portlibs/ppc/lib/libfreetype.a(cff.o)
 .text.do_fixed.isra.0
                0x8001bebc      0x130 /opt/devkitpro/portlibs/ppc/lib/libfreetype.a(cff.o)
 .text.cff_parse_font_bbox
                0x8001bfec       0xc4 /opt/devkitpro/portlibs/ppc/lib/libfreetype.a(cff.o)
 .text.cff_parse_num.isra.0
                0x8001c0b0       0x84 /opt/devkitpro/portlibs/ppc/lib/libfreetype.a(cff.o)
 .text.cff_parse_private_dict
                0x8001c134       0xa0 /opt/devkitpro/portlibs/ppc/lib/libfreetype.a(cff.o)
 .text.cff_parse_multiple_master
                0x8001c1d4       0x90 /opt/devkitpro/portlibs/ppc/lib/libfreetype.a(cff.o)
 .text.cff_parse_cid_ros
                0x8001c264       0x94 /opt/devkitpro/portlibs/ppc/lib/libfreetype.a(cff.o)
 .text.cff_parse_vsindex
                0x8001c2f8       0x70 /opt/devkitpro/portlibs/ppc/lib/libfreetype.a(cff.o)
 .text.cff_parser_run
                0x8001c368      0x43c /opt/devkitpro/portlibs/ppc/lib/libfreetype.a(cff.o)
 .text.cff_load_private_dict
                0x8001c7a4      0x290 /opt/devkitpro/portlibs/ppc/lib/libfreetype.a(cff.o)
 .text.cff_free_glyph_data
                0x8001ca34       0x6c /opt/devkitpro/portlibs/ppc/lib/libfreetype.a(cff.o)
 .text.cff_parse_blend
                0x8001caa0      0x38c /opt/devkitpro/portlibs/ppc/lib/libfreetype.a(cff.o)
 .text.cff_index_access_element
                0x8001ce2c      0x2d8 /opt/devkitpro/portlibs/ppc/lib/libfreetype.a(cff.o)
 .text.cff_get_glyph_data
                0x8001d104       0x78 /opt/devkitpro/portlibs/ppc/lib/libfreetype.a(cff.o)
 .text.cff_slot_load
                0x8001d17c      0xaac /opt/devkitpro/portlibs/ppc/lib/libfreetype.a(cff.o)
 .text.cff_glyph_load
                0x8001dc28       0x44 /opt/devkitpro/portlibs/ppc/lib/libfreetype.a(cff.o)
 .text.cff_get_advances
                0x8001dc6c      0x2c0 /opt/devkitpro/portlibs/ppc/lib/libfreetype.a(cff.o)
 .text.cff_index_get_name
                0x8001df2c      0x10c /opt/devkitpro/portlibs/ppc/lib/libfreetype.a(cff.o)
 .text.cff_index_init
                0x8001e038      0x254 /opt/devkitpro/portlibs/ppc/lib/libfreetype.a(cff.o)
 .text.cff_subfont_load
                0x8001e28c      0x43c /opt/devkitpro/portlibs/ppc/lib/libfreetype.a(cff.o)
 .text.cff_sid_to_glyph_name
                0x8001e6c8       0x70 /opt/devkitpro/portlibs/ppc/lib/libfreetype.a(cff.o)
 .text.cff_face_init
                0x8001e738     0x243c /opt/devkitpro/portlibs/ppc/lib/libfreetype.a(cff.o)
 .text.cff_parse_maxstack
                0x80020b74       0xdc /opt/devkitpro/portlibs/ppc/lib/libfreetype.a(cff.o)
 .text.parse_expansion_factor
                0x80020c50       0x60 /opt/devkitpro/portlibs/ppc/lib/libfreetype.a(type1cid.o)
 .text.parse_font_name
                0x80020cb0        0x4 /opt/devkitpro/portlibs/ppc/lib/libfreetype.a(type1cid.o)
 .text.cid_slot_done
                0x80020cb4       0x18 /opt/devkitpro/portlibs/ppc/lib/libfreetype.a(type1cid.o)
 .text.cid_driver_init
                0x80020ccc       0xac /opt/devkitpro/portlibs/ppc/lib/libfreetype.a(type1cid.o)
 .text.cid_driver_done
                0x80020d78        0x4 /opt/devkitpro/portlibs/ppc/lib/libfreetype.a(type1cid.o)
 .text.cid_get_postscript_name
                0x80020d7c       0x20 /opt/devkitpro/portlibs/ppc/lib/libfreetype.a(type1cid.o)
 .text.cid_ps_get_font_info
                0x80020d9c       0x4c /opt/devkitpro/portlibs/ppc/lib/libfreetype.a(type1cid.o)
 .text.cid_ps_get_font_extra
                0x80020de8       0x10 /opt/devkitpro/portlibs/ppc/lib/libfreetype.a(type1cid.o)
 .text.cid_get_ros
                0x80020df8       0x38 /opt/devkitpro/portlibs/ppc/lib/libfreetype.a(type1cid.o)
 .text.cid_get_is_cid
                0x80020e30       0x18 /opt/devkitpro/portlibs/ppc/lib/libfreetype.a(type1cid.o)
 .text.cid_slot_init
                0x80020e48       0x78 /opt/devkitpro/portlibs/ppc/lib/libfreetype.a(type1cid.o)
 .text.cid_face_done
                0x80020ec0      0x188 /opt/devkitpro/portlibs/ppc/lib/libfreetype.a(type1cid.o)
 .text.cid_compute_fd_and_offsets
                0x80021048      0x25c /opt/devkitpro/portlibs/ppc/lib/libfreetype.a(type1cid.o)
 .text.cid_load_glyph
                0x800212a4      0x520 /opt/devkitpro/portlibs/ppc/lib/libfreetype.a(type1cid.o)
 .text.cid_slot_load_glyph
                0x800217c4      0x438 /opt/devkitpro/portlibs/ppc/lib/libfreetype.a(type1cid.o)
 .text.cid_get_cid_from_glyph_index
                0x80021bfc       0x54 /opt/devkitpro/portlibs/ppc/lib/libfreetype.a(type1cid.o)
 .text.cid_parse_font_matrix
                0x80021c50      0x1c8 /opt/devkitpro/portlibs/ppc/lib/libfreetype.a(type1cid.o)
 .text.parse_fd_array
                0x80021e18      0x15c /opt/devkitpro/portlibs/ppc/lib/libfreetype.a(type1cid.o)
 .text.cid_get_interface
                0x80021f74        0xc /opt/devkitpro/portlibs/ppc/lib/libfreetype.a(type1cid.o)
 .text.cid_size_get_globals_funcs.isra.0
                0x80021f80       0x74 /opt/devkitpro/portlibs/ppc/lib/libfreetype.a(type1cid.o)
 .text.cid_size_init
                0x80021ff4       0x8c /opt/devkitpro/portlibs/ppc/lib/libfreetype.a(type1cid.o)
 .text.cid_size_done
                0x80022080       0x68 /opt/devkitpro/portlibs/ppc/lib/libfreetype.a(type1cid.o)
 .text.cid_size_request
                0x800220e8       0x98 /opt/devkitpro/portlibs/ppc/lib/libfreetype.a(type1cid.o)
 .text.cid_face_open
                0x80022180     0x10dc /opt/devkitpro/portlibs/ppc/lib/libfreetype.a(type1cid.o)
 .text.cid_face_init
                0x8002325c      0x2f4 /opt/devkitpro/portlibs/ppc/lib/libfreetype.a(type1cid.o)
 .text.pcf_cmap_init
                0x80023550       0x18 /opt/devkitpro/portlibs/ppc/lib/libfreetype.a(pcf.o)
 .text.pcf_cmap_done
                0x80023568        0xc /opt/devkitpro/portlibs/ppc/lib/libfreetype.a(pcf.o)
 .text.pcf_cmap_char_index
                0x80023574       0x68 /opt/devkitpro/portlibs/ppc/lib/libfreetype.a(pcf.o)
 .text.pcf_cmap_char_next
                0x800235dc      0x1e4 /opt/devkitpro/portlibs/ppc/lib/libfreetype.a(pcf.o)
 .text.pcf_get_charset_id
                0x800237c0       0x1c /opt/devkitpro/portlibs/ppc/lib/libfreetype.a(pcf.o)
 .text.pcf_property_set
                0x800237dc        0x8 /opt/devkitpro/portlibs/ppc/lib/libfreetype.a(pcf.o)
 .text.pcf_property_get
                0x800237e4        0x8 /opt/devkitpro/portlibs/ppc/lib/libfreetype.a(pcf.o)
 .text.pcf_driver_init
                0x800237ec        0x8 /opt/devkitpro/portlibs/ppc/lib/libfreetype.a(pcf.o)
 .text.pcf_driver_done
                0x800237f4        0x4 /opt/devkitpro/portlibs/ppc/lib/libfreetype.a(pcf.o)
 .text.PCF_Size_Select
                0x800237f8       0x64 /opt/devkitpro/portlibs/ppc/lib/libfreetype.a(pcf.o)
 .text.PCF_Glyph_Load
                0x8002385c      0x3b8 /opt/devkitpro/portlibs/ppc/lib/libfreetype.a(pcf.o)
 .text.pcf_driver_requester
                0x80023c14        0xc /opt/devkitpro/portlibs/ppc/lib/libfreetype.a(pcf.o)
 .text.PCF_Face_Done.part.0
                0x80023c20      0x1a8 /opt/devkitpro/portlibs/ppc/lib/libfreetype.a(pcf.o)
 .text.PCF_Face_Done
                0x80023dc8        0xc /opt/devkitpro/portlibs/ppc/lib/libfreetype.a(pcf.o)
 .text.pcf_find_property.isra.0
                0x80023dd4       0x9c /opt/devkitpro/portlibs/ppc/lib/libfreetype.a(pcf.o)
 .text.pcf_get_bdf_property
                0x80023e70       0x8c /opt/devkitpro/portlibs/ppc/lib/libfreetype.a(pcf.o)
 .text.PCF_Size_Request
                0x80023efc       0xf4 /opt/devkitpro/portlibs/ppc/lib/libfreetype.a(pcf.o)
 .text.pcf_get_accel
                0x80023ff0      0x2f0 /opt/devkitpro/portlibs/ppc/lib/libfreetype.a(pcf.o)
 .text.pcf_load_font
                0x800242e0     0x1970 /opt/devkitpro/portlibs/ppc/lib/libfreetype.a(pcf.o)
 .text.PCF_Face_Init
                0x80025c50      0x2b8 /opt/devkitpro/portlibs/ppc/lib/libfreetype.a(pcf.o)
 .text.pfr_cmap_init
                0x80025f08       0x94 /opt/devkitpro/portlibs/ppc/lib/libfreetype.a(pfr.o)
 .text.pfr_cmap_done
                0x80025f9c       0x10 /opt/devkitpro/portlibs/ppc/lib/libfreetype.a(pfr.o)
 .text.pfr_cmap_char_index
                0x80025fac       0x78 /opt/devkitpro/portlibs/ppc/lib/libfreetype.a(pfr.o)
 .text.pfr_cmap_char_next
                0x80026024       0xc0 /opt/devkitpro/portlibs/ppc/lib/libfreetype.a(pfr.o)
 .text.pfr_get_advance
                0x800260e4       0x54 /opt/devkitpro/portlibs/ppc/lib/libfreetype.a(pfr.o)
 .text.pfr_glyph_close_contour
                0x80026138       0xfc /opt/devkitpro/portlibs/ppc/lib/libfreetype.a(pfr.o)
 .text.pfr_face_get_kerning
                0x80026234      0x248 /opt/devkitpro/portlibs/ppc/lib/libfreetype.a(pfr.o)
 .text.pfr_extra_item_load_bitmap_info
                0x8002647c      0x24c /opt/devkitpro/portlibs/ppc/lib/libfreetype.a(pfr.o)
 .text.pfr_slot_done
                0x800266c8       0x74 /opt/devkitpro/portlibs/ppc/lib/libfreetype.a(pfr.o)
 .text.pfr_slot_init
                0x8002673c       0x58 /opt/devkitpro/portlibs/ppc/lib/libfreetype.a(pfr.o)
 .text.pfr_extra_item_load_stem_snaps
                0x80026794       0xfc /opt/devkitpro/portlibs/ppc/lib/libfreetype.a(pfr.o)
 .text.pfr_extra_item_load_kerning_pairs
                0x80026890      0x194 /opt/devkitpro/portlibs/ppc/lib/libfreetype.a(pfr.o)
 .text.pfr_extra_item_load_font_id
                0x80026a24       0xc0 /opt/devkitpro/portlibs/ppc/lib/libfreetype.a(pfr.o)
 .text.pfr_aux_name_load
                0x80026ae4      0x1c8 /opt/devkitpro/portlibs/ppc/lib/libfreetype.a(pfr.o)
 .text.pfr_get_service
                0x80026cac        0xc /opt/devkitpro/portlibs/ppc/lib/libfreetype.a(pfr.o)
 .text.pfr_get_metrics
                0x80026cb8       0xd8 /opt/devkitpro/portlibs/ppc/lib/libfreetype.a(pfr.o)
 .text.pfr_get_kerning
                0x80026d90       0xa8 /opt/devkitpro/portlibs/ppc/lib/libfreetype.a(pfr.o)
 .text.pfr_face_done
                0x80026e38      0x128 /opt/devkitpro/portlibs/ppc/lib/libfreetype.a(pfr.o)
 .text.pfr_glyph_line_to.isra.0
                0x80026f60       0xe8 /opt/devkitpro/portlibs/ppc/lib/libfreetype.a(pfr.o)
 .text.pfr_glyph_load_rec
                0x80027048      0xc84 /opt/devkitpro/portlibs/ppc/lib/libfreetype.a(pfr.o)
 .text.pfr_slot_load
                0x80027ccc      0xbe8 /opt/devkitpro/portlibs/ppc/lib/libfreetype.a(pfr.o)
 .text.pfr_face_init
                0x800288b4      0xe44 /opt/devkitpro/portlibs/ppc/lib/libfreetype.a(pfr.o)
 .text.afm_compare_kern_pairs
                0x800296f8       0x3c /opt/devkitpro/portlibs/ppc/lib/libfreetype.a(psaux.o)
 .text.PS_Conv_Strtol
                0x80029734      0x164 /opt/devkitpro/portlibs/ppc/lib/libfreetype.a(psaux.o)
 .text.PS_Conv_ToInt
                0x80029898       0xb8 /opt/devkitpro/portlibs/ppc/lib/libfreetype.a(psaux.o)
 .text.skip_spaces
                0x80029950       0xc4 /opt/devkitpro/portlibs/ppc/lib/libfreetype.a(psaux.o)
 .text.skip_literal_string
                0x80029a14       0xfc /opt/devkitpro/portlibs/ppc/lib/libfreetype.a(psaux.o)
 .text.skip_string
                0x80029b10       0xd0 /opt/devkitpro/portlibs/ppc/lib/libfreetype.a(psaux.o)
 .text.skip_procedure
                0x80029be0      0x1e4 /opt/devkitpro/portlibs/ppc/lib/libfreetype.a(psaux.o)
 .text.ps_parser_skip_PS_token
                0x80029dc4      0x27c /opt/devkitpro/portlibs/ppc/lib/libfreetype.a(psaux.o)
 .text.ps_parser_skip_spaces
                0x8002a040        0x8 /opt/devkitpro/portlibs/ppc/lib/libfreetype.a(psaux.o)
 .text.ps_parser_to_token
                0x8002a048      0x200 /opt/devkitpro/portlibs/ppc/lib/libfreetype.a(psaux.o)
 .text.ps_parser_to_token_array
                0x8002a248      0x190 /opt/devkitpro/portlibs/ppc/lib/libfreetype.a(psaux.o)
 .text.ps_parser_to_int
                0x8002a3d8       0x3c /opt/devkitpro/portlibs/ppc/lib/libfreetype.a(psaux.o)
 .text.ps_parser_to_bytes
                0x8002a414      0x1fc /opt/devkitpro/portlibs/ppc/lib/libfreetype.a(psaux.o)
 .text.ps_parser_init
                0x8002a610       0x4c /opt/devkitpro/portlibs/ppc/lib/libfreetype.a(psaux.o)
 .text.ps_parser_done
                0x8002a65c        0x4 /opt/devkitpro/portlibs/ppc/lib/libfreetype.a(psaux.o)
 .text.t1_builder_done
                0x8002a660       0x3c /opt/devkitpro/portlibs/ppc/lib/libfreetype.a(psaux.o)
 .text.t1_builder_close_contour
                0x8002a69c      0x150 /opt/devkitpro/portlibs/ppc/lib/libfreetype.a(psaux.o)
 .text.cff_builder_done
                0x8002a7ec       0x3c /opt/devkitpro/portlibs/ppc/lib/libfreetype.a(psaux.o)
 .text.cff_builder_add_point
                0x8002a828       0x54 /opt/devkitpro/portlibs/ppc/lib/libfreetype.a(psaux.o)
 .text.cff_builder_close_contour
                0x8002a87c      0x150 /opt/devkitpro/portlibs/ppc/lib/libfreetype.a(psaux.o)
 .text.ps_builder_done
                0x8002a9cc       0x3c /opt/devkitpro/portlibs/ppc/lib/libfreetype.a(psaux.o)
 .text.cff_random
                0x8002aa08       0x1c /opt/devkitpro/portlibs/ppc/lib/libfreetype.a(psaux.o)
 .text.t1_cmap_std_done
                0x8002aa24       0x18 /opt/devkitpro/portlibs/ppc/lib/libfreetype.a(psaux.o)
 .text.t1_cmap_standard_init
                0x8002aa3c       0x34 /opt/devkitpro/portlibs/ppc/lib/libfreetype.a(psaux.o)
 .text.t1_cmap_expert_init
                0x8002aa70       0x34 /opt/devkitpro/portlibs/ppc/lib/libfreetype.a(psaux.o)
 .text.t1_cmap_custom_init
                0x8002aaa4       0x2c /opt/devkitpro/portlibs/ppc/lib/libfreetype.a(psaux.o)
 .text.t1_cmap_custom_done
                0x8002aad0       0x14 /opt/devkitpro/portlibs/ppc/lib/libfreetype.a(psaux.o)
 .text.t1_cmap_custom_char_index
                0x8002aae4       0x3c /opt/devkitpro/portlibs/ppc/lib/libfreetype.a(psaux.o)
 .text.t1_cmap_custom_char_next
                0x8002ab20       0xd4 /opt/devkitpro/portlibs/ppc/lib/libfreetype.a(psaux.o)
 .text.psaux_get_glyph_name
                0x8002abf4       0x10 /opt/devkitpro/portlibs/ppc/lib/libfreetype.a(psaux.o)
 .text.t1_cmap_unicode_init
                0x8002ac04       0x3c /opt/devkitpro/portlibs/ppc/lib/libfreetype.a(psaux.o)
 .text.t1_cmap_unicode_char_index
                0x8002ac40       0x14 /opt/devkitpro/portlibs/ppc/lib/libfreetype.a(psaux.o)
 .text.t1_cmap_unicode_char_next
                0x8002ac54       0x14 /opt/devkitpro/portlibs/ppc/lib/libfreetype.a(psaux.o)
 .text.cf2_stack_popInt
                0x8002ac68       0x7c /opt/devkitpro/portlibs/ppc/lib/libfreetype.a(psaux.o)
 .text.cf2_stack_popFixed
                0x8002ace4       0x74 /opt/devkitpro/portlibs/ppc/lib/libfreetype.a(psaux.o)
 .text.cf2_stack_getReal
                0x8002ad58       0x7c /opt/devkitpro/portlibs/ppc/lib/libfreetype.a(psaux.o)
 .text.ps_table_release
                0x8002add4       0x8c /opt/devkitpro/portlibs/ppc/lib/libfreetype.a(psaux.o)
 .text.afm_parser_done
                0x8002ae60       0x3c /opt/devkitpro/portlibs/ppc/lib/libfreetype.a(psaux.o)
 .text.t1_cmap_unicode_done
                0x8002ae9c       0x44 /opt/devkitpro/portlibs/ppc/lib/libfreetype.a(psaux.o)
 .text.ps_table_realloc
                0x8002aee0       0xd0 /opt/devkitpro/portlibs/ppc/lib/libfreetype.a(psaux.o)
 .text.ps_table_done
                0x8002afb0        0x8 /opt/devkitpro/portlibs/ppc/lib/libfreetype.a(psaux.o)
 .text.ps_table_new
                0x8002afb8      0x120 /opt/devkitpro/portlibs/ppc/lib/libfreetype.a(psaux.o)
 .text.t1_builder_add_point
                0x8002b0d8       0xd0 /opt/devkitpro/portlibs/ppc/lib/libfreetype.a(psaux.o)
 .text.cf2_arrstack_setNumElements
                0x8002b1a8      0x12c /opt/devkitpro/portlibs/ppc/lib/libfreetype.a(psaux.o)
 .text.cf2_arrstack_push
                0x8002b2d4       0x84 /opt/devkitpro/portlibs/ppc/lib/libfreetype.a(psaux.o)
 .text.cf2_doStems
                0x8002b358      0x164 /opt/devkitpro/portlibs/ppc/lib/libfreetype.a(psaux.o)
 .text.PS_Conv_ToFixed
                0x8002b4bc      0x820 /opt/devkitpro/portlibs/ppc/lib/libfreetype.a(psaux.o)
 .text.ps_tofixedarray
                0x8002bcdc      0x200 /opt/devkitpro/portlibs/ppc/lib/libfreetype.a(psaux.o)
 .text.ps_parser_to_fixed_array
                0x8002bedc       0x74 /opt/devkitpro/portlibs/ppc/lib/libfreetype.a(psaux.o)
 .text.ps_parser_load_field
                0x8002bf50      0x74c /opt/devkitpro/portlibs/ppc/lib/libfreetype.a(psaux.o)
 .text.ps_parser_load_field_table
                0x8002c69c      0x1c8 /opt/devkitpro/portlibs/ppc/lib/libfreetype.a(psaux.o)
 .text.ps_parser_to_coord_array
                0x8002c864      0x248 /opt/devkitpro/portlibs/ppc/lib/libfreetype.a(psaux.o)
 .text.ps_parser_to_fixed
                0x8002caac       0x4c /opt/devkitpro/portlibs/ppc/lib/libfreetype.a(psaux.o)
 .text.ps_builder_init
                0x8002caf8      0x130 /opt/devkitpro/portlibs/ppc/lib/libfreetype.a(psaux.o)
 .text.cf2_getSeacComponent
                0x8002cc28      0x15c /opt/devkitpro/portlibs/ppc/lib/libfreetype.a(psaux.o)
 .text.t1_make_subfont
                0x8002cd84      0x3b8 /opt/devkitpro/portlibs/ppc/lib/libfreetype.a(psaux.o)
 .text.ps_decoder_init
                0x8002d13c      0x168 /opt/devkitpro/portlibs/ppc/lib/libfreetype.a(psaux.o)
 .text.t1_builder_add_contour
                0x8002d2a4       0xe4 /opt/devkitpro/portlibs/ppc/lib/libfreetype.a(psaux.o)
 .text.cff_builder_add_contour
                0x8002d388       0xd4 /opt/devkitpro/portlibs/ppc/lib/libfreetype.a(psaux.o)
 .text.t1_builder_init
                0x8002d45c      0x130 /opt/devkitpro/portlibs/ppc/lib/libfreetype.a(psaux.o)
 .text.cff_builder_init
                0x8002d58c      0x140 /opt/devkitpro/portlibs/ppc/lib/libfreetype.a(psaux.o)
 .text.afm_parser_init
                0x8002d6cc       0x90 /opt/devkitpro/portlibs/ppc/lib/libfreetype.a(psaux.o)
 .text.cf2_hintmap_map
                0x8002d75c      0x1c0 /opt/devkitpro/portlibs/ppc/lib/libfreetype.a(psaux.o)
 .text.cf2_glyphpath_hintPoint
                0x8002d91c       0xf0 /opt/devkitpro/portlibs/ppc/lib/libfreetype.a(psaux.o)
 .text.cf2_hintmap_insertHint
                0x8002da0c      0x564 /opt/devkitpro/portlibs/ppc/lib/libfreetype.a(psaux.o)
 .text.cf2_glyphpath_computeOffset
                0x8002df70      0x228 /opt/devkitpro/portlibs/ppc/lib/libfreetype.a(psaux.o)
 .text.t1_decoder_parse_metrics
                0x8002e198      0x3c4 /opt/devkitpro/portlibs/ppc/lib/libfreetype.a(psaux.o)
 .text.t1_lookup_glyph_by_stdcharcode_ps
                0x8002e55c       0xec /opt/devkitpro/portlibs/ppc/lib/libfreetype.a(psaux.o)
 .text.t1_cmap_std_char_index
                0x8002e648       0xec /opt/devkitpro/portlibs/ppc/lib/libfreetype.a(psaux.o)
 .text.t1_cmap_std_char_next
                0x8002e734       0xd4 /opt/devkitpro/portlibs/ppc/lib/libfreetype.a(psaux.o)
 .text.t1_decoder_init
                0x8002e808      0x140 /opt/devkitpro/portlibs/ppc/lib/libfreetype.a(psaux.o)
 .text.afm_tokenize
                0x8002e948      0x134 /opt/devkitpro/portlibs/ppc/lib/libfreetype.a(psaux.o)
 .text.cff_decoder_prepare
                0x8002ea7c      0x174 /opt/devkitpro/portlibs/ppc/lib/libfreetype.a(psaux.o)
 .text.cf2_free_instance
                0x8002ebf0       0x58 /opt/devkitpro/portlibs/ppc/lib/libfreetype.a(psaux.o)
 .text.ps_table_add
                0x8002ec48      0x160 /opt/devkitpro/portlibs/ppc/lib/libfreetype.a(psaux.o)
 .text.cf2_glyphpath_pushPrevElem
                0x8002eda8      0x5b4 /opt/devkitpro/portlibs/ppc/lib/libfreetype.a(psaux.o)
 .text.cf2_computeDarkening.part.0.constprop.0
                0x8002f35c      0x26c /opt/devkitpro/portlibs/ppc/lib/libfreetype.a(psaux.o)
 .text.ps_builder_add_contour.constprop.0
                0x8002f5c8       0xe4 /opt/devkitpro/portlibs/ppc/lib/libfreetype.a(psaux.o)
 .text.cff_check_points
                0x8002f6ac       0x38 /opt/devkitpro/portlibs/ppc/lib/libfreetype.a(psaux.o)
 .text.ps_builder_check_points.part.0.isra.0
                0x8002f6e4       0x2c /opt/devkitpro/portlibs/ppc/lib/libfreetype.a(psaux.o)
 .text.t1_builder_check_points
                0x8002f710       0x38 /opt/devkitpro/portlibs/ppc/lib/libfreetype.a(psaux.o)
 .text.cf2_stack_pushFixed
                0x8002f748       0x58 /opt/devkitpro/portlibs/ppc/lib/libfreetype.a(psaux.o)
 .text.afm_stream_skip_spaces.part.0.isra.0
                0x8002f7a0       0xf0 /opt/devkitpro/portlibs/ppc/lib/libfreetype.a(psaux.o)
 .text.cf2_freeT1SeacComponent.isra.0
                0x8002f890       0x50 /opt/devkitpro/portlibs/ppc/lib/libfreetype.a(psaux.o)
 .text.cf2_getT1SeacComponent.isra.0
                0x8002f8e0       0xa8 /opt/devkitpro/portlibs/ppc/lib/libfreetype.a(psaux.o)
 .text.ps_builder_close_contour.isra.0
                0x8002f988      0x14c /opt/devkitpro/portlibs/ppc/lib/libfreetype.a(psaux.o)
 .text.cf2_builder_moveTo
                0x8002fad4       0x38 /opt/devkitpro/portlibs/ppc/lib/libfreetype.a(psaux.o)
 .text.t1_decrypt
                0x8002fb0c       0x54 /opt/devkitpro/portlibs/ppc/lib/libfreetype.a(psaux.o)
 .text.afm_stream_read_one
                0x8002fb60      0x124 /opt/devkitpro/portlibs/ppc/lib/libfreetype.a(psaux.o)
 .text.cff_decoder_init
                0x8002fc84      0x100 /opt/devkitpro/portlibs/ppc/lib/libfreetype.a(psaux.o)
 .text.afm_stream_read_string
                0x8002fd84       0xb4 /opt/devkitpro/portlibs/ppc/lib/libfreetype.a(psaux.o)
 .text.afm_parser_read_vals
                0x8002fe38      0x204 /opt/devkitpro/portlibs/ppc/lib/libfreetype.a(psaux.o)
 .text.afm_parser_next_key.constprop.0.isra.0
                0x8003003c       0x9c /opt/devkitpro/portlibs/ppc/lib/libfreetype.a(psaux.o)
 .text.t1_builder_add_point1
                0x800300d8       0x9c /opt/devkitpro/portlibs/ppc/lib/libfreetype.a(psaux.o)
 .text.t1_builder_start_point
                0x80030174       0x88 /opt/devkitpro/portlibs/ppc/lib/libfreetype.a(psaux.o)
 .text.cf2_stack_setReal
                0x800301fc       0x54 /opt/devkitpro/portlibs/ppc/lib/libfreetype.a(psaux.o)
 .text.cf2_stack_pushInt
                0x80030250       0x58 /opt/devkitpro/portlibs/ppc/lib/libfreetype.a(psaux.o)
 .text.t1_decoder_done
                0x800302a8       0x9c /opt/devkitpro/portlibs/ppc/lib/libfreetype.a(psaux.o)
 .text.cf2_hintmask_read
                0x80030344       0xd0 /opt/devkitpro/portlibs/ppc/lib/libfreetype.a(psaux.o)
 .text.cff_builder_add_point1
                0x80030414      0x11c /opt/devkitpro/portlibs/ppc/lib/libfreetype.a(psaux.o)
 .text.cff_builder_start_point
                0x80030530       0x70 /opt/devkitpro/portlibs/ppc/lib/libfreetype.a(psaux.o)
 .text.cf2_hint_init
                0x800305a0      0x230 /opt/devkitpro/portlibs/ppc/lib/libfreetype.a(psaux.o)
 .text.cf2_hintmap_build
                0x800307d0      0xbb4 /opt/devkitpro/portlibs/ppc/lib/libfreetype.a(psaux.o)
 .text.cf2_glyphpath_pushMove
                0x80031384      0x1a8 /opt/devkitpro/portlibs/ppc/lib/libfreetype.a(psaux.o)
 .text.cf2_glyphpath_lineTo
                0x8003152c      0x1cc /opt/devkitpro/portlibs/ppc/lib/libfreetype.a(psaux.o)
 .text.cf2_glyphpath_curveTo
                0x800316f8      0x2a4 /opt/devkitpro/portlibs/ppc/lib/libfreetype.a(psaux.o)
 .text.cf2_doFlex
                0x8003199c      0x23c /opt/devkitpro/portlibs/ppc/lib/libfreetype.a(psaux.o)
 .text.cf2_builder_cubeTo
                0x80031bd8      0x2d0 /opt/devkitpro/portlibs/ppc/lib/libfreetype.a(psaux.o)
 .text.cf2_builder_lineTo
                0x80031ea8      0x238 /opt/devkitpro/portlibs/ppc/lib/libfreetype.a(psaux.o)
 .text.afm_parser_parse
                0x800320e0      0x714 /opt/devkitpro/portlibs/ppc/lib/libfreetype.a(psaux.o)
 .text.cf2_interpT2CharString
                0x800327f4     0x3a00 /opt/devkitpro/portlibs/ppc/lib/libfreetype.a(psaux.o)
 .text.cf2_decoder_parse_charstrings
                0x800361f4      0xd54 /opt/devkitpro/portlibs/ppc/lib/libfreetype.a(psaux.o)
 .text.psh_hint_table_record
                0x80036f48       0x9c /opt/devkitpro/portlibs/ppc/lib/libfreetype.a(pshinter.o)
 .text.pshinter_get_globals_funcs
                0x80036fe4        0x8 /opt/devkitpro/portlibs/ppc/lib/libfreetype.a(pshinter.o)
 .text.pshinter_get_t1_funcs
                0x80036fec        0x8 /opt/devkitpro/portlibs/ppc/lib/libfreetype.a(pshinter.o)
 .text.pshinter_get_t2_funcs
                0x80036ff4        0x8 /opt/devkitpro/portlibs/ppc/lib/libfreetype.a(pshinter.o)
 .text.t1_hints_open
                0x80036ffc       0x2c /opt/devkitpro/portlibs/ppc/lib/libfreetype.a(pshinter.o)
 .text.t2_hints_open
                0x80037028       0x2c /opt/devkitpro/portlibs/ppc/lib/libfreetype.a(pshinter.o)
 .text.psh_globals_scale_widths
                0x80037054       0xf8 /opt/devkitpro/portlibs/ppc/lib/libfreetype.a(pshinter.o)
 .text.psh_globals_set_scale
                0x8003714c      0x2f8 /opt/devkitpro/portlibs/ppc/lib/libfreetype.a(pshinter.o)
 .text.ps_hinter_init
                0x80037444      0x114 /opt/devkitpro/portlibs/ppc/lib/libfreetype.a(pshinter.o)
 .text.ps_mask_table_done
                0x80037558       0xa8 /opt/devkitpro/portlibs/ppc/lib/libfreetype.a(pshinter.o)
 .text.ps_mask_table_alloc
                0x80037600      0x12c /opt/devkitpro/portlibs/ppc/lib/libfreetype.a(pshinter.o)
 .text.ps_mask_ensure
                0x8003772c       0xb4 /opt/devkitpro/portlibs/ppc/lib/libfreetype.a(pshinter.o)
 .text.psh_globals_destroy
                0x800377e0       0x2c /opt/devkitpro/portlibs/ppc/lib/libfreetype.a(pshinter.o)
 .text.psh_hint_align
                0x8003780c      0x588 /opt/devkitpro/portlibs/ppc/lib/libfreetype.a(pshinter.o)
 .text.ps_mask_table_merge_all
                0x80037d94      0x2f4 /opt/devkitpro/portlibs/ppc/lib/libfreetype.a(pshinter.o)
 .text.psh_blues_set_zones_0.isra.0
                0x80038088      0x200 /opt/devkitpro/portlibs/ppc/lib/libfreetype.a(pshinter.o)
 .text.psh_blues_set_zones
                0x80038288      0x230 /opt/devkitpro/portlibs/ppc/lib/libfreetype.a(pshinter.o)
 .text.psh_hint_table_find_strong_points.isra.0
                0x800384b8      0x288 /opt/devkitpro/portlibs/ppc/lib/libfreetype.a(pshinter.o)
 .text.psh_hint_table_init.isra.0
                0x80038740      0x2d0 /opt/devkitpro/portlibs/ppc/lib/libfreetype.a(pshinter.o)
 .text.psh_hint_table_activate_mask.isra.0
                0x80038a10      0x250 /opt/devkitpro/portlibs/ppc/lib/libfreetype.a(pshinter.o)
 .text.ps_hints_close.part.0
                0x80038c60       0xb4 /opt/devkitpro/portlibs/ppc/lib/libfreetype.a(pshinter.o)
 .text.t1_hints_close
                0x80038d14       0x18 /opt/devkitpro/portlibs/ppc/lib/libfreetype.a(pshinter.o)
 .text.ps_hinter_done
                0x80038d2c       0xb0 /opt/devkitpro/portlibs/ppc/lib/libfreetype.a(pshinter.o)
 .text.t2_hints_close
                0x80038ddc       0x18 /opt/devkitpro/portlibs/ppc/lib/libfreetype.a(pshinter.o)
 .text.ps_dimension_set_mask_bits
                0x80038df4      0x188 /opt/devkitpro/portlibs/ppc/lib/libfreetype.a(pshinter.o)
 .text.ps_hints_t2counter
                0x80038f7c       0xd8 /opt/devkitpro/portlibs/ppc/lib/libfreetype.a(pshinter.o)
 .text.ps_hints_t2mask
                0x80039054       0xc4 /opt/devkitpro/portlibs/ppc/lib/libfreetype.a(pshinter.o)
 .text.ps_hints_apply.part.0
                0x80039118     0x14b0 /opt/devkitpro/portlibs/ppc/lib/libfreetype.a(pshinter.o)
 .text.t1_hints_apply
                0x8003a5c8       0x24 /opt/devkitpro/portlibs/ppc/lib/libfreetype.a(pshinter.o)
 .text.t2_hints_apply
                0x8003a5ec       0x24 /opt/devkitpro/portlibs/ppc/lib/libfreetype.a(pshinter.o)
 .text.ps_hints_t1reset
                0x8003a610       0xf4 /opt/devkitpro/portlibs/ppc/lib/libfreetype.a(pshinter.o)
 .text.psh_globals_new
                0x8003a704      0x334 /opt/devkitpro/portlibs/ppc/lib/libfreetype.a(pshinter.o)
 .text.ps_dimension_add_t1stem
                0x8003aa38      0x2d0 /opt/devkitpro/portlibs/ppc/lib/libfreetype.a(pshinter.o)
 .text.t1_hints_stem
                0x8003ad08       0xa8 /opt/devkitpro/portlibs/ppc/lib/libfreetype.a(pshinter.o)
 .text.t2_hints_stems
                0x8003adb0      0x1c8 /opt/devkitpro/portlibs/ppc/lib/libfreetype.a(pshinter.o)
 .text.ps_hints_t1stem3
                0x8003af78      0x35c /opt/devkitpro/portlibs/ppc/lib/libfreetype.a(pshinter.o)
 .text.ps_unicode_value
                0x8003b2d4      0x26c /opt/devkitpro/portlibs/ppc/lib/libfreetype.a(psnames.o)
 .text.compare_uni_maps
                0x8003b540       0x40 /opt/devkitpro/portlibs/ppc/lib/libfreetype.a(psnames.o)
 .text.ps_unicodes_char_index
                0x8003b580       0xb4 /opt/devkitpro/portlibs/ppc/lib/libfreetype.a(psnames.o)
 .text.ps_unicodes_char_next
                0x8003b634       0xdc /opt/devkitpro/portlibs/ppc/lib/libfreetype.a(psnames.o)
 .text.ps_get_macintosh_name
                0x8003b710       0x3c /opt/devkitpro/portlibs/ppc/lib/libfreetype.a(psnames.o)
 .text.ps_get_standard_strings
                0x8003b74c       0x30 /opt/devkitpro/portlibs/ppc/lib/libfreetype.a(psnames.o)
 .text.psnames_get_service
                0x8003b77c        0xc /opt/devkitpro/portlibs/ppc/lib/libfreetype.a(psnames.o)
 .text.ps_unicodes_init
                0x8003b788      0x384 /opt/devkitpro/portlibs/ppc/lib/libfreetype.a(psnames.o)
 .text.New_Profile
                0x8003bb0c      0x128 /opt/devkitpro/portlibs/ppc/lib/libfreetype.a(raster.o)
 .text.End_Profile
                0x8003bc34      0x23c /opt/devkitpro/portlibs/ppc/lib/libfreetype.a(raster.o)
 .text.Split_Conic
                0x8003be70       0x6c /opt/devkitpro/portlibs/ppc/lib/libfreetype.a(raster.o)
 .text.Split_Cubic
                0x8003bedc       0xac /opt/devkitpro/portlibs/ppc/lib/libfreetype.a(raster.o)
 .text.Bezier_Up
                0x8003bf88      0x20c /opt/devkitpro/portlibs/ppc/lib/libfreetype.a(raster.o)
 .text.Cubic_To
                0x8003c194      0x28c /opt/devkitpro/portlibs/ppc/lib/libfreetype.a(raster.o)
 .text.Increment
                0x8003c420       0xd0 /opt/devkitpro/portlibs/ppc/lib/libfreetype.a(raster.o)
 .text.Vertical_Sweep_Init
                0x8003c4f0       0x18 /opt/devkitpro/portlibs/ppc/lib/libfreetype.a(raster.o)
 .text.Vertical_Sweep_Span
                0x8003c508      0x138 /opt/devkitpro/portlibs/ppc/lib/libfreetype.a(raster.o)
 .text.Vertical_Sweep_Drop
                0x8003c640       0x8c /opt/devkitpro/portlibs/ppc/lib/libfreetype.a(raster.o)
 .text.Vertical_Sweep_Step
                0x8003c6cc       0x14 /opt/devkitpro/portlibs/ppc/lib/libfreetype.a(raster.o)
 .text.Horizontal_Sweep_Init
                0x8003c6e0        0x4 /opt/devkitpro/portlibs/ppc/lib/libfreetype.a(raster.o)
 .text.Horizontal_Sweep_Span
                0x8003c6e4       0xc0 /opt/devkitpro/portlibs/ppc/lib/libfreetype.a(raster.o)
 .text.Horizontal_Sweep_Drop
                0x8003c7a4       0xa4 /opt/devkitpro/portlibs/ppc/lib/libfreetype.a(raster.o)
 .text.Horizontal_Sweep_Step
                0x8003c848        0x4 /opt/devkitpro/portlibs/ppc/lib/libfreetype.a(raster.o)
 .text.ft_black_reset
                0x8003c84c        0x4 /opt/devkitpro/portlibs/ppc/lib/libfreetype.a(raster.o)
 .text.ft_black_set_mode
                0x8003c850        0x8 /opt/devkitpro/portlibs/ppc/lib/libfreetype.a(raster.o)
 .text.ft_raster1_init
                0x8003c858       0x40 /opt/devkitpro/portlibs/ppc/lib/libfreetype.a(raster.o)
 .text.ft_raster1_set_mode
                0x8003c898       0x18 /opt/devkitpro/portlibs/ppc/lib/libfreetype.a(raster.o)
 .text.ft_black_done
                0x8003c8b0        0xc /opt/devkitpro/portlibs/ppc/lib/libfreetype.a(raster.o)
 .text.Line_Up  0x8003c8bc      0x25c /opt/devkitpro/portlibs/ppc/lib/libfreetype.a(raster.o)
 .text.Line_To  0x8003cb18      0x140 /opt/devkitpro/portlibs/ppc/lib/libfreetype.a(raster.o)
 .text.ft_black_new
                0x8003cc58       0x58 /opt/devkitpro/portlibs/ppc/lib/libfreetype.a(raster.o)
 .text.ft_raster1_get_cbox
                0x8003ccb0       0x34 /opt/devkitpro/portlibs/ppc/lib/libfreetype.a(raster.o)
 .text.ft_raster1_render
                0x8003cce4      0x388 /opt/devkitpro/portlibs/ppc/lib/libfreetype.a(raster.o)
 .text.ft_raster1_transform
                0x8003d06c       0x78 /opt/devkitpro/portlibs/ppc/lib/libfreetype.a(raster.o)
 .text.Conic_To
                0x8003d0e4      0x250 /opt/devkitpro/portlibs/ppc/lib/libfreetype.a(raster.o)
 .text.Render_Single_Pass.constprop.0
                0x8003d334      0x9ac /opt/devkitpro/portlibs/ppc/lib/libfreetype.a(raster.o)
 .text.Render_Glyph
                0x8003dce0      0x154 /opt/devkitpro/portlibs/ppc/lib/libfreetype.a(raster.o)
 .text.ft_black_render
                0x8003de34      0x138 /opt/devkitpro/portlibs/ppc/lib/libfreetype.a(raster.o)
 .text.ft_sdf_init
                0x8003df6c       0x20 /opt/devkitpro/portlibs/ppc/lib/libfreetype.a(sdf.o)
 .text.ft_sdf_done
                0x8003df8c        0x4 /opt/devkitpro/portlibs/ppc/lib/libfreetype.a(sdf.o)
 .text.ft_sdf_set_mode
                0x8003df90       0x18 /opt/devkitpro/portlibs/ppc/lib/libfreetype.a(sdf.o)
 .text.bsdf_raster_reset
                0x8003dfa8        0x4 /opt/devkitpro/portlibs/ppc/lib/libfreetype.a(sdf.o)
 .text.bsdf_raster_set_mode
                0x8003dfac        0x8 /opt/devkitpro/portlibs/ppc/lib/libfreetype.a(sdf.o)
 .text.ft_sdf_get_cbox
                0x8003dfb4       0x34 /opt/devkitpro/portlibs/ppc/lib/libfreetype.a(sdf.o)
 .text.bsdf_raster_done
                0x8003dfe8        0xc /opt/devkitpro/portlibs/ppc/lib/libfreetype.a(sdf.o)
 .text.sdf_raster_done
                0x8003dff4        0xc /opt/devkitpro/portlibs/ppc/lib/libfreetype.a(sdf.o)
 .text.ft_sdf_render
                0x8003e000      0x350 /opt/devkitpro/portlibs/ppc/lib/libfreetype.a(sdf.o)
 .text.ft_sdf_requester
                0x8003e350        0xc /opt/devkitpro/portlibs/ppc/lib/libfreetype.a(sdf.o)
 .text.sdf_property_get
                0x8003e35c       0xd4 /opt/devkitpro/portlibs/ppc/lib/libfreetype.a(sdf.o)
 .text.sdf_property_set
                0x8003e430      0x100 /opt/devkitpro/portlibs/ppc/lib/libfreetype.a(sdf.o)
 .text.ft_bsdf_render
                0x8003e530      0x27c /opt/devkitpro/portlibs/ppc/lib/libfreetype.a(sdf.o)
 .text.compare_neighbor
                0x8003e7ac       0x90 /opt/devkitpro/portlibs/ppc/lib/libfreetype.a(sdf.o)
 .text.bsdf_raster_new
                0x8003e83c       0x58 /opt/devkitpro/portlibs/ppc/lib/libfreetype.a(sdf.o)
 .text.sdf_raster_new
                0x8003e894       0x58 /opt/devkitpro/portlibs/ppc/lib/libfreetype.a(sdf.o)
 .text.ft_sdf_transform
                0x8003e8ec       0x78 /opt/devkitpro/portlibs/ppc/lib/libfreetype.a(sdf.o)
 .text.sdf_contour_done
                0x8003e964       0x80 /opt/devkitpro/portlibs/ppc/lib/libfreetype.a(sdf.o)
 .text.sdf_raster_set_mode
                0x8003e9e4        0x8 /opt/devkitpro/portlibs/ppc/lib/libfreetype.a(sdf.o)
 .text.sdf_raster_reset
                0x8003e9ec        0x4 /opt/devkitpro/portlibs/ppc/lib/libfreetype.a(sdf.o)
 .text.sdf_generate_bounding_box.isra.0
                0x8003e9f0     0x1104 /opt/devkitpro/portlibs/ppc/lib/libfreetype.a(sdf.o)
 .text.bsdf_raster_render
                0x8003faf4     0x10dc /opt/devkitpro/portlibs/ppc/lib/libfreetype.a(sdf.o)
 .text.sdf_move_to
                0x80040bd0       0xd0 /opt/devkitpro/portlibs/ppc/lib/libfreetype.a(sdf.o)
 .text.sdf_line_to
                0x80040ca0      0x12c /opt/devkitpro/portlibs/ppc/lib/libfreetype.a(sdf.o)
 .text.sdf_cubic_to
                0x80040dcc      0x170 /opt/devkitpro/portlibs/ppc/lib/libfreetype.a(sdf.o)
 .text.sdf_conic_to
                0x80040f3c      0x198 /opt/devkitpro/portlibs/ppc/lib/libfreetype.a(sdf.o)
 .text.split_sdf_conic
                0x800410d4      0x25c /opt/devkitpro/portlibs/ppc/lib/libfreetype.a(sdf.o)
 .text.split_sdf_cubic
                0x80041330      0x34c /opt/devkitpro/portlibs/ppc/lib/libfreetype.a(sdf.o)
 .text.split_sdf_shape
                0x8004167c      0x2c0 /opt/devkitpro/portlibs/ppc/lib/libfreetype.a(sdf.o)
 .text.sdf_raster_render
                0x8004193c      0xa20 /opt/devkitpro/portlibs/ppc/lib/libfreetype.a(sdf.o)
 .text.get_sfnt_table
                0x8004235c       0x9c /opt/devkitpro/portlibs/ppc/lib/libfreetype.a(sfnt.o)
 .text.sfnt_table_info
                0x800423f8       0x6c /opt/devkitpro/portlibs/ppc/lib/libfreetype.a(sfnt.o)
 .text.sfnt_is_postscript
                0x80042464       0x34 /opt/devkitpro/portlibs/ppc/lib/libfreetype.a(sfnt.o)
 .text.sfnt_is_alphanumeric
                0x80042498       0x2c /opt/devkitpro/portlibs/ppc/lib/libfreetype.a(sfnt.o)
 .text.sfnt_get_name_id
                0x800424c4       0xec /opt/devkitpro/portlibs/ppc/lib/libfreetype.a(sfnt.o)
 .text.compare_offsets
                0x800425b0       0x2c /opt/devkitpro/portlibs/ppc/lib/libfreetype.a(sfnt.o)
 .text.tt_cmap_init
                0x800425dc        0xc /opt/devkitpro/portlibs/ppc/lib/libfreetype.a(sfnt.o)
 .text.tt_cmap0_char_index
                0x800425e8       0x20 /opt/devkitpro/portlibs/ppc/lib/libfreetype.a(sfnt.o)
 .text.tt_cmap0_char_next
                0x80042608       0x8c /opt/devkitpro/portlibs/ppc/lib/libfreetype.a(sfnt.o)
 .text.tt_cmap0_get_info
                0x80042694       0x1c /opt/devkitpro/portlibs/ppc/lib/libfreetype.a(sfnt.o)
 .text.tt_cmap2_char_next
                0x800426b0      0x248 /opt/devkitpro/portlibs/ppc/lib/libfreetype.a(sfnt.o)
 .text.tt_cmap2_get_info
                0x800428f8       0x1c /opt/devkitpro/portlibs/ppc/lib/libfreetype.a(sfnt.o)
 .text.tt_cmap4_init
                0x80042914       0x2c /opt/devkitpro/portlibs/ppc/lib/libfreetype.a(sfnt.o)
 .text.tt_cmap4_set_range
                0x80042940      0x148 /opt/devkitpro/portlibs/ppc/lib/libfreetype.a(sfnt.o)
 .text.tt_cmap4_next
                0x80042a88      0x1b0 /opt/devkitpro/portlibs/ppc/lib/libfreetype.a(sfnt.o)
 .text.tt_cmap4_char_map_linear
                0x80042c38      0x30c /opt/devkitpro/portlibs/ppc/lib/libfreetype.a(sfnt.o)
 .text.tt_cmap4_char_map_binary
                0x80042f44      0x92c /opt/devkitpro/portlibs/ppc/lib/libfreetype.a(sfnt.o)
 .text.tt_cmap4_char_index
                0x80043870       0x60 /opt/devkitpro/portlibs/ppc/lib/libfreetype.a(sfnt.o)
 .text.tt_cmap4_char_next
                0x800438d0       0x80 /opt/devkitpro/portlibs/ppc/lib/libfreetype.a(sfnt.o)
 .text.tt_cmap4_get_info
                0x80043950       0x1c /opt/devkitpro/portlibs/ppc/lib/libfreetype.a(sfnt.o)
 .text.tt_cmap6_char_index
                0x8004396c       0x30 /opt/devkitpro/portlibs/ppc/lib/libfreetype.a(sfnt.o)
 .text.tt_cmap6_char_next
                0x8004399c       0xa4 /opt/devkitpro/portlibs/ppc/lib/libfreetype.a(sfnt.o)
 .text.tt_cmap6_get_info
                0x80043a40       0x1c /opt/devkitpro/portlibs/ppc/lib/libfreetype.a(sfnt.o)
 .text.tt_cmap8_char_index
                0x80043a5c       0xc4 /opt/devkitpro/portlibs/ppc/lib/libfreetype.a(sfnt.o)
 .text.tt_cmap8_char_next
                0x80043b20       0xd8 /opt/devkitpro/portlibs/ppc/lib/libfreetype.a(sfnt.o)
 .text.tt_cmap8_get_info
                0x80043bf8       0x1c /opt/devkitpro/portlibs/ppc/lib/libfreetype.a(sfnt.o)
 .text.tt_cmap10_char_index
                0x80043c14       0x3c /opt/devkitpro/portlibs/ppc/lib/libfreetype.a(sfnt.o)
 .text.tt_cmap10_char_next
                0x80043c50       0x94 /opt/devkitpro/portlibs/ppc/lib/libfreetype.a(sfnt.o)
 .text.tt_cmap10_get_info
                0x80043ce4       0x1c /opt/devkitpro/portlibs/ppc/lib/libfreetype.a(sfnt.o)
 .text.tt_cmap12_init
                0x80043d00       0x20 /opt/devkitpro/portlibs/ppc/lib/libfreetype.a(sfnt.o)
 .text.tt_cmap12_next
                0x80043d20       0xc4 /opt/devkitpro/portlibs/ppc/lib/libfreetype.a(sfnt.o)
 .text.tt_cmap12_char_map_binary
                0x80043de4      0x17c /opt/devkitpro/portlibs/ppc/lib/libfreetype.a(sfnt.o)
 .text.tt_cmap12_char_index
                0x80043f60       0x2c /opt/devkitpro/portlibs/ppc/lib/libfreetype.a(sfnt.o)
 .text.tt_cmap12_get_info
                0x80043f8c       0x1c /opt/devkitpro/portlibs/ppc/lib/libfreetype.a(sfnt.o)
 .text.tt_cmap13_init
                0x80043fa8       0x20 /opt/devkitpro/portlibs/ppc/lib/libfreetype.a(sfnt.o)
 .text.tt_cmap13_next
                0x80043fc8       0x8c /opt/devkitpro/portlibs/ppc/lib/libfreetype.a(sfnt.o)
 .text.tt_cmap13_char_map_binary
                0x80044054      0x154 /opt/devkitpro/portlibs/ppc/lib/libfreetype.a(sfnt.o)
 .text.tt_cmap13_char_index
                0x800441a8       0x2c /opt/devkitpro/portlibs/ppc/lib/libfreetype.a(sfnt.o)
 .text.tt_cmap13_get_info
                0x800441d4       0x1c /opt/devkitpro/portlibs/ppc/lib/libfreetype.a(sfnt.o)
 .text.tt_cmap14_init
                0x800441f0       0x24 /opt/devkitpro/portlibs/ppc/lib/libfreetype.a(sfnt.o)
 .text.tt_cmap14_char_index
                0x80044214        0x8 /opt/devkitpro/portlibs/ppc/lib/libfreetype.a(sfnt.o)
 .text.tt_cmap14_char_next
                0x8004421c       0x10 /opt/devkitpro/portlibs/ppc/lib/libfreetype.a(sfnt.o)
 .text.tt_cmap14_get_info
                0x8004422c       0x18 /opt/devkitpro/portlibs/ppc/lib/libfreetype.a(sfnt.o)
 .text.tt_cmap14_char_map_def_binary
                0x80044244       0x74 /opt/devkitpro/portlibs/ppc/lib/libfreetype.a(sfnt.o)
 .text.tt_cmap14_char_map_nondef_binary
                0x800442b8       0x6c /opt/devkitpro/portlibs/ppc/lib/libfreetype.a(sfnt.o)
 .text.tt_cmap14_find_variant
                0x80044324       0x6c /opt/devkitpro/portlibs/ppc/lib/libfreetype.a(sfnt.o)
 .text.tt_cmap14_char_var_index
                0x80044390       0xe4 /opt/devkitpro/portlibs/ppc/lib/libfreetype.a(sfnt.o)
 .text.tt_cmap14_char_var_isdefault
                0x80044474       0xb8 /opt/devkitpro/portlibs/ppc/lib/libfreetype.a(sfnt.o)
 .text.tt_cmap_unicode_init
                0x8004452c       0x3c /opt/devkitpro/portlibs/ppc/lib/libfreetype.a(sfnt.o)
 .text.tt_cmap_unicode_char_index
                0x80044568       0x14 /opt/devkitpro/portlibs/ppc/lib/libfreetype.a(sfnt.o)
 .text.tt_cmap_unicode_char_next
                0x8004457c       0x14 /opt/devkitpro/portlibs/ppc/lib/libfreetype.a(sfnt.o)
 .text.tt_get_cmap_info
                0x80044590       0x20 /opt/devkitpro/portlibs/ppc/lib/libfreetype.a(sfnt.o)
 .text.tt_face_get_colr_layer
                0x800445b0      0x14c /opt/devkitpro/portlibs/ppc/lib/libfreetype.a(sfnt.o)
 .text.get_child_table_pointer
                0x800446fc       0x8c /opt/devkitpro/portlibs/ppc/lib/libfreetype.a(sfnt.o)
 .text.tt_face_get_colr_glyph_paint
                0x80044788       0xe8 /opt/devkitpro/portlibs/ppc/lib/libfreetype.a(sfnt.o)
 .text.tt_face_get_paint_layers
                0x80044870       0xc0 /opt/devkitpro/portlibs/ppc/lib/libfreetype.a(sfnt.o)
 .text.tt_face_palette_set
                0x80044930       0xd0 /opt/devkitpro/portlibs/ppc/lib/libfreetype.a(sfnt.o)
 .text.extract_svg_doc
                0x80044a00       0x1c /opt/devkitpro/portlibs/ppc/lib/libfreetype.a(sfnt.o)
 .text.tt_face_get_kerning
                0x80044a1c      0x1d4 /opt/devkitpro/portlibs/ppc/lib/libfreetype.a(sfnt.o)
 .text.tt_sbit_decoder_load_metrics
                0x80044bf0       0xb4 /opt/devkitpro/portlibs/ppc/lib/libfreetype.a(sfnt.o)
 .text.tt_sbit_decoder_load_byte_aligned
                0x80044ca4      0x2cc /opt/devkitpro/portlibs/ppc/lib/libfreetype.a(sfnt.o)
 .text.tt_sbit_decoder_load_bit_aligned
                0x80044f70      0x304 /opt/devkitpro/portlibs/ppc/lib/libfreetype.a(sfnt.o)
 .text.sfnt_get_interface
                0x80045274        0xc /opt/devkitpro/portlibs/ppc/lib/libfreetype.a(sfnt.o)
 .text.tt_face_load_kern
                0x80045280      0x1e0 /opt/devkitpro/portlibs/ppc/lib/libfreetype.a(sfnt.o)
 .text.tt_face_free_sbit
                0x80045460       0x44 /opt/devkitpro/portlibs/ppc/lib/libfreetype.a(sfnt.o)
 .text.tt_face_get_metrics
                0x800454a4      0x348 /opt/devkitpro/portlibs/ppc/lib/libfreetype.a(sfnt.o)
 .text.tt_name_ascii_from_other
                0x800457ec       0xd4 /opt/devkitpro/portlibs/ppc/lib/libfreetype.a(sfnt.o)
 .text.tt_name_ascii_from_utf16
                0x800458c0       0xe4 /opt/devkitpro/portlibs/ppc/lib/libfreetype.a(sfnt.o)
 .text.tt_face_free_svg
                0x800459a4       0x54 /opt/devkitpro/portlibs/ppc/lib/libfreetype.a(sfnt.o)
 .text.tt_face_get_name
                0x800459f8      0x2ec /opt/devkitpro/portlibs/ppc/lib/libfreetype.a(sfnt.o)
 .text.tt_face_free_colr
                0x80045ce4       0xa4 /opt/devkitpro/portlibs/ppc/lib/libfreetype.a(sfnt.o)
 .text.tt_face_free_cpal
                0x80045d88       0x54 /opt/devkitpro/portlibs/ppc/lib/libfreetype.a(sfnt.o)
 .text.tt_face_free_ps_names
                0x80045ddc       0xac /opt/devkitpro/portlibs/ppc/lib/libfreetype.a(sfnt.o)
 .text.tt_face_free_name
                0x80045e88      0x110 /opt/devkitpro/portlibs/ppc/lib/libfreetype.a(sfnt.o)
 .text.sfnt_done_face
                0x80045f98      0x288 /opt/devkitpro/portlibs/ppc/lib/libfreetype.a(sfnt.o)
 .text.sfnt_stream_close
                0x80046220       0x44 /opt/devkitpro/portlibs/ppc/lib/libfreetype.a(sfnt.o)
 .text.tt_cmap14_done
                0x80046264       0x54 /opt/devkitpro/portlibs/ppc/lib/libfreetype.a(sfnt.o)
 .text.tt_cmap_unicode_done