Archive member included to satisfy reference by file (symbol)

/opt/devkitpro/portlibs/wii/lib/libgrrlib.a(GRRLIB_core.o)
                              main.o (rmode)
/opt/devkitpro/portlibs/wii/lib/libgrrlib.a(GRRLIB_render.o)
                              main.o (GRRLIB_Render)
/opt/devkitpro/portlibs/wii/lib/libgrrlib.a(GRRLIB_ttf.o)
                              /opt/devkitpro/portlibs/wii/lib/libgrrlib.a(GRRLIB_core.o) (GRRLIB_InitTTF)
/opt/devkitpro/portlibs/ppc/lib/libfreetype.a(ftbase.o)
                              /opt/devkitpro/portlibs/wii/lib/libgrrlib.a(GRRLIB_ttf.o) (FT_Done_Face)
/opt/devkitpro/portlibs/ppc/lib/libfreetype.a(ftinit.o)
                              /opt/devkitpro/portlibs/wii/lib/libgrrlib.a(GRRLIB_ttf.o) (FT_Init_FreeType)
/opt/devkitpro/portlibs/ppc/lib/libfreetype.a(bdf.o)
                              /opt/devkitpro/portlibs/ppc/lib/libfreetype.a(ftinit.o) (bdf_driver_class)
/opt/devkitpro/portlibs/ppc/lib/libfreetype.a(cff.o)
                              /opt/devkitpro/portlibs/ppc/lib/libfreetype.a(ftinit.o) (cff_driver_class)
/opt/devkitpro/portlibs/ppc/lib/libfreetype.a(type1cid.o)
                              /opt/devkitpro/portlibs/ppc/lib/libfreetype.a(ftinit.o) (t1cid_driver_class)
/opt/devkitpro/portlibs/ppc/lib/libfreetype.a(pcf.o)
                              /opt/devkitpro/portlibs/ppc/lib/libfreetype.a(ftinit.o) (pcf_driver_class)
/opt/devkitpro/portlibs/ppc/lib/libfreetype.a(pfr.o)
                              /opt/devkitpro/portlibs/ppc/lib/libfreetype.a(ftinit.o) (pfr_driver_class)
/opt/devkitpro/portlibs/ppc/lib/libfreetype.a(psaux.o)
                              /opt/devkitpro/portlibs/ppc/lib/libfreetype.a(ftinit.o) (psaux_module_class)
/opt/devkitpro/portlibs/ppc/lib/libfreetype.a(pshinter.o)
                              /opt/devkitpro/portlibs/ppc/lib/libfreetype.a(ftinit.o) (pshinter_module_class)
/opt/devkitpro/portlibs/ppc/lib/libfreetype.a(psnames.o)
                              /opt/devkitpro/portlibs/ppc/lib/libfreetype.a(ftinit.o) (psnames_module_class)
/opt/devkitpro/portlibs/ppc/lib/libfreetype.a(raster.o)
                              /opt/devkitpro/portlibs/ppc/lib/libfreetype.a(ftinit.o) (ft_raster1_renderer_class)
/opt/devkitpro/portlibs/ppc/lib/libfreetype.a(sdf.o)
                              /opt/devkitpro/portlibs/ppc/lib/libfreetype.a(ftinit.o) (ft_bitmap_sdf_renderer_class)
/opt/devkitpro/portlibs/ppc/lib/libfreetype.a(sfnt.o)
                              /opt/devkitpro/portlibs/ppc/lib/libfreetype.a(ftinit.o) (sfnt_module_class)
/opt/devkitpro/portlibs/ppc/lib/libfreetype.a(smooth.o)
                              /opt/devkitpro/portlibs/ppc/lib/libfreetype.a(ftinit.o) (ft_smooth_renderer_class)
/opt/devkitpro/portlibs/ppc/lib/libfreetype.a(svg.o)
                              /opt/devkitpro/portlibs/ppc/lib/libfreetype.a(ftinit.o) (ft_svg_renderer_class)
/opt/devkitpro/portlibs/ppc/lib/libfreetype.a(truetype.o)
                              /opt/devkitpro/portlibs/ppc/lib/libfreetype.a(ftinit.o) (tt_driver_class)
/opt/devkitpro/portlibs/ppc/lib/libfreetype.a(type1.o)
                              /opt/devkitpro/portlibs/ppc/lib/libfreetype.a(ftinit.o) (t1_driver_class)
/opt/devkitpro/portlibs/ppc/lib/libfreetype.a(type42.o)
                              /opt/devkitpro/portlibs/ppc/lib/libfreetype.a(ftinit.o) (t42_driver_class)
/opt/devkitpro/portlibs/ppc/lib/libfreetype.a(winfnt.o)
                              /opt/devkitpro/portlibs/ppc/lib/libfreetype.a(ftinit.o) (winfnt_driver_class)
/opt/devkitpro/portlibs/ppc/lib/libfreetype.a(ftsystem.o)
                              /opt/devkitpro/portlibs/ppc/lib/libfreetype.a(ftbase.o) (FT_Stream_Open)
/opt/devkitpro/portlibs/ppc/lib/libfreetype.a(ftdebug.o)
                              /opt/devkitpro/portlibs/ppc/lib/libfreetype.a(smooth.o) (FT_Trace_Disable)
/opt/devkitpro/portlibs/ppc/lib/libfreetype.a(autofit.o)
                              /opt/devkitpro/portlibs/ppc/lib/libfreetype.a(ftinit.o) (autofit_module_class)
/opt/devkitpro/portlibs/ppc/lib/libfreetype.a(ftbitmap.o)
                              /opt/devkitpro/portlibs/ppc/lib/libfreetype.a(sdf.o) (FT_Bitmap_Init)
/opt/devkitpro/portlibs/ppc/lib/libfreetype.a(ftmm.o)
                              /opt/devkitpro/portlibs/ppc/lib/libfreetype.a(cff.o) (FT_Set_Named_Instance)
/opt/devkitpro/portlibs/ppc/lib/libfreetype.a(ftgzip.o)
                              /opt/devkitpro/portlibs/ppc/lib/libfreetype.a(pcf.o) (FT_Stream_OpenGzip)
/opt/devkitpro/portlibs/ppc/lib/libfreetype.a(ftlzw.o)
                              /opt/devkitpro/portlibs/ppc/lib/libfreetype.a(pcf.o) (FT_Stream_OpenLZW)
/opt/devkitpro/devkitPPC/bin/../lib/gcc/powerpc-eabi/15.1.0/../../../../powerpc-eabi/lib/libm.a(libm_a-w_sincos.o)
                              /opt/devkitpro/portlibs/wii/lib/libgrrlib.a(GRRLIB_render.o) (sincos)
/opt/devkitpro/devkitPPC/bin/../lib/gcc/powerpc-eabi/15.1.0/../../../../powerpc-eabi/lib/libm.a(libm_a-s_sin.o)
[...]
Memory Configuration

Name             Origin             Length             Attributes
*default*        0x00000000         0xffffffff

Linker script and memory map

                0x00003400                        . = 0x3400

.stub
 *(.stub)
                0x80004000                        . = 0x80004000

.init           0x80004000      0x194
 *crt0.o(*.init)
 .init          0x80004000      0x170 /opt/devkitpro/libogc/lib/wii/libogc.a(ogc_crt0.o)
                0x80004000                _start
                0x80004140                _memset
 *(.init)
 .init          0x80004170        0xc /opt/devkitpro/devkitPPC/bin/../lib/gcc/powerpc-eabi/15.1.0/ecrti.o
                0x80004170                __init
 .init          0x8000417c        0x4 /opt/devkitpro/devkitPPC/bin/../lib/gcc/powerpc-eabi/15.1.0/crtbegin.o
 .init          0x80004180        0x4 /opt/devkitpro/devkitPPC/bin/../lib/gcc/powerpc-eabi/15.1.0/crtend.o
 .init          0x80004184       0x10 /opt/devkitpro/devkitPPC/bin/../lib/gcc/powerpc-eabi/15.1.0/ecrtn.o

.rela.dyn       0x80004194        0x0
 .rela.iplt     0x80004194        0x0 /opt/devkitpro/devkitPPC/bin/../lib/gcc/powerpc-eabi/15.1.0/crtbegin.o

.plt
 *(.plt)

.interp
 *(.interp)

.hash
 *(.hash)

.dynsym
 *(.dynsym)

.dynstr
 *(.dynstr)

.gnu.version
 *(.gnu.version)

.gnu.version_d
 *(.gnu.version_d)

.gnu.version_r
 *(.gnu.version_r)

.rel.init
 *(.rel.init)

.rela.init
 *(.rela.init)

.rel.text
 *(.rel.text .rel.text.* .rel.gnu.linkonce.t.*)

.rela.text      0x80004194        0x0
 *(.rela.text .rela.text.* .rela.gnu.linkonce.t.*)
 .rela.text.__do_global_dtors_aux
                0x80004194        0x0 /opt/devkitpro/devkitPPC/bin/../lib/gcc/powerpc-eabi/15.1.0/crtbegin.o
 .rela.text.frame_dummy
                0x80004194        0x0 /opt/devkitpro/devkitPPC/bin/../lib/gcc/powerpc-eabi/15.1.0/crtbegin.o
 .rela.text.unlikely.abort
                0x80004194        0x0 /opt/devkitpro/devkitPPC/bin/../lib/gcc/powerpc-eabi/15.1.0/crtbegin.o
 .rela.text.__assert_func
                0x80004194        0x0 /opt/devkitpro/devkitPPC/bin/../lib/gcc/powerpc-eabi/15.1.0/crtbegin.o

.rel.fini
 *(.rel.fini)

.rela.fini
 *(.rela.fini)

.rel.rodata
 *(.rel.rodata .rel.rodata.* .rel.gnu.linkonce.r.*)

.rela.rodata
 *(.rela.rodata .rela.rodata.* .rela.gnu.linkonce.r.*)

.rel.data
 *(.rel.data .rel.data.* .rel.gnu.linkonce.d.*)

.rela.data
 *(.rela.data .rela.data.* .rela.gnu.linkonce.d.*)

.rel.tdata
 *(.rel.tdata .rel.tdata.* .rel.gnu.linkonce.td.*)

.rela.tdata
 *(.rela.tdata .rela.tdata.* .rela.gnu.linkonce.td.*)

.rel.tbss
 *(.rel.tbss .rel.tbss.* .rel.gnu.linkonce.tb.*)

.rela.tbss
 *(.rela.tbss .rela.tbss.* .rela.gnu.linkonce.tb.*)

.rel.ctors
 *(.rel.ctors)

.rela.ctors
 *(.rela.ctors)

.rel.dtors
 *(.rel.dtors)

.rela.dtors
 *(.rela.dtors)

.rel.got
 *(.rel.got)

.rela.got
 *(.rela.got)

.rela.got1
 *(.rela.got1)

.rela.got2
 *(.rela.got2)

.rel.sdata
 *(.rel.sdata .rel.sdata.* .rel.gnu.linkonce.s.*)

.rela.sdata
 *(.rela.sdata .rela.sdata.* .rela.gnu.linkonce.s.*)

.rel.sbss
 *(.rel.sbss .rel.sbss.* .rel.gnu.linkonce.sb.*)

.rela.sbss
 *(.rela.sbss .rela.sbss.* .rel.gnu.linkonce.sb.*)

.rel.sdata2
 *(.rel.sdata2 .rel.sdata2.* .rel.gnu.linkonce.s2.*)

.rela.sdata2
 *(.rela.sdata2 .rela.sdata2.* .rela.gnu.linkonce.s2.*)

.rel.sbss2
 *(.rel.sbss2 .rel.sbss2.* .rel.gnu.linkonce.sb2.*)

.rela.sbss2
 *(.rela.sbss2 .rela.sbss2.* .rela.gnu.linkonce.sb2.*)

.rel.bss
 *(.rel.bss .rel.bss.* .rel.gnu.linkonce.b.*)

.rela.bss
 *(.rela.bss .rela.bss.* .rela.gnu.linkonce.b.*)

.rel.plt
 *(.rel.plt)

.rela.plt
 *(.rela.plt)

.text           0x800041a0    0xd5280
 *(.text)
 .text          0x800041a0      0x44c /opt/devkitpro/libogc/lib/wii/libogc.a(lwp_handler.o)
                0x800041a0                _cpu_context_save_fp
                0x800042e0                _cpu_context_restore_fp
                0x80004420                _cpu_context_switch
                0x80004500                _cpu_context_save
                0x80004580                _cpu_context_restore
 .text          0x800045ec      0x4f4 /opt/devkitpro/libogc/lib/wii/libogc.a(cache_asm.o)
                0x800045ec                DCFlashInvalidate
                0x80004600                DCEnable
                0x80004614                DCDisable
                0x80004628                DCFreeze
                0x8000463c                DCUnfreeze
                0x80004650                DCTouchLoad
                0x80004658                DCBlockZero
                0x80004660                DCBlockStore
                0x80004668                DCBlockFlush
                0x80004670                DCBlockInvalidate
                0x80004678                DCInvalidateRange
                0x800046a8                DCFlushRange
                0x800046dc                DCStoreRange
                0x80004710                DCFlushRangeNoSync
                0x80004740                DCStoreRangeNoSync
                0x80004770                DCZeroRange
                0x800047a0                DCTouchRange
                0x800047d0                ICInvalidateRange
                0x80004808                ICFlashInvalidate
                0x8000481c                ICEnable
                0x80004830                ICDisable
                0x80004844                ICFreeze
                0x80004858                ICUnfreeze
                0x8000486c                ICBlockInvalidate
                0x80004874                ICSync
                0x8000487c                L2Init
                0x800048c4                L2Enable
                0x800048e0                L2Disable
                0x800048f8                L2GlobalInvalidate
                0x80004950                __LCEnable
                0x80004a1c                LCDisable
                0x80004a44                LCAllocOneTag
                0x80004a58                LCAllocTags
                0x80004a98                LCLoadBlocks
                0x80004abc                LCStoreBlocks
 .text          0x80004ae0      0x46c /opt/devkitpro/libogc/lib/wii/libogc.a(system_asm.o)
                0x80004ae0                __realmode
                0x80004af8                __configBATS
                0x80004c28                __InitFPRS
                0x80004d54                __InitPS
                0x80004db0                __InitCache
                0x80004e08                __InitSystem
                0x80004e90                __reset
                0x80004f00                __InitBATS
                0x80004f1c                SYS_SwitchFiber
 .text          0x80004f4c      0x8dc /opt/devkitpro/libogc/lib/wii/libogc.a(gu_psasm.o)
                0x80004f4c                ps_guMtxConcat
                0x80005010                ps_guMtxIdentity
                0x8000503c                ps_guMtxCopy
                0x80005070                ps_guMtxTranspose
                0x800050c0                ps_guMtxInverse
                0x800051b8                ps_guMtxInvXpose
                0x80005280                ps_guMtxScale
                0x800052a8                ps_guMtxScaleApply
                0x80005300                ps_guMtxApplyScale
                0x80005364                ps_guMtxTrans
                0x80005398                ps_guMtxTransApply
                0x800053e4                ps_guMtxApplyTrans
                0x80005460                ps_guMtxRotTrig
                0x80005510                __ps_guMtxRotAxisRadInternal
                0x800055d0                ps_guMtxReflect
                0x80005640                ps_guVecAdd
                0x80005664                ps_guVecSub
                0x80005688                ps_guVecScale
                0x800056a4                ps_guVecNormalize
                0x800056e8                ps_guVecCross
                0x80005724                ps_guVecDotProduct
                0x80005744                ps_guVecMultiply
                0x80005798                ps_guVecMultiplySR
                0x80005808                ps_guQuatDotProduct
 .text          0x80005828      0x1ac /opt/devkitpro/libogc/lib/wii/libogc.a(irq_handler.o)
                0x80005828                irq_exceptionhandler
 .text          0x800059d4      0x1ac /opt/devkitpro/libogc/lib/wii/libogc.a(decrementer_handler.o)
                0x800059d4                dec_exceptionhandler
 .text          0x80005b80      0x35c /opt/devkitpro/libogc/lib/wii/libogc.a(exception_handler.o)
                0x80005b80                exceptionhandler_start
                0x80005bfc                exceptionhandler_patch
                0x80005c30                exceptionhandler_end
                0x80005c34                default_exceptionhandler
                0x80005d64                fpu_exceptionhandler
                0x80005eac                systemcallhandler_start
                0x80005ed8                systemcallhandler_end
 .text          0x80005edc       0x48 /opt/devkitpro/devkitPPC/bin/../lib/gcc/powerpc-eabi/15.1.0/libgcc.a(eabi.o)
                0x80005edc                __eabi
 .text          0x80005f24      0x180 /opt/devkitpro/devkitPPC/bin/../lib/gcc/powerpc-eabi/15.1.0/../../../../powerpc-eabi/lib/libc.a(libc_a-setjmp.o)
                0x80005f24                setjmp
                0x80005fe0                longjmp
 .text          0x800060a4       0x58 /opt/devkitpro/devkitPPC/bin/../lib/gcc/powerpc-eabi/15.1.0/libgcc.a(crtresxgpr.o)
                0x800060a4                _restgpr_14_x
                0x800060a8                _restgpr_15_x
                0x800060ac                _restgpr_16_x
                0x800060b0                _restgpr_17_x
                0x800060b4                _restgpr_18_x
                0x800060b8                _restgpr_19_x
                0x800060bc                _restgpr_20_x
                0x800060c0                _restgpr_21_x
                0x800060c4                _restgpr_22_x
                0x800060c8                _restgpr_23_x
                0x800060cc                _restgpr_24_x
                0x800060d0                _restgpr_25_x
                0x800060d4                _restgpr_26_x
                0x800060d8                _restgpr_27_x
                0x800060dc                _restgpr_28_x
                0x800060e0                _restgpr_29_x
                0x800060e4                _restgpr_30_x
                0x800060e8                _restgpr_31_x
 *(.text.*)
 .text.__do_global_dtors_aux
                0x800060fc       0xcc /opt/devkitpro/devkitPPC/bin/../lib/gcc/powerpc-eabi/15.1.0/crtbegin.o
 .text.frame_dummy
                0x800061c8       0x24 /opt/devkitpro/devkitPPC/bin/../lib/gcc/powerpc-eabi/15.1.0/crtbegin.o
 .text.__crtmain
                0x800061ec       0x40 /opt/devkitpro/devkitPPC/bin/../lib/gcc/powerpc-eabi/15.1.0/../../../../powerpc-eabi/lib/crtmain.o
                0x800061f0                __crtmain
 .text.startup.main
                0x8000622c      0x1d8 main.o
                0x8000622c                main
 .text.GRRLIB_FillScreen
                0x80006404      0x10c /opt/devkitpro/portlibs/wii/lib/libgrrlib.a(GRRLIB_core.o)
                0x80006404                GRRLIB_FillScreen
 .text.GRRLIB_Exit
                0x80006510       0xf8 /opt/devkitpro/portlibs/wii/lib/libgrrlib.a(GRRLIB_core.o)
                0x80006510                GRRLIB_Exit
 .text.GRRLIB_Init
                0x80006608      0x578 /opt/devkitpro/portlibs/wii/lib/libgrrlib.a(GRRLIB_core.o)
                0x80006608                GRRLIB_Init
 .text.GRRLIB_Render
                0x80006b80       0xbc /opt/devkitpro/portlibs/wii/lib/libgrrlib.a(GRRLIB_render.o)
                0x80006b80                GRRLIB_Render
 .text.GRRLIB_PrintfTTFW.part.0
                0x80006c3c      0x330 /opt/devkitpro/portlibs/wii/lib/libgrrlib.a(GRRLIB_ttf.o)
 .text.GRRLIB_InitTTF
                0x80006f6c       0x30 /opt/devkitpro/portlibs/wii/lib/libgrrlib.a(GRRLIB_ttf.o)
                0x80006f6c                GRRLIB_InitTTF
 .text.GRRLIB_ExitTTF
                0x80006f9c        0xc /opt/devkitpro/portlibs/wii/lib/libgrrlib.a(GRRLIB_ttf.o)
                0x80006f9c                GRRLIB_ExitTTF
 .text.GRRLIB_LoadTTF
                0x80006fa8       0x74 /opt/devkitpro/portlibs/wii/lib/libgrrlib.a(GRRLIB_ttf.o)
                0x80006fa8                GRRLIB_LoadTTF
 .text.GRRLIB_FreeTTF
                0x8000701c       0x38 /opt/devkitpro/portlibs/wii/lib/libgrrlib.a(GRRLIB_ttf.o)
                0x8000701c                GRRLIB_FreeTTF
 .text.GRRLIB_PrintfTTF
                0x80007054      0x12c /opt/devkitpro/portlibs/wii/lib/libgrrlib.a(GRRLIB_ttf.o)
                0x80007054                GRRLIB_PrintfTTF
 .text.FT_GlyphLoader_Adjust_Points
                0x80007180       0x80 /opt/devkitpro/portlibs/ppc/lib/libfreetype.a(ftbase.o)
 .text.hash_str_lookup
                0x80007200       0x48 /opt/devkitpro/portlibs/ppc/lib/libfreetype.a(ftbase.o)
 .text.hash_num_lookup
                0x80007248       0x3c /opt/devkitpro/portlibs/ppc/lib/libfreetype.a(ftbase.o)
 .text.hash_num_compare
                0x80007284       0x18 /opt/devkitpro/portlibs/ppc/lib/libfreetype.a(ftbase.o)
 .text.hash_bucket
                0x8000729c       0xc0 /opt/devkitpro/portlibs/ppc/lib/libfreetype.a(ftbase.o)
 .text.destroy_size
                0x8000735c       0xa8 /opt/devkitpro/portlibs/ppc/lib/libfreetype.a(ftbase.o)
 .text.find_unicode_charmap
                0x80007404      0x124 /opt/devkitpro/portlibs/ppc/lib/libfreetype.a(ftbase.o)
 .text.memory_stream_close
                0x80007528       0x68 /opt/devkitpro/portlibs/ppc/lib/libfreetype.a(ftbase.o)
 .text.ft_raccess_sort_ref_by_id
                0x80007590       0x10 /opt/devkitpro/portlibs/ppc/lib/libfreetype.a(ftbase.o)
 .text.ft_trig_pseudo_polarize
                0x800075a0      0x108 /opt/devkitpro/portlibs/ppc/lib/libfreetype.a(ftbase.o)
 .text.hash_str_compare
                0x800076a8       0x50 /opt/devkitpro/portlibs/ppc/lib/libfreetype.a(ftbase.o)
 .text.ft_property_do
                0x800076f8      0x1d4 /opt/devkitpro/portlibs/ppc/lib/libfreetype.a(ftbase.o)
 .text.ft_recompute_scaled_metrics.isra.0
                0x800078cc       0xfc /opt/devkitpro/portlibs/ppc/lib/libfreetype.a(ftbase.o)
 .text.destroy_charmaps.part.0
                0x800079c8       0xf0 /opt/devkitpro/portlibs/ppc/lib/libfreetype.a(ftbase.o)
 .text.raccess_guess_darwin_hfsplus
                0x80007ab8       0xdc /opt/devkitpro/portlibs/ppc/lib/libfreetype.a(ftbase.o)
 .text.raccess_guess_darwin_newvfs
                0x80007b94       0xf4 /opt/devkitpro/portlibs/ppc/lib/libfreetype.a(ftbase.o)
 .text.raccess_make_file_name
                0x80007c88      0x110 /opt/devkitpro/portlibs/ppc/lib/libfreetype.a(ftbase.o)
 .text.raccess_guess_linux_cap
                0x80007d98       0x7c /opt/devkitpro/portlibs/ppc/lib/libfreetype.a(ftbase.o)
 .text.raccess_guess_vfat
                0x80007e14       0x7c /opt/devkitpro/portlibs/ppc/lib/libfreetype.a(ftbase.o)
 .text.hash_insert
                0x80007e90      0x1d4 /opt/devkitpro/portlibs/ppc/lib/libfreetype.a(ftbase.o)
 .text.FT_RoundFix
                0x80008064       0x18 /opt/devkitpro/portlibs/ppc/lib/libfreetype.a(ftbase.o)
                0x80008064                FT_RoundFix
 .text.FT_MulDiv
                0x8000807c      0x260 /opt/devkitpro/portlibs/ppc/lib/libfreetype.a(ftbase.o)
                0x8000807c                FT_MulDiv
 .text.FT_MulDiv_No_Round
                0x800082dc      0x1cc /opt/devkitpro/portlibs/ppc/lib/libfreetype.a(ftbase.o)
                0x800082dc                FT_MulDiv_No_Round
 .text.FT_MulFix
                0x800084a8       0x38 /opt/devkitpro/portlibs/ppc/lib/libfreetype.a(ftbase.o)
                0x800084a8                FT_MulFix
 .text.FT_DivFix
                0x800084e0      0x13c /opt/devkitpro/portlibs/ppc/lib/libfreetype.a(ftbase.o)
                0x800084e0                FT_DivFix
 .text.FT_Matrix_Multiply
                0x8000861c      0x228 /opt/devkitpro/portlibs/ppc/lib/libfreetype.a(ftbase.o)
                0x8000861c                FT_Matrix_Multiply
 .text.FT_Matrix_Invert
                0x80008844      0x5e8 /opt/devkitpro/portlibs/ppc/lib/libfreetype.a(ftbase.o)
                0x80008844                FT_Matrix_Invert
 .text.FT_Matrix_Multiply_Scaled
                0x80008e2c      0x1a8 /opt/devkitpro/portlibs/ppc/lib/libfreetype.a(ftbase.o)
                0x80008e2c                FT_Matrix_Multiply_Scaled
 .text.FT_Matrix_Check
                0x80008fd4       0xd8 /opt/devkitpro/portlibs/ppc/lib/libfreetype.a(ftbase.o)
                0x80008fd4                FT_Matrix_Check
 .text.FT_Vector_Transform_Scaled
                0x800090ac       0xe8 /opt/devkitpro/portlibs/ppc/lib/libfreetype.a(ftbase.o)
                0x800090ac                FT_Vector_Transform_Scaled
 .text.FT_Vector_NormLen
                0x80009194      0x27c /opt/devkitpro/portlibs/ppc/lib/libfreetype.a(ftbase.o)
                0x80009194                FT_Vector_NormLen
 .text.FT_SqrtFixed
                0x80009410       0x94 /opt/devkitpro/portlibs/ppc/lib/libfreetype.a(ftbase.o)
                0x80009410                FT_SqrtFixed
 .text.ft_corner_orientation
                0x800094a4       0x34 /opt/devkitpro/portlibs/ppc/lib/libfreetype.a(ftbase.o)
                0x800094a4                ft_corner_orientation
 .text.ft_corner_is_flat
                0x800094d8      0x138 /opt/devkitpro/portlibs/ppc/lib/libfreetype.a(ftbase.o)
                0x800094d8                ft_corner_is_flat
 .text.FT_MulAddFix
                0x80009610       0x60 /opt/devkitpro/portlibs/ppc/lib/libfreetype.a(ftbase.o)
                0x80009610                FT_MulAddFix
 .text.FT_GlyphLoader_Rewind
                0x80009670       0x40 /opt/devkitpro/portlibs/ppc/lib/libfreetype.a(ftbase.o)
                0x80009670                FT_GlyphLoader_Rewind
 .text.FT_GlyphLoader_Reset
                0x800096b0      0x114 /opt/devkitpro/portlibs/ppc/lib/libfreetype.a(ftbase.o)
                0x800096b0                FT_GlyphLoader_Reset
 .text.FT_GlyphLoader_Done
                0x800097c4       0x4c /opt/devkitpro/portlibs/ppc/lib/libfreetype.a(ftbase.o)
                0x800097c4                FT_GlyphLoader_Done
 .text.FT_GlyphLoader_CreateExtra
                0x80009810      0x10c /opt/devkitpro/portlibs/ppc/lib/libfreetype.a(ftbase.o)
                0x80009810                FT_GlyphLoader_CreateExtra
 .text.FT_GlyphLoader_Prepare
                0x8000991c       0xa8 /opt/devkitpro/portlibs/ppc/lib/libfreetype.a(ftbase.o)
                0x8000991c                FT_GlyphLoader_Prepare
 .text.FT_GlyphLoader_Add
                0x800099c4       0xcc /opt/devkitpro/portlibs/ppc/lib/libfreetype.a(ftbase.o)
                0x800099c4                FT_GlyphLoader_Add
 .text.ft_hash_str_init
                0x80009a90       0xb0 /opt/devkitpro/portlibs/ppc/lib/libfreetype.a(ftbase.o)
                0x80009a90                ft_hash_str_init
 .text.ft_hash_num_init
                0x80009b40       0xb0 /opt/devkitpro/portlibs/ppc/lib/libfreetype.a(ftbase.o)
                0x80009b40                ft_hash_num_init
 .text.ft_hash_str_free
                0x80009bf0       0xb4 /opt/devkitpro/portlibs/ppc/lib/libfreetype.a(ftbase.o)
                0x80009bf0                ft_hash_str_free
 .text.ft_hash_str_insert
                0x80009ca4       0x2c /opt/devkitpro/portlibs/ppc/lib/libfreetype.a(ftbase.o)
                0x80009ca4                ft_hash_str_insert
 .text.ft_hash_num_insert
                0x80009cd0       0x2c /opt/devkitpro/portlibs/ppc/lib/libfreetype.a(ftbase.o)
                0x80009cd0                ft_hash_num_insert
 .text.ft_hash_str_lookup
                0x80009cfc       0x3c /opt/devkitpro/portlibs/ppc/lib/libfreetype.a(ftbase.o)
                0x80009cfc                ft_hash_str_lookup
 .text.ft_hash_num_lookup
                0x80009d38       0x3c /opt/devkitpro/portlibs/ppc/lib/libfreetype.a(ftbase.o)
                0x80009d38                ft_hash_num_lookup
 .text.ft_lcd_padding
                0x80009d74      0x294 /opt/devkitpro/portlibs/ppc/lib/libfreetype.a(ftbase.o)
                0x80009d74                ft_lcd_padding
 .text.ft_service_list_lookup
                0x8000a008       0xb4 /opt/devkitpro/portlibs/ppc/lib/libfreetype.a(ftbase.o)
                0x8000a008                ft_service_list_lookup
 .text.ft_validator_init
                0x8000a0bc       0x18 /opt/devkitpro/portlibs/ppc/lib/libfreetype.a(ftbase.o)
                0x8000a0bc                ft_validator_init
 .text.ft_validator_error
                0x8000a0d4       0x18 /opt/devkitpro/portlibs/ppc/lib/libfreetype.a(ftbase.o)
                0x8000a0d4                ft_validator_error
 .text.FT_Stream_New
                0x8000a0ec      0x208 /opt/devkitpro/portlibs/ppc/lib/libfreetype.a(ftbase.o)
                0x8000a0ec                FT_Stream_New
 .text.FT_Stream_Free
                0x8000a2f4       0x98 /opt/devkitpro/portlibs/ppc/lib/libfreetype.a(ftbase.o)
                0x8000a2f4                FT_Stream_Free
 .text.ft_glyphslot_free_bitmap
                0x8000a38c       0x98 /opt/devkitpro/portlibs/ppc/lib/libfreetype.a(ftbase.o)
                0x8000a38c                ft_glyphslot_free_bitmap
 .text.ft_glyphslot_done
                0x8000a424      0x194 /opt/devkitpro/portlibs/ppc/lib/libfreetype.a(ftbase.o)
 .text.ft_glyphslot_preset_bitmap
                0x8000a5b8      0x4b4 /opt/devkitpro/portlibs/ppc/lib/libfreetype.a(ftbase.o)
                0x8000a5b8                ft_glyphslot_preset_bitmap
 .text.ft_glyphslot_set_bitmap
                0x8000aa6c       0x90 /opt/devkitpro/portlibs/ppc/lib/libfreetype.a(ftbase.o)
                0x8000aa6c                ft_glyphslot_set_bitmap
 .text.FT_Done_GlyphSlot
                0x8000aafc       0xb8 /opt/devkitpro/portlibs/ppc/lib/libfreetype.a(ftbase.o)
                0x8000aafc                FT_Done_GlyphSlot
 .text.destroy_face
                0x8000abb4      0x1a8 /opt/devkitpro/portlibs/ppc/lib/libfreetype.a(ftbase.o)
 .text.FT_Done_Face
                0x8000ad5c       0xe4 /opt/devkitpro/portlibs/ppc/lib/libfreetype.a(ftbase.o)
                0x8000ad5c                FT_Done_Face
 .text.FT_Done_Size
                0x8000ae40      0x12c /opt/devkitpro/portlibs/ppc/lib/libfreetype.a(ftbase.o)
                0x8000ae40                FT_Done_Size
 .text.FT_Match_Size
                0x8000af6c      0x168 /opt/devkitpro/portlibs/ppc/lib/libfreetype.a(ftbase.o)
                0x8000af6c                FT_Match_Size
 .text.ft_synthesize_vertical_metrics
                0x8000b0d4       0x7c /opt/devkitpro/portlibs/ppc/lib/libfreetype.a(ftbase.o)
                0x8000b0d4                ft_synthesize_vertical_metrics
 .text.FT_Select_Metrics
                0x8000b150      0x22c /opt/devkitpro/portlibs/ppc/lib/libfreetype.a(ftbase.o)
                0x8000b150                FT_Select_Metrics
 .text.FT_Request_Metrics
                0x8000b37c      0x694 /opt/devkitpro/portlibs/ppc/lib/libfreetype.a(ftbase.o)
                0x8000b37c                FT_Request_Metrics
 .text.FT_Select_Size
                0x8000ba10       0x7c /opt/devkitpro/portlibs/ppc/lib/libfreetype.a(ftbase.o)
                0x8000ba10                FT_Select_Size
 .text.FT_Request_Size
                0x8000ba8c       0xe8 /opt/devkitpro/portlibs/ppc/lib/libfreetype.a(ftbase.o)
                0x8000ba8c                FT_Request_Size
 .text.FT_Set_Pixel_Sizes
                0x8000bb74       0xa0 /opt/devkitpro/portlibs/ppc/lib/libfreetype.a(ftbase.o)
                0x8000bb74                FT_Set_Pixel_Sizes
 .text.FT_Get_Kerning
                0x8000bc14      0x308 /opt/devkitpro/portlibs/ppc/lib/libfreetype.a(ftbase.o)
                0x8000bc14                FT_Get_Kerning
 .text.FT_Select_Charmap
                0x8000bf1c       0xf8 /opt/devkitpro/portlibs/ppc/lib/libfreetype.a(ftbase.o)
                0x8000bf1c                FT_Select_Charmap
 .text.FT_Get_Char_Index
                0x8000c014       0x60 /opt/devkitpro/portlibs/ppc/lib/libfreetype.a(ftbase.o)
                0x8000c014                FT_Get_Char_Index
 .text.FT_Get_Next_Char
                0x8000c074       0xcc /opt/devkitpro/portlibs/ppc/lib/libfreetype.a(ftbase.o)
                0x8000c074                FT_Get_Next_Char
 .text.FT_Get_Glyph_Name
                0x8000c140      0x130 /opt/devkitpro/portlibs/ppc/lib/libfreetype.a(ftbase.o)
                0x8000c140                FT_Get_Glyph_Name
 .text.FT_Activate_Size
                0x8000c270       0x3c /opt/devkitpro/portlibs/ppc/lib/libfreetype.a(ftbase.o)
                0x8000c270                FT_Activate_Size
 .text.FT_Get_Module
                0x8000c2ac       0xd4 /opt/devkitpro/portlibs/ppc/lib/libfreetype.a(ftbase.o)
                0x8000c2ac                FT_Get_Module
 .text.FT_Get_Module_Interface
                0x8000c380       0x30 /opt/devkitpro/portlibs/ppc/lib/libfreetype.a(ftbase.o)
                0x8000c380                FT_Get_Module_Interface
 .text.ft_module_get_service
                0x8000c3b0      0x144 /opt/devkitpro/portlibs/ppc/lib/libfreetype.a(ftbase.o)
                0x8000c3b0                ft_module_get_service
 .text.FT_Remove_Module
                0x8000c4f4      0x354 /opt/devkitpro/portlibs/ppc/lib/libfreetype.a(ftbase.o)
                0x8000c4f4                FT_Remove_Module
 .text.ft_property_string_set
                0x8000c848        0xc /opt/devkitpro/portlibs/ppc/lib/libfreetype.a(ftbase.o)
                0x8000c848                ft_property_string_set
 .text.FT_New_Library
                0x8000c854       0xdc /opt/devkitpro/portlibs/ppc/lib/libfreetype.a(ftbase.o)
                0x8000c854                FT_New_Library
 .text.FT_Done_Library
                0x8000c930      0x1b8 /opt/devkitpro/portlibs/ppc/lib/libfreetype.a(ftbase.o)
                0x8000c930                FT_Done_Library
 .text.FT_Outline_Decompose
                0x8000cae8      0x49c /opt/devkitpro/portlibs/ppc/lib/libfreetype.a(ftbase.o)
                0x8000cae8                FT_Outline_Decompose
 .text.FT_Outline_Check
                0x8000cf84       0xd8 /opt/devkitpro/portlibs/ppc/lib/libfreetype.a(ftbase.o)
                0x8000cf84                FT_Outline_Check
 .text.FT_Outline_Get_CBox
                0x8000d05c       0xf8 /opt/devkitpro/portlibs/ppc/lib/libfreetype.a(ftbase.o)
                0x8000d05c                FT_Outline_Get_CBox
 .text.FT_Outline_Translate
                0x8000d154       0x94 /opt/devkitpro/portlibs/ppc/lib/libfreetype.a(ftbase.o)
                0x8000d154                FT_Outline_Translate
 .text.FT_Vector_Transform
                0x8000d1e8       0xf4 /opt/devkitpro/portlibs/ppc/lib/libfreetype.a(ftbase.o)
                0x8000d1e8                FT_Vector_Transform
 .text.FT_Outline_Transform
                0x8000d2dc      0x160 /opt/devkitpro/portlibs/ppc/lib/libfreetype.a(ftbase.o)
                0x8000d2dc                FT_Outline_Transform
 .text.FT_Outline_Get_Orientation
                0x8000d43c      0x234 /opt/devkitpro/portlibs/ppc/lib/libfreetype.a(ftbase.o)
                0x8000d43c                FT_Outline_Get_Orientation
 .text.FT_Outline_EmboldenXY
                0x8000d670      0x63c /opt/devkitpro/portlibs/ppc/lib/libfreetype.a(ftbase.o)
                0x8000d670                FT_Outline_EmboldenXY
 .text.ps_property_set
                0x8000dcac      0x2cc /opt/devkitpro/portlibs/ppc/lib/libfreetype.a(ftbase.o)
                0x8000dcac                ps_property_set
 .text.ps_property_get
                0x8000df78       0xe8 /opt/devkitpro/portlibs/ppc/lib/libfreetype.a(ftbase.o)
                0x8000df78                ps_property_get
 .text.FT_Raccess_Guess
                0x8000e060      0x180 /opt/devkitpro/portlibs/ppc/lib/libfreetype.a(ftbase.o)
                0x8000e060                FT_Raccess_Guess
 .text.FT_Stream_OpenMemory
                0x8000e1e0       0x20 /opt/devkitpro/portlibs/ppc/lib/libfreetype.a(ftbase.o)
                0x8000e1e0                FT_Stream_OpenMemory
 .text.FT_Stream_Close
                0x8000e200       0x1c /opt/devkitpro/portlibs/ppc/lib/libfreetype.a(ftbase.o)
                0x8000e200                FT_Stream_Close
 .text.FT_Stream_Seek
                0x8000e21c       0x80 /opt/devkitpro/portlibs/ppc/lib/libfreetype.a(ftbase.o)
                0x8000e21c                FT_Stream_Seek
 .text.FT_Stream_Skip
                0x8000e29c       0x9c /opt/devkitpro/portlibs/ppc/lib/libfreetype.a(ftbase.o)
                0x8000e29c                FT_Stream_Skip
 .text.FT_Stream_Pos
                0x8000e338        0x8 /opt/devkitpro/portlibs/ppc/lib/libfreetype.a(ftbase.o)
                0x8000e338                FT_Stream_Pos
 .text.FT_Stream_Read
                0x8000e340       0xe8 /opt/devkitpro/portlibs/ppc/lib/libfreetype.a(ftbase.o)
                0x8000e340                FT_Stream_Read
 .text.FT_Stream_ReadAt
                0x8000e428      0x100 /opt/devkitpro/portlibs/ppc/lib/libfreetype.a(ftbase.o)
                0x8000e428                FT_Stream_ReadAt
 .text.FT_Stream_TryRead
                0x8000e528       0xd4 /opt/devkitpro/portlibs/ppc/lib/libfreetype.a(ftbase.o)
                0x8000e528                FT_Stream_TryRead
 .text.FT_Stream_ReleaseFrame
                0x8000e5fc       0x6c /opt/devkitpro/portlibs/ppc/lib/libfreetype.a(ftbase.o)
                0x8000e5fc                FT_Stream_ReleaseFrame
 .text.FT_Stream_EnterFrame
                0x8000e668      0x1d4 /opt/devkitpro/portlibs/ppc/lib/libfreetype.a(ftbase.o)
                0x8000e668                FT_Stream_EnterFrame
 .text.FT_Stream_ExtractFrame
                0x8000e83c       0x50 /opt/devkitpro/portlibs/ppc/lib/libfreetype.a(ftbase.o)
                0x8000e83c                FT_Stream_ExtractFrame
 .text.FT_Stream_ExitFrame
                0x8000e88c       0x7c /opt/devkitpro/portlibs/ppc/lib/libfreetype.a(ftbase.o)
                0x8000e88c                FT_Stream_ExitFrame
 .text.FT_Stream_GetByte
                0x8000e908       0x30 /opt/devkitpro/portlibs/ppc/lib/libfreetype.a(ftbase.o)
                0x8000e908                FT_Stream_GetByte
 .text.FT_Stream_GetUShort
                0x8000e938       0x38 /opt/devkitpro/portlibs/ppc/lib/libfreetype.a(ftbase.o)
                0x8000e938                FT_Stream_GetUShort
 .text.FT_Stream_GetUShortLE
                0x8000e970       0x38 /opt/devkitpro/portlibs/ppc/lib/libfreetype.a(ftbase.o)
                0x8000e970                FT_Stream_GetUShortLE
 .text.FT_Stream_GetULong
                0x8000e9a8       0x2c /opt/devkitpro/portlibs/ppc/lib/libfreetype.a(ftbase.o)
                0x8000e9a8                FT_Stream_GetULong
 .text.FT_Stream_GetULongLE
                0x8000e9d4       0x2c /opt/devkitpro/portlibs/ppc/lib/libfreetype.a(ftbase.o)
                0x8000e9d4                FT_Stream_GetULongLE
 .text.FT_Stream_ReadByte
                0x8000ea00       0xc4 /opt/devkitpro/portlibs/ppc/lib/libfreetype.a(ftbase.o)
                0x8000ea00                FT_Stream_ReadByte
 .text.FT_Stream_ReadUShort
                0x8000eac4       0xe8 /opt/devkitpro/portlibs/ppc/lib/libfreetype.a(ftbase.o)
                0x8000eac4                FT_Stream_ReadUShort
 .text.FT_Raccess_Get_HeaderInfo
                0x8000ebac      0x378 /opt/devkitpro/portlibs/ppc/lib/libfreetype.a(ftbase.o)
                0x8000ebac                FT_Raccess_Get_HeaderInfo
 .text.FT_Stream_ReadUShortLE
                0x8000ef24       0xdc /opt/devkitpro/portlibs/ppc/lib/libfreetype.a(ftbase.o)
                0x8000ef24                FT_Stream_ReadUShortLE
 .text.FT_Stream_ReadUOffset
                0x8000f000      0x108 /opt/devkitpro/portlibs/ppc/lib/libfreetype.a(ftbase.o)
                0x8000f000                FT_Stream_ReadUOffset
 .text.FT_Stream_ReadULong
                0x8000f108       0xd8 /opt/devkitpro/portlibs/ppc/lib/libfreetype.a(ftbase.o)
                0x8000f108                FT_Stream_ReadULong
 .text.FT_Raccess_Get_DataOffsets
                0x8000f1e0      0x538 /opt/devkitpro/portlibs/ppc/lib/libfreetype.a(ftbase.o)
                0x8000f1e0                FT_Raccess_Get_DataOffsets
 .text.raccess_guess_apple_generic.isra.0
                0x8000f718      0x1e0 /opt/devkitpro/portlibs/ppc/lib/libfreetype.a(ftbase.o)
 .text.raccess_guess_linux_double_from_file_name
                0x8000f8f8      0x108 /opt/devkitpro/portlibs/ppc/lib/libfreetype.a(ftbase.o)
 .text.raccess_guess_linux_netatalk
                0x8000fa00       0xe8 /opt/devkitpro/portlibs/ppc/lib/libfreetype.a(ftbase.o)
 .text.raccess_guess_linux_double
                0x8000fae8       0xe8 /opt/devkitpro/portlibs/ppc/lib/libfreetype.a(ftbase.o)
 .text.raccess_guess_darwin_ufs_export
                0x8000fbd0       0xe8 /opt/devkitpro/portlibs/ppc/lib/libfreetype.a(ftbase.o)
 .text.raccess_guess_apple_double
                0x8000fcb8       0x28 /opt/devkitpro/portlibs/ppc/lib/libfreetype.a(ftbase.o)
 .text.raccess_guess_apple_single
                0x8000fce0       0x28 /opt/devkitpro/portlibs/ppc/lib/libfreetype.a(ftbase.o)
 .text.FT_Stream_ReadULongLE
                0x8000fd08       0xdc /opt/devkitpro/portlibs/ppc/lib/libfreetype.a(ftbase.o)
                0x8000fd08                FT_Stream_ReadULongLE
 .text.FT_Stream_ReadFields
                0x8000fde4      0x2b8 /opt/devkitpro/portlibs/ppc/lib/libfreetype.a(ftbase.o)
                0x8000fde4                FT_Stream_ReadFields
 .text.FT_Vector_Length
                0x8001009c      0x120 /opt/devkitpro/portlibs/ppc/lib/libfreetype.a(ftbase.o)
                0x8001009c                FT_Vector_Length
 .text.FT_Hypot
                0x800101bc       0x30 /opt/devkitpro/portlibs/ppc/lib/libfreetype.a(ftbase.o)
                0x800101bc                FT_Hypot
 .text.ft_mem_alloc
                0x800101ec       0xac /opt/devkitpro/portlibs/ppc/lib/libfreetype.a(ftbase.o)
                0x800101ec                ft_mem_alloc
 .text.ft_glyphslot_alloc_bitmap
                0x80010298       0xb8 /opt/devkitpro/portlibs/ppc/lib/libfreetype.a(ftbase.o)
                0x80010298                ft_glyphslot_alloc_bitmap
 .text.FT_New_GlyphSlot
                0x80010350      0x280 /opt/devkitpro/portlibs/ppc/lib/libfreetype.a(ftbase.o)
                0x80010350                FT_New_GlyphSlot
 .text.FT_Render_Glyph_Internal
                0x800105d0      0x354 /opt/devkitpro/portlibs/ppc/lib/libfreetype.a(ftbase.o)
                0x800105d0                FT_Render_Glyph_Internal
 .text.FT_Load_Glyph
                0x80010924      0xa24 /opt/devkitpro/portlibs/ppc/lib/libfreetype.a(ftbase.o)
                0x80010924                FT_Load_Glyph
 .text.FT_Get_Advances
                0x80011348      0x314 /opt/devkitpro/portlibs/ppc/lib/libfreetype.a(ftbase.o)
                0x80011348                FT_Get_Advances
 .text.FT_Get_Advance
                0x8001165c      0x230 /opt/devkitpro/portlibs/ppc/lib/libfreetype.a(ftbase.o)
                0x8001165c                FT_Get_Advance
 .text.open_face
                0x8001188c      0x2e8 /opt/devkitpro/portlibs/ppc/lib/libfreetype.a(ftbase.o)
 .text.FT_New_Size
                0x80011b74      0x204 /opt/devkitpro/portlibs/ppc/lib/libfreetype.a(ftbase.o)
                0x80011b74                FT_New_Size
 .text.ft_open_face_internal
                0x80011d78      0xc0c /opt/devkitpro/portlibs/ppc/lib/libfreetype.a(ftbase.o)
 .text.open_face_from_buffer
                0x80012984      0x184 /opt/devkitpro/portlibs/ppc/lib/libfreetype.a(ftbase.o)
 .text.open_face_PS_from_sfnt_stream.isra.0
                0x80012b08      0x52c /opt/devkitpro/portlibs/ppc/lib/libfreetype.a(ftbase.o)
 .text.IsMacResource
                0x80013034      0x940 /opt/devkitpro/portlibs/ppc/lib/libfreetype.a(ftbase.o)
 .text.FT_New_Memory_Face
                0x80013974       0x5c /opt/devkitpro/portlibs/ppc/lib/libfreetype.a(ftbase.o)
                0x80013974                FT_New_Memory_Face
 .text.FT_Open_Face
                0x800139d0        0x8 /opt/devkitpro/portlibs/ppc/lib/libfreetype.a(ftbase.o)
                0x800139d0                FT_Open_Face
 .text.FT_Add_Module
                0x800139d8      0x374 /opt/devkitpro/portlibs/ppc/lib/libfreetype.a(ftbase.o)
                0x800139d8                FT_Add_Module
 .text.ft_mem_qalloc
                0x80013d4c       0x5c /opt/devkitpro/portlibs/ppc/lib/libfreetype.a(ftbase.o)
                0x80013d4c                ft_mem_qalloc
 .text.ft_mem_qrealloc
                0x80013da8      0x138 /opt/devkitpro/portlibs/ppc/lib/libfreetype.a(ftbase.o)
                0x80013da8                ft_mem_qrealloc
 .text.FT_CMap_New
                0x80013ee0      0x1c4 /opt/devkitpro/portlibs/ppc/lib/libfreetype.a(ftbase.o)
                0x80013ee0                FT_CMap_New
 .text.ft_mem_realloc
                0x800140a4       0xcc /opt/devkitpro/portlibs/ppc/lib/libfreetype.a(ftbase.o)
                0x800140a4                ft_mem_realloc
 .text.FT_GlyphLoader_CheckPoints
                0x80014170      0x2dc /opt/devkitpro/portlibs/ppc/lib/libfreetype.a(ftbase.o)
                0x80014170                FT_GlyphLoader_CheckPoints
 .text.FT_GlyphLoader_CheckSubGlyphs
                0x8001444c       0xac /opt/devkitpro/portlibs/ppc/lib/libfreetype.a(ftbase.o)
                0x8001444c                FT_GlyphLoader_CheckSubGlyphs
 .text.ft_mem_free
                0x800144f8       0x14 /opt/devkitpro/portlibs/ppc/lib/libfreetype.a(ftbase.o)
                0x800144f8                ft_mem_free
 .text.ft_mem_dup
                0x8001450c       0xd0 /opt/devkitpro/portlibs/ppc/lib/libfreetype.a(ftbase.o)
                0x8001450c                ft_mem_dup
 .text.ft_mem_strdup
                0x800145dc       0xe0 /opt/devkitpro/portlibs/ppc/lib/libfreetype.a(ftbase.o)
                0x800145dc                ft_mem_strdup
 .text.ft_mem_strcpyn
                0x800146bc       0xa0 /opt/devkitpro/portlibs/ppc/lib/libfreetype.a(ftbase.o)
                0x800146bc                ft_mem_strcpyn
 .text.FT_List_Find
                0x8001475c       0x44 /opt/devkitpro/portlibs/ppc/lib/libfreetype.a(ftbase.o)
                0x8001475c                FT_List_Find
 .text.FT_List_Add
                0x800147a0       0x40 /opt/devkitpro/portlibs/ppc/lib/libfreetype.a(ftbase.o)
                0x800147a0                FT_List_Add
 .text.FT_List_Iterate
                0x800147e0       0xa8 /opt/devkitpro/portlibs/ppc/lib/libfreetype.a(ftbase.o)
                0x800147e0                FT_List_Iterate
 .text.FT_List_Finalize
                0x80014888       0xe8 /opt/devkitpro/portlibs/ppc/lib/libfreetype.a(ftbase.o)
                0x80014888                FT_List_Finalize
 .text.FT_Set_Default_Properties
                0x80014970      0x1d8 /opt/devkitpro/portlibs/ppc/lib/libfreetype.a(ftinit.o)
                0x80014970                FT_Set_Default_Properties
 .text.FT_Init_FreeType
                0x80014b48       0xc8 /opt/devkitpro/portlibs/ppc/lib/libfreetype.a(ftinit.o)
                0x80014b48                FT_Init_FreeType
 .text.FT_Done_FreeType
                0x80014c10       0x4c /opt/devkitpro/portlibs/ppc/lib/libfreetype.a(ftinit.o)
                0x80014c10                FT_Done_FreeType
 .text.bdf_atol_
                0x80014c5c       0xe0 /opt/devkitpro/portlibs/ppc/lib/libfreetype.a(bdf.o)
 .text.bdf_atos_
                0x80014d3c       0xe0 /opt/devkitpro/portlibs/ppc/lib/libfreetype.a(bdf.o)
 .text.by_encoding
                0x80014e1c       0x28 /opt/devkitpro/portlibs/ppc/lib/libfreetype.a(bdf.o)
 .text.bdf_parse_end_
                0x80014e44        0x8 /opt/devkitpro/portlibs/ppc/lib/libfreetype.a(bdf.o)
 .text.bdf_cmap_init
                0x80014e4c       0x24 /opt/devkitpro/portlibs/ppc/lib/libfreetype.a(bdf.o)
 .text.bdf_cmap_done
                0x80014e70       0x10 /opt/devkitpro/portlibs/ppc/lib/libfreetype.a(bdf.o)
 .text.bdf_cmap_char_index
                0x80014e80       0x80 /opt/devkitpro/portlibs/ppc/lib/libfreetype.a(bdf.o)
 .text.bdf_cmap_char_next
                0x80014f00       0xc0 /opt/devkitpro/portlibs/ppc/lib/libfreetype.a(bdf.o)
 .text.bdf_get_charset_id
                0x80014fc0       0x1c /opt/devkitpro/portlibs/ppc/lib/libfreetype.a(bdf.o)
 .text.BDF_Size_Select
                0x80014fdc       0x64 /opt/devkitpro/portlibs/ppc/lib/libfreetype.a(bdf.o)
 .text.BDF_Glyph_Load
                0x80015040      0x188 /opt/devkitpro/portlibs/ppc/lib/libfreetype.a(bdf.o)
 .text.bdf_list_ensure_
                0x800151c8      0x104 /opt/devkitpro/portlibs/ppc/lib/libfreetype.a(bdf.o)
 .text.bdf_add_comment_
                0x800152cc       0xbc /opt/devkitpro/portlibs/ppc/lib/libfreetype.a(bdf.o)
 .text.bdf_driver_requester
                0x80015388        0xc /opt/devkitpro/portlibs/ppc/lib/libfreetype.a(bdf.o)
 .text.bdf_atoul_
                0x80015394       0x8c /opt/devkitpro/portlibs/ppc/lib/libfreetype.a(bdf.o)
 .text.bdf_atous_
                0x80015420       0x90 /opt/devkitpro/portlibs/ppc/lib/libfreetype.a(bdf.o)
 .text.bdf_free_font.part.0
                0x800154b0      0x228 /opt/devkitpro/portlibs/ppc/lib/libfreetype.a(bdf.o)
 .text.BDF_Face_Done
                0x800156d8       0xc4 /opt/devkitpro/portlibs/ppc/lib/libfreetype.a(bdf.o)
 .text.bdf_list_split_.part.0
                0x8001579c      0x2f8 /opt/devkitpro/portlibs/ppc/lib/libfreetype.a(bdf.o)
 .text.bdf_list_join_.constprop.0
                0x80015a94       0xb8 /opt/devkitpro/portlibs/ppc/lib/libfreetype.a(bdf.o)
 .text.bdf_list_shift_.constprop.0
                0x80015b4c       0x68 /opt/devkitpro/portlibs/ppc/lib/libfreetype.a(bdf.o)
 .text.bdf_add_property_.isra.0
                0x80015bb4      0x5fc /opt/devkitpro/portlibs/ppc/lib/libfreetype.a(bdf.o)
 .text.BDF_Size_Request
                0x800161b0       0xf8 /opt/devkitpro/portlibs/ppc/lib/libfreetype.a(bdf.o)
 .text.bdf_get_bdf_property
                0x800162a8       0xc8 /opt/devkitpro/portlibs/ppc/lib/libfreetype.a(bdf.o)
 .text.bdf_parse_properties_
                0x80016370      0x4a4 /opt/devkitpro/portlibs/ppc/lib/libfreetype.a(bdf.o)
 .text.BDF_Face_Init
                0x80016814     0x1320 /opt/devkitpro/portlibs/ppc/lib/libfreetype.a(bdf.o)
 .text.bdf_parse_start_
                0x80017b34      0xa78 /opt/devkitpro/portlibs/ppc/lib/libfreetype.a(bdf.o)
 .text.bdf_parse_glyphs_
                0x800185ac      0xfd8 /opt/devkitpro/portlibs/ppc/lib/libfreetype.a(bdf.o)
 .text.cff_cmap_encoding_init
                0x80019584       0x1c /opt/devkitpro/portlibs/ppc/lib/libfreetype.a(cff.o)
 .text.cff_cmap_encoding_done
                0x800195a0        0xc /opt/devkitpro/portlibs/ppc/lib/libfreetype.a(cff.o)
 .text.cff_cmap_encoding_char_index
                0x800195ac       0x20 /opt/devkitpro/portlibs/ppc/lib/libfreetype.a(cff.o)
 .text.cff_cmap_encoding_char_next
                0x800195cc       0x98 /opt/devkitpro/portlibs/ppc/lib/libfreetype.a(cff.o)
 .text.cff_cmap_unicode_init
                0x80019664       0x54 /opt/devkitpro/portlibs/ppc/lib/libfreetype.a(cff.o)
 .text.cff_cmap_unicode_char_index
                0x800196b8       0x18 /opt/devkitpro/portlibs/ppc/lib/libfreetype.a(cff.o)
 .text.cff_cmap_unicode_char_next
                0x800196d0       0x18 /opt/devkitpro/portlibs/ppc/lib/libfreetype.a(cff.o)
 .text.cff_get_kerning
                0x800196e8       0x5c /opt/devkitpro/portlibs/ppc/lib/libfreetype.a(cff.o)
 .text.cff_ps_has_glyph_names
                0x80019744        0xc /opt/devkitpro/portlibs/ppc/lib/libfreetype.a(cff.o)
 .text.cff_get_is_cid
                0x80019750       0x34 /opt/devkitpro/portlibs/ppc/lib/libfreetype.a(cff.o)
 .text.cff_get_cid_from_glyph_index
                0x80019784       0x58 /opt/devkitpro/portlibs/ppc/lib/libfreetype.a(cff.o)
 .text.cff_set_mm_blend
                0x800197dc       0x10 /opt/devkitpro/portlibs/ppc/lib/libfreetype.a(cff.o)
 .text.cff_get_mm_blend
                0x800197ec       0x10 /opt/devkitpro/portlibs/ppc/lib/libfreetype.a(cff.o)
 .text.cff_set_mm_weightvector
                0x800197fc       0x10 /opt/devkitpro/portlibs/ppc/lib/libfreetype.a(cff.o)
 .text.cff_get_mm_weightvector
                0x8001980c       0x10 /opt/devkitpro/portlibs/ppc/lib/libfreetype.a(cff.o)
 .text.cff_construct_ps_name
                0x8001981c       0x10 /opt/devkitpro/portlibs/ppc/lib/libfreetype.a(cff.o)
 .text.cff_get_mm_var
                0x8001982c       0x10 /opt/devkitpro/portlibs/ppc/lib/libfreetype.a(cff.o)
 .text.cff_set_var_design
                0x8001983c       0x10 /opt/devkitpro/portlibs/ppc/lib/libfreetype.a(cff.o)
 .text.cff_get_var_design
                0x8001984c       0x10 /opt/devkitpro/portlibs/ppc/lib/libfreetype.a(cff.o)
 .text.cff_set_named_instance
                0x8001985c       0x10 /opt/devkitpro/portlibs/ppc/lib/libfreetype.a(cff.o)
 .text.cff_get_default_named_instance
                0x8001986c       0x10 /opt/devkitpro/portlibs/ppc/lib/libfreetype.a(cff.o)
 .text.cff_load_item_variation_store
                0x8001987c       0x10 /opt/devkitpro/portlibs/ppc/lib/libfreetype.a(cff.o)
 .text.cff_load_delta_set_index_mapping
                0x8001988c       0x10 /opt/devkitpro/portlibs/ppc/lib/libfreetype.a(cff.o)
 .text.cff_get_item_delta
                0x8001989c       0x10 /opt/devkitpro/portlibs/ppc/lib/libfreetype.a(cff.o)
 .text.cff_done_item_variation_store
                0x800198ac       0x10 /opt/devkitpro/portlibs/ppc/lib/libfreetype.a(cff.o)
 .text.cff_done_delta_set_index_map
                0x800198bc       0x10 /opt/devkitpro/portlibs/ppc/lib/libfreetype.a(cff.o)
 .text.cff_hadvance_adjust
                0x800198cc       0x10 /opt/devkitpro/portlibs/ppc/lib/libfreetype.a(cff.o)
 .text.cff_metrics_adjust
                0x800198dc       0x10 /opt/devkitpro/portlibs/ppc/lib/libfreetype.a(cff.o)
 .text.cff_parse_integer
                0x800198ec       0xd0 /opt/devkitpro/portlibs/ppc/lib/libfreetype.a(cff.o)
 .text.cff_get_standard_encoding
                0x800199bc       0x2c /opt/devkitpro/portlibs/ppc/lib/libfreetype.a(cff.o)
 .text.cff_fd_select_get
                0x800199e8       0xac /opt/devkitpro/portlibs/ppc/lib/libfreetype.a(cff.o)
 .text.cff_get_var_blend
                0x80019a94       0x10 /opt/devkitpro/portlibs/ppc/lib/libfreetype.a(cff.o)
 .text.cff_done_blend
                0x80019aa4       0x18 /opt/devkitpro/portlibs/ppc/lib/libfreetype.a(cff.o)
 .text.cff_slot_done
                0x80019abc       0x18 /opt/devkitpro/portlibs/ppc/lib/libfreetype.a(cff.o)
 .text.cff_driver_init
                0x80019ad4       0xac /opt/devkitpro/portlibs/ppc/lib/libfreetype.a(cff.o)
 .text.cff_driver_done
                0x80019b80        0x4 /opt/devkitpro/portlibs/ppc/lib/libfreetype.a(cff.o)
 .text.cff_cmap_unicode_done
                0x80019b84       0x44 /opt/devkitpro/portlibs/ppc/lib/libfreetype.a(cff.o)
 .text.cff_vstore_done
                0x80019bc8      0x104 /opt/devkitpro/portlibs/ppc/lib/libfreetype.a(cff.o)
 .text.cff_slot_init
                0x80019ccc       0x7c /opt/devkitpro/portlibs/ppc/lib/libfreetype.a(cff.o)
 .text.cff_make_private_dict
                0x80019d48      0x36c /opt/devkitpro/portlibs/ppc/lib/libfreetype.a(cff.o)
 .text.cff_index_done
                0x8001a0b4       0x7c /opt/devkitpro/portlibs/ppc/lib/libfreetype.a(cff.o)
 .text.cff_get_cmap_info
                0x8001a130       0xbc /opt/devkitpro/portlibs/ppc/lib/libfreetype.a(cff.o)
 .text.cff_get_ps_name
                0x8001a1ec       0xbc /opt/devkitpro/portlibs/ppc/lib/libfreetype.a(cff.o)
 .text.cff_parse_real
                0x8001a2a8      0x488 /opt/devkitpro/portlibs/ppc/lib/libfreetype.a(cff.o)
 .text.cff_get_name_index
                0x8001a730      0x174 /opt/devkitpro/portlibs/ppc/lib/libfreetype.a(cff.o)
 .text.cff_charset_compute_cids
                0x8001a8a4      0x1c8 /opt/devkitpro/portlibs/ppc/lib/libfreetype.a(cff.o)
 .text.cff_blend_check_vector
                0x8001aa6c       0x84 /opt/devkitpro/portlibs/ppc/lib/libfreetype.a(cff.o)
 .text.cff_blend_build_vector
                0x8001aaf0      0x33c /opt/devkitpro/portlibs/ppc/lib/libfreetype.a(cff.o)
 .text.cff_index_get_pointers
                0x8001ae2c      0x628 /opt/devkitpro/portlibs/ppc/lib/libfreetype.a(cff.o)
 .text.cff_index_get_sid_string
                0x8001b454       0x64 /opt/devkitpro/portlibs/ppc/lib/libfreetype.a(cff.o)
 .text.cff_get_ros
                0x8001b4b8      0x108 /opt/devkitpro/portlibs/ppc/lib/libfreetype.a(cff.o)
 .text.cff_ps_get_font_info
                0x8001b5c0      0x184 /opt/devkitpro/portlibs/ppc/lib/libfreetype.a(cff.o)
 .text.cff_get_glyph_name
                0x8001b744      0x114 /opt/devkitpro/portlibs/ppc/lib/libfreetype.a(cff.o)
 .text.cff_ps_get_font_extra
                0x8001b858      0x1ac /opt/devkitpro/portlibs/ppc/lib/libfreetype.a(cff.o)
 .text.cff_subfont_done.part.0
                0x8001ba04       0x88 /opt/devkitpro/portlibs/ppc/lib/libfreetype.a(cff.o)
 .text.cff_get_interface
                0x8001ba8c       0xa4 /opt/devkitpro/portlibs/ppc/lib/libfreetype.a(cff.o)
 .text.cff_size_get_globals_funcs.isra.0
                0x8001bb30       0x74 /opt/devkitpro/portlibs/ppc/lib/libfreetype.a(cff.o)
 .text.cff_size_init
                0x8001bba4      0x250 /opt/devkitpro/portlibs/ppc/lib/libfreetype.a(cff.o)
 .text.cff_size_done
                0x8001bdf4      0x10c /opt/devkitpro/portlibs/ppc/lib/libfreetype.a(cff.o)
 .text.cff_size_select
                0x8001bf00      0x174 /opt/devkitpro/portlibs/ppc/lib/libfreetype.a(cff.o)
 .text.cff_size_request
                0x8001c074      0x1f4 /opt/devkitpro/portlibs/ppc/lib/libfreetype.a(cff.o)
 .text.cff_face_done
                0x8001c268      0x234 /opt/devkitpro/portlibs/ppc/lib/libfreetype.a(cff.o)
 .text.cff_parse_font_matrix
                0x8001c49c      0x380 /opt/devkitpro/portlibs/ppc/lib/libfreetype.a(cff.o)
 .text.do_fixed.isra.0
                0x8001c81c      0x130 /opt/devkitpro/portlibs/ppc/lib/libfreetype.a(cff.o)
 .text.cff_parse_font_bbox
                0x8001c94c       0xc4 /opt/devkitpro/portlibs/ppc/lib/libfreetype.a(cff.o)
 .text.cff_parse_num.isra.0
                0x8001ca10       0x84 /opt/devkitpro/portlibs/ppc/lib/libfreetype.a(cff.o)
 .text.cff_parse_private_dict
                0x8001ca94       0xa0 /opt/devkitpro/portlibs/ppc/lib/libfreetype.a(cff.o)
 .text.cff_parse_multiple_master
                0x8001cb34       0x90 /opt/devkitpro/portlibs/ppc/lib/libfreetype.a(cff.o)
 .text.cff_parse_cid_ros
                0x8001cbc4       0x94 /opt/devkitpro/portlibs/ppc/lib/libfreetype.a(cff.o)
 .text.cff_parse_vsindex
                0x8001cc58       0x70 /opt/devkitpro/portlibs/ppc/lib/libfreetype.a(cff.o)
 .text.cff_parser_run
                0x8001ccc8      0x43c /opt/devkitpro/portlibs/ppc/lib/libfreetype.a(cff.o)
 .text.cff_load_private_dict
                0x8001d104      0x290 /opt/devkitpro/portlibs/ppc/lib/libfreetype.a(cff.o)
 .text.cff_free_glyph_data
                0x8001d394       0x6c /opt/devkitpro/portlibs/ppc/lib/libfreetype.a(cff.o)
 .text.cff_parse_blend
                0x8001d400      0x38c /opt/devkitpro/portlibs/ppc/lib/libfreetype.a(cff.o)
 .text.cff_index_access_element
                0x8001d78c      0x2d8 /opt/devkitpro/portlibs/ppc/lib/libfreetype.a(cff.o)
 .text.cff_get_glyph_data
                0x8001da64       0x78 /opt/devkitpro/portlibs/ppc/lib/libfreetype.a(cff.o)
 .text.cff_slot_load
                0x8001dadc      0xaac /opt/devkitpro/portlibs/ppc/lib/libfreetype.a(cff.o)
 .text.cff_glyph_load
                0x8001e588       0x44 /opt/devkitpro/portlibs/ppc/lib/libfreetype.a(cff.o)
 .text.cff_get_advances
                0x8001e5cc      0x2c0 /opt/devkitpro/portlibs/ppc/lib/libfreetype.a(cff.o)
 .text.cff_index_get_name
                0x8001e88c      0x10c /opt/devkitpro/portlibs/ppc/lib/libfreetype.a(cff.o)
 .text.cff_index_init
                0x8001e998      0x254 /opt/devkitpro/portlibs/ppc/lib/libfreetype.a(cff.o)
 .text.cff_subfont_load
                0x8001ebec      0x43c /opt/devkitpro/portlibs/ppc/lib/libfreetype.a(cff.o)
 .text.cff_sid_to_glyph_name
                0x8001f028       0x70 /opt/devkitpro/portlibs/ppc/lib/libfreetype.a(cff.o)
 .text.cff_face_init
                0x8001f098     0x243c /opt/devkitpro/portlibs/ppc/lib/libfreetype.a(cff.o)
 .text.cff_parse_maxstack
                0x800214d4       0xdc /opt/devkitpro/portlibs/ppc/lib/libfreetype.a(cff.o)
 .text.parse_expansion_factor
                0x800215b0       0x60 /opt/devkitpro/portlibs/ppc/lib/libfreetype.a(type1cid.o)
 .text.parse_font_name
                0x80021610        0x4 /opt/devkitpro/portlibs/ppc/lib/libfreetype.a(type1cid.o)
 .text.cid_slot_done
                0x80021614       0x18 /opt/devkitpro/portlibs/ppc/lib/libfreetype.a(type1cid.o)
 .text.cid_driver_init
                0x8002162c       0xac /opt/devkitpro/portlibs/ppc/lib/libfreetype.a(type1cid.o)
 .text.cid_driver_done
                0x800216d8        0x4 /opt/devkitpro/portlibs/ppc/lib/libfreetype.a(type1cid.o)
 .text.cid_get_postscript_name
                0x800216dc       0x20 /opt/devkitpro/portlibs/ppc/lib/libfreetype.a(type1cid.o)
 .text.cid_ps_get_font_info
                0x800216fc       0x4c /opt/devkitpro/portlibs/ppc/lib/libfreetype.a(type1cid.o)
 .text.cid_ps_get_font_extra
                0x80021748       0x10 /opt/devkitpro/portlibs/ppc/lib/libfreetype.a(type1cid.o)
 .text.cid_get_ros
                0x80021758       0x38 /opt/devkitpro/portlibs/ppc/lib/libfreetype.a(type1cid.o)
 .text.cid_get_is_cid
                0x80021790       0x18 /opt/devkitpro/portlibs/ppc/lib/libfreetype.a(type1cid.o)
 .text.cid_slot_init
                0x800217a8       0x78 /opt/devkitpro/portlibs/ppc/lib/libfreetype.a(type1cid.o)
 .text.cid_face_done
                0x80021820      0x188 /opt/devkitpro/portlibs/ppc/lib/libfreetype.a(type1cid.o)
 .text.cid_compute_fd_and_offsets
                0x800219a8      0x25c /opt/devkitpro/portlibs/ppc/lib/libfreetype.a(type1cid.o)
 .text.cid_load_glyph
                0x80021c04      0x520 /opt/devkitpro/portlibs/ppc/lib/libfreetype.a(type1cid.o)
 .text.cid_slot_load_glyph
                0x80022124      0x438 /opt/devkitpro/portlibs/ppc/lib/libfreetype.a(type1cid.o)
 .text.cid_get_cid_from_glyph_index
                0x8002255c       0x54 /opt/devkitpro/portlibs/ppc/lib/libfreetype.a(type1cid.o)
 .text.cid_parse_font_matrix
                0x800225b0      0x1c8 /opt/devkitpro/portlibs/ppc/lib/libfreetype.a(type1cid.o)
 .text.parse_fd_array
                0x80022778      0x15c /opt/devkitpro/portlibs/ppc/lib/libfreetype.a(type1cid.o)
 .text.cid_get_interface
                0x800228d4        0xc /opt/devkitpro/portlibs/ppc/lib/libfreetype.a(type1cid.o)
 .text.cid_size_get_globals_funcs.isra.0
                0x800228e0       0x74 /opt/devkitpro/portlibs/ppc/lib/libfreetype.a(type1cid.o)
 .text.cid_size_init
                0x80022954       0x8c /opt/devkitpro/portlibs/ppc/lib/libfreetype.a(type1cid.o)
 .text.cid_size_done
                0x800229e0       0x68 /opt/devkitpro/portlibs/ppc/lib/libfreetype.a(type1cid.o)
 .text.cid_size_request
                0x80022a48       0x98 /opt/devkitpro/portlibs/ppc/lib/libfreetype.a(type1cid.o)
 .text.cid_face_open
                0x80022ae0     0x10dc /opt/devkitpro/portlibs/ppc/lib/libfreetype.a(type1cid.o)
 .text.cid_face_init
                0x80023bbc      0x2f4 /opt/devkitpro/portlibs/ppc/lib/libfreetype.a(type1cid.o)
 .text.pcf_cmap_init
                0x80023eb0       0x18 /opt/devkitpro/portlibs/ppc/lib/libfreetype.a(pcf.o)
 .text.pcf_cmap_done
                0x80023ec8        0xc /opt/devkitpro/portlibs/ppc/lib/libfreetype.a(pcf.o)
 .text.pcf_cmap_char_index
                0x80023ed4       0x68 /opt/devkitpro/portlibs/ppc/lib/libfreetype.a(pcf.o)
 .text.pcf_cmap_char_next
                0x80023f3c      0x1e4 /opt/devkitpro/portlibs/ppc/lib/libfreetype.a(pcf.o)
 .text.pcf_get_charset_id
                0x80024120       0x1c /opt/devkitpro/portlibs/ppc/lib/libfreetype.a(pcf.o)
 .text.pcf_property_set
                0x8002413c        0x8 /opt/devkitpro/portlibs/ppc/lib/libfreetype.a(pcf.o)
 .text.pcf_property_get
                0x80024144        0x8 /opt/devkitpro/portlibs/ppc/lib/libfreetype.a(pcf.o)
 .text.pcf_driver_init
                0x8002414c        0x8 /opt/devkitpro/portlibs/ppc/lib/libfreetype.a(pcf.o)
 .text.pcf_driver_done
                0x80024154        0x4 /opt/devkitpro/portlibs/ppc/lib/libfreetype.a(pcf.o)
 .text.PCF_Size_Select
                0x80024158       0x64 /opt/devkitpro/portlibs/ppc/lib/libfreetype.a(pcf.o)
 .text.PCF_Glyph_Load
                0x800241bc      0x3b8 /opt/devkitpro/portlibs/ppc/lib/libfreetype.a(pcf.o)
 .text.pcf_driver_requester
                0x80024574        0xc /opt/devkitpro/portlibs/ppc/lib/libfreetype.a(pcf.o)
 .text.PCF_Face_Done.part.0
                0x80024580      0x1a8 /opt/devkitpro/portlibs/ppc/lib/libfreetype.a(pcf.o)
 .text.PCF_Face_Done
                0x80024728        0xc /opt/devkitpro/portlibs/ppc/lib/libfreetype.a(pcf.o)
 .text.pcf_find_property.isra.0
                0x80024734       0x9c /opt/devkitpro/portlibs/ppc/lib/libfreetype.a(pcf.o)
 .text.pcf_get_bdf_property
                0x800247d0       0x8c /opt/devkitpro/portlibs/ppc/lib/libfreetype.a(pcf.o)
 .text.PCF_Size_Request
                0x8002485c       0xf4 /opt/devkitpro/portlibs/ppc/lib/libfreetype.a(pcf.o)
 .text.pcf_get_accel
                0x80024950      0x2f0 /opt/devkitpro/portlibs/ppc/lib/libfreetype.a(pcf.o)
 .text.pcf_load_font
                0x80024c40     0x1970 /opt/devkitpro/portlibs/ppc/lib/libfreetype.a(pcf.o)
 .text.PCF_Face_Init
                0x800265b0      0x2b8 /opt/devkitpro/portlibs/ppc/lib/libfreetype.a(pcf.o)
 .text.pfr_cmap_init
                0x80026868       0x94 /opt/devkitpro/portlibs/ppc/lib/libfreetype.a(pfr.o)
 .text.pfr_cmap_done
                0x800268fc       0x10 /opt/devkitpro/portlibs/ppc/lib/libfreetype.a(pfr.o)
 .text.pfr_cmap_char_index
                0x8002690c       0x78 /opt/devkitpro/portlibs/ppc/lib/libfreetype.a(pfr.o)
 .text.pfr_cmap_char_next
                0x80026984       0xc0 /opt/devkitpro/portlibs/ppc/lib/libfreetype.a(pfr.o)
 .text.pfr_get_advance
                0x80026a44       0x54 /opt/devkitpro/portlibs/ppc/lib/libfreetype.a(pfr.o)
 .text.pfr_glyph_close_contour
                0x80026a98       0xfc /opt/devkitpro/portlibs/ppc/lib/libfreetype.a(pfr.o)
 .text.pfr_face_get_kerning
                0x80026b94      0x248 /opt/devkitpro/portlibs/ppc/lib/libfreetype.a(pfr.o)
 .text.pfr_extra_item_load_bitmap_info
                0x80026ddc      0x24c /opt/devkitpro/portlibs/ppc/lib/libfreetype.a(pfr.o)
 .text.pfr_slot_done
                0x80027028       0x74 /opt/devkitpro/portlibs/ppc/lib/libfreetype.a(pfr.o)
 .text.pfr_slot_init
                0x8002709c       0x58 /opt/devkitpro/portlibs/ppc/lib/libfreetype.a(pfr.o)
 .text.pfr_extra_item_load_stem_snaps
                0x800270f4       0xfc /opt/devkitpro/portlibs/ppc/lib/libfreetype.a(pfr.o)
 .text.pfr_extra_item_load_kerning_pairs
                0x800271f0      0x194 /opt/devkitpro/portlibs/ppc/lib/libfreetype.a(pfr.o)
 .text.pfr_extra_item_load_font_id
                0x80027384       0xc0 /opt/devkitpro/portlibs/ppc/lib/libfreetype.a(pfr.o)
 .text.pfr_aux_name_load
                0x80027444      0x1c8 /opt/devkitpro/portlibs/ppc/lib/libfreetype.a(pfr.o)
 .text.pfr_get_service
                0x8002760c        0xc /opt/devkitpro/portlibs/ppc/lib/libfreetype.a(pfr.o)
 .text.pfr_get_metrics
                0x80027618       0xd8 /opt/devkitpro/portlibs/ppc/lib/libfreetype.a(pfr.o)
 .text.pfr_get_kerning
                0x800276f0       0xa8 /opt/devkitpro/portlibs/ppc/lib/libfreetype.a(pfr.o)
 .text.pfr_face_done
                0x80027798      0x128 /opt/devkitpro/portlibs/ppc/lib/libfreetype.a(pfr.o)
 .text.pfr_glyph_line_to.isra.0
                0x800278c0       0xe8 /opt/devkitpro/portlibs/ppc/lib/libfreetype.a(pfr.o)
 .text.pfr_glyph_load_rec
                0x800279a8      0xc84 /opt/devkitpro/portlibs/ppc/lib/libfreetype.a(pfr.o)
 .text.pfr_slot_load
                0x8002862c      0xbe8 /opt/devkitpro/portlibs/ppc/lib/libfreetype.a(pfr.o)
 .text.pfr_face_init
                0x80029214      0xe44 /opt/devkitpro/portlibs/ppc/lib/libfreetype.a(pfr.o)
 .text.afm_compare_kern_pairs
                0x8002a058       0x3c /opt/devkitpro/portlibs/ppc/lib/libfreetype.a(psaux.o)
 .text.PS_Conv_Strtol
                0x8002a094      0x164 /opt/devkitpro/portlibs/ppc/lib/libfreetype.a(psaux.o)
 .text.PS_Conv_ToInt
                0x8002a1f8       0xb8 /opt/devkitpro/portlibs/ppc/lib/libfreetype.a(psaux.o)
 .text.skip_spaces
                0x8002a2b0       0xc4 /opt/devkitpro/portlibs/ppc/lib/libfreetype.a(psaux.o)
 .text.skip_literal_string
                0x8002a374       0xfc /opt/devkitpro/portlibs/ppc/lib/libfreetype.a(psaux.o)
 .text.skip_string
                0x8002a470       0xd0 /opt/devkitpro/portlibs/ppc/lib/libfreetype.a(psaux.o)
 .text.skip_procedure
                0x8002a540      0x1e4 /opt/devkitpro/portlibs/ppc/lib/libfreetype.a(psaux.o)
 .text.ps_parser_skip_PS_token
                0x8002a724      0x27c /opt/devkitpro/portlibs/ppc/lib/libfreetype.a(psaux.o)
 .text.ps_parser_skip_spaces
                0x8002a9a0        0x8 /opt/devkitpro/portlibs/ppc/lib/libfreetype.a(psaux.o)
 .text.ps_parser_to_token
                0x8002a9a8      0x200 /opt/devkitpro/portlibs/ppc/lib/libfreetype.a(psaux.o)
 .text.ps_parser_to_token_array
                0x8002aba8      0x190 /opt/devkitpro/portlibs/ppc/lib/libfreetype.a(psaux.o)
 .text.ps_parser_to_int
                0x8002ad38       0x3c /opt/devkitpro/portlibs/ppc/lib/libfreetype.a(psaux.o)
 .text.ps_parser_to_bytes
                0x8002ad74      0x1fc /opt/devkitpro/portlibs/ppc/lib/libfreetype.a(psaux.o)
 .text.ps_parser_init
                0x8002af70       0x4c /opt/devkitpro/portlibs/ppc/lib/libfreetype.a(psaux.o)
 .text.ps_parser_done
                0x8002afbc        0x4 /opt/devkitpro/portlibs/ppc/lib/libfreetype.a(psaux.o)
 .text.t1_builder_done
                0x8002afc0       0x3c /opt/devkitpro/portlibs/ppc/lib/libfreetype.a(psaux.o)
 .text.t1_builder_close_contour
                0x8002affc      0x150 /opt/devkitpro/portlibs/ppc/lib/libfreetype.a(psaux.o)
 .text.cff_builder_done
                0x8002b14c       0x3c /opt/devkitpro/portlibs/ppc/lib/libfreetype.a(psaux.o)
 .text.cff_builder_add_point
                0x8002b188       0x54 /opt/devkitpro/portlibs/ppc/lib/libfreetype.a(psaux.o)
 .text.cff_builder_close_contour
                0x8002b1dc      0x150 /opt/devkitpro/portlibs/ppc/lib/libfreetype.a(psaux.o)
 .text.ps_builder_done
                0x8002b32c       0x3c /opt/devkitpro/portlibs/ppc/lib/libfreetype.a(psaux.o)
 .text.cff_random
                0x8002b368       0x1c /opt/devkitpro/portlibs/ppc/lib/libfreetype.a(psaux.o)
 .text.t1_cmap_std_done
                0x8002b384       0x18 /opt/devkitpro/portlibs/ppc/lib/libfreetype.a(psaux.o)
 .text.t1_cmap_standard_init
                0x8002b39c       0x34 /opt/devkitpro/portlibs/ppc/lib/libfreetype.a(psaux.o)
 .text.t1_cmap_expert_init
                0x8002b3d0       0x34 /opt/devkitpro/portlibs/ppc/lib/libfreetype.a(psaux.o)
 .text.t1_cmap_custom_init
                0x8002b404       0x2c /opt/devkitpro/portlibs/ppc/lib/libfreetype.a(psaux.o)
 .text.t1_cmap_custom_done
                0x8002b430       0x14 /opt/devkitpro/portlibs/ppc/lib/libfreetype.a(psaux.o)
 .text.t1_cmap_custom_char_index
                0x8002b444       0x3c /opt/devkitpro/portlibs/ppc/lib/libfreetype.a(psaux.o)
 .text.t1_cmap_custom_char_next
                0x8002b480       0xd4 /opt/devkitpro/portlibs/ppc/lib/libfreetype.a(psaux.o)
 .text.psaux_get_glyph_name
                0x8002b554       0x10 /opt/devkitpro/portlibs/ppc/lib/libfreetype.a(psaux.o)
 .text.t1_cmap_unicode_init
                0x8002b564       0x3c /opt/devkitpro/portlibs/ppc/lib/libfreetype.a(psaux.o)
 .text.t1_cmap_unicode_char_index
                0x8002b5a0       0x14 /opt/devkitpro/portlibs/ppc/lib/libfreetype.a(psaux.o)
 .text.t1_cmap_unicode_char_next
                0x8002b5b4       0x14 /opt/devkitpro/portlibs/ppc/lib/libfreetype.a(psaux.o)
 .text.cf2_stack_popInt
                0x8002b5c8       0x7c /opt/devkitpro/portlibs/ppc/lib/libfreetype.a(psaux.o)
 .text.cf2_stack_popFixed
                0x8002b644       0x74 /opt/devkitpro/portlibs/ppc/lib/libfreetype.a(psaux.o)
 .text.cf2_stack_getReal
                0x8002b6b8       0x7c /opt/devkitpro/portlibs/ppc/lib/libfreetype.a(psaux.o)
 .text.ps_table_release
                0x8002b734       0x8c /opt/devkitpro/portlibs/ppc/lib/libfreetype.a(psaux.o)
 .text.afm_parser_done
                0x8002b7c0       0x3c /opt/devkitpro/portlibs/ppc/lib/libfreetype.a(psaux.o)
 .text.t1_cmap_unicode_done
                0x8002b7fc       0x44 /opt/devkitpro/portlibs/ppc/lib/libfreetype.a(psaux.o)
 .text.ps_table_realloc
                0x8002b840       0xd0 /opt/devkitpro/portlibs/ppc/lib/libfreetype.a(psaux.o)
 .text.ps_table_done
                0x8002b910        0x8 /opt/devkitpro/portlibs/ppc/lib/libfreetype.a(psaux.o)
 .text.ps_table_new
                0x8002b918      0x120 /opt/devkitpro/portlibs/ppc/lib/libfreetype.a(psaux.o)
 .text.t1_builder_add_point
                0x8002ba38       0xd0 /opt/devkitpro/portlibs/ppc/lib/libfreetype.a(psaux.o)
 .text.cf2_arrstack_setNumElements
                0x8002bb08      0x12c /opt/devkitpro/portlibs/ppc/lib/libfreetype.a(psaux.o)
 .text.cf2_arrstack_push
                0x8002bc34       0x84 /opt/devkitpro/portlibs/ppc/lib/libfreetype.a(psaux.o)
 .text.cf2_doStems
                0x8002bcb8      0x164 /opt/devkitpro/portlibs/ppc/lib/libfreetype.a(psaux.o)
 .text.PS_Conv_ToFixed
                0x8002be1c      0x820 /opt/devkitpro/portlibs/ppc/lib/libfreetype.a(psaux.o)
 .text.ps_tofixedarray
                0x8002c63c      0x200 /opt/devkitpro/portlibs/ppc/lib/libfreetype.a(psaux.o)
 .text.ps_parser_to_fixed_array
                0x8002c83c       0x74 /opt/devkitpro/portlibs/ppc/lib/libfreetype.a(psaux.o)
 .text.ps_parser_load_field
                0x8002c8b0      0x74c /opt/devkitpro/portlibs/ppc/lib/libfreetype.a(psaux.o)
 .text.ps_parser_load_field_table
                0x8002cffc      0x1c8 /opt/devkitpro/portlibs/ppc/lib/libfreetype.a(psaux.o)
 .text.ps_parser_to_coord_array
                0x8002d1c4      0x248 /opt/devkitpro/portlibs/ppc/lib/libfreetype.a(psaux.o)
 .text.ps_parser_to_fixed
                0x8002d40c       0x4c /opt/devkitpro/portlibs/ppc/lib/libfreetype.a(psaux.o)
 .text.ps_builder_init
                0x8002d458      0x130 /opt/devkitpro/portlibs/ppc/lib/libfreetype.a(psaux.o)
 .text.cf2_getSeacComponent
                0x8002d588      0x15c /opt/devkitpro/portlibs/ppc/lib/libfreetype.a(psaux.o)
 .text.t1_make_subfont
                0x8002d6e4      0x3b8 /opt/devkitpro/portlibs/ppc/lib/libfreetype.a(psaux.o)
 .text.ps_decoder_init
                0x8002da9c      0x168 /opt/devkitpro/portlibs/ppc/lib/libfreetype.a(psaux.o)
 .text.t1_builder_add_contour
                0x8002dc04       0xe4 /opt/devkitpro/portlibs/ppc/lib/libfreetype.a(psaux.o)
 .text.cff_builder_add_contour
                0x8002dce8       0xd4 /opt/devkitpro/portlibs/ppc/lib/libfreetype.a(psaux.o)
 .text.t1_builder_init
                0x8002ddbc      0x130 /opt/devkitpro/portlibs/ppc/lib/libfreetype.a(psaux.o)
 .text.cff_builder_init
                0x8002deec      0x140 /opt/devkitpro/portlibs/ppc/lib/libfreetype.a(psaux.o)
 .text.afm_parser_init
                0x8002e02c       0x90 /opt/devkitpro/portlibs/ppc/lib/libfreetype.a(psaux.o)
 .text.cf2_hintmap_map
                0x8002e0bc      0x1c0 /opt/devkitpro/portlibs/ppc/lib/libfreetype.a(psaux.o)
 .text.cf2_glyphpath_hintPoint
                0x8002e27c       0xf0 /opt/devkitpro/portlibs/ppc/lib/libfreetype.a(psaux.o)
 .text.cf2_hintmap_insertHint
                0x8002e36c      0x564 /opt/devkitpro/portlibs/ppc/lib/libfreetype.a(psaux.o)
 .text.cf2_glyphpath_computeOffset
                0x8002e8d0      0x228 /opt/devkitpro/portlibs/ppc/lib/libfreetype.a(psaux.o)
 .text.t1_decoder_parse_metrics
                0x8002eaf8      0x3c4 /opt/devkitpro/portlibs/ppc/lib/libfreetype.a(psaux.o)
 .text.t1_lookup_glyph_by_stdcharcode_ps
                0x8002eebc       0xec /opt/devkitpro/portlibs/ppc/lib/libfreetype.a(psaux.o)
 .text.t1_cmap_std_char_index
                0x8002efa8       0xec /opt/devkitpro/portlibs/ppc/lib/libfreetype.a(psaux.o)
 .text.t1_cmap_std_char_next
                0x8002f094       0xd4 /opt/devkitpro/portlibs/ppc/lib/libfreetype.a(psaux.o)
 .text.t1_decoder_init
                0x8002f168      0x140 /opt/devkitpro/portlibs/ppc/lib/libfreetype.a(psaux.o)
 .text.afm_tokenize
                0x8002f2a8      0x134 /opt/devkitpro/portlibs/ppc/lib/libfreetype.a(psaux.o)
 .text.cff_decoder_prepare
                0x8002f3dc      0x174 /opt/devkitpro/portlibs/ppc/lib/libfreetype.a(psaux.o)
 .text.cf2_free_instance
                0x8002f550       0x58 /opt/devkitpro/portlibs/ppc/lib/libfreetype.a(psaux.o)
 .text.ps_table_add
                0x8002f5a8      0x160 /opt/devkitpro/portlibs/ppc/lib/libfreetype.a(psaux.o)
 .text.cf2_glyphpath_pushPrevElem
                0x8002f708      0x5b4 /opt/devkitpro/portlibs/ppc/lib/libfreetype.a(psaux.o)
 .text.cf2_computeDarkening.part.0.constprop.0
                0x8002fcbc      0x26c /opt/devkitpro/portlibs/ppc/lib/libfreetype.a(psaux.o)
 .text.ps_builder_add_contour.constprop.0
                0x8002ff28       0xe4 /opt/devkitpro/portlibs/ppc/lib/libfreetype.a(psaux.o)
 .text.cff_check_points
                0x8003000c       0x38 /opt/devkitpro/portlibs/ppc/lib/libfreetype.a(psaux.o)
 .text.ps_builder_check_points.part.0.isra.0
                0x80030044       0x2c /opt/devkitpro/portlibs/ppc/lib/libfreetype.a(psaux.o)
 .text.t1_builder_check_points
                0x80030070       0x38 /opt/devkitpro/portlibs/ppc/lib/libfreetype.a(psaux.o)
 .text.cf2_stack_pushFixed
                0x800300a8       0x58 /opt/devkitpro/portlibs/ppc/lib/libfreetype.a(psaux.o)
 .text.afm_stream_skip_spaces.part.0.isra.0
                0x80030100       0xf0 /opt/devkitpro/portlibs/ppc/lib/libfreetype.a(psaux.o)
 .text.cf2_freeT1SeacComponent.isra.0
                0x800301f0       0x50 /opt/devkitpro/portlibs/ppc/lib/libfreetype.a(psaux.o)
 .text.cf2_getT1SeacComponent.isra.0
                0x80030240       0xa8 /opt/devkitpro/portlibs/ppc/lib/libfreetype.a(psaux.o)
 .text.ps_builder_close_contour.isra.0
                0x800302e8      0x14c /opt/devkitpro/portlibs/ppc/lib/libfreetype.a(psaux.o)
 .text.cf2_builder_moveTo
                0x80030434       0x38 /opt/devkitpro/portlibs/ppc/lib/libfreetype.a(psaux.o)
 .text.t1_decrypt
                0x8003046c       0x54 /opt/devkitpro/portlibs/ppc/lib/libfreetype.a(psaux.o)
 .text.afm_stream_read_one
                0x800304c0      0x124 /opt/devkitpro/portlibs/ppc/lib/libfreetype.a(psaux.o)
 .text.cff_decoder_init
                0x800305e4      0x100 /opt/devkitpro/portlibs/ppc/lib/libfreetype.a(psaux.o)
 .text.afm_stream_read_string
                0x800306e4       0xb4 /opt/devkitpro/portlibs/ppc/lib/libfreetype.a(psaux.o)
 .text.afm_parser_read_vals
                0x80030798      0x204 /opt/devkitpro/portlibs/ppc/lib/libfreetype.a(psaux.o)
 .text.afm_parser_next_key.constprop.0.isra.0
                0x8003099c       0x9c /opt/devkitpro/portlibs/ppc/lib/libfreetype.a(psaux.o)
 .text.t1_builder_add_point1
                0x80030a38       0x9c /opt/devkitpro/portlibs/ppc/lib/libfreetype.a(psaux.o)
 .text.t1_builder_start_point
                0x80030ad4       0x88 /opt/devkitpro/portlibs/ppc/lib/libfreetype.a(psaux.o)
 .text.cf2_stack_setReal
                0x80030b5c       0x54 /opt/devkitpro/portlibs/ppc/lib/libfreetype.a(psaux.o)
 .text.cf2_stack_pushInt
                0x80030bb0       0x58 /opt/devkitpro/portlibs/ppc/lib/libfreetype.a(psaux.o)
 .text.t1_decoder_done
                0x80030c08       0x9c /opt/devkitpro/portlibs/ppc/lib/libfreetype.a(psaux.o)
 .text.cf2_hintmask_read
                0x80030ca4       0xd0 /opt/devkitpro/portlibs/ppc/lib/libfreetype.a(psaux.o)
 .text.cff_builder_add_point1
                0x80030d74      0x11c /opt/devkitpro/portlibs/ppc/lib/libfreetype.a(psaux.o)
 .text.cff_builder_start_point
                0x80030e90       0x70 /opt/devkitpro/portlibs/ppc/lib/libfreetype.a(psaux.o)
 .text.cf2_hint_init
                0x80030f00      0x230 /opt/devkitpro/portlibs/ppc/lib/libfreetype.a(psaux.o)
 .text.cf2_hintmap_build
                0x80031130      0xbb4 /opt/devkitpro/portlibs/ppc/lib/libfreetype.a(psaux.o)
 .text.cf2_glyphpath_pushMove
                0x80031ce4      0x1a8 /opt/devkitpro/portlibs/ppc/lib/libfreetype.a(psaux.o)
 .text.cf2_glyphpath_lineTo
                0x80031e8c      0x1cc /opt/devkitpro/portlibs/ppc/lib/libfreetype.a(psaux.o)
 .text.cf2_glyphpath_curveTo
                0x80032058      0x2a4 /opt/devkitpro/portlibs/ppc/lib/libfreetype.a(psaux.o)
 .text.cf2_doFlex
                0x800322fc      0x23c /opt/devkitpro/portlibs/ppc/lib/libfreetype.a(psaux.o)
 .text.cf2_builder_cubeTo
                0x80032538      0x2d0 /opt/devkitpro/portlibs/ppc/lib/libfreetype.a(psaux.o)
 .text.cf2_builder_lineTo
                0x80032808      0x238 /opt/devkitpro/portlibs/ppc/lib/libfreetype.a(psaux.o)
 .text.afm_parser_parse
                0x80032a40      0x714 /opt/devkitpro/portlibs/ppc/lib/libfreetype.a(psaux.o)
 .text.cf2_interpT2CharString
                0x80033154     0x3a00 /opt/devkitpro/portlibs/ppc/lib/libfreetype.a(psaux.o)
 .text.cf2_decoder_parse_charstrings
                0x80036b54      0xd54 /opt/devkitpro/portlibs/ppc/lib/libfreetype.a(psaux.o)
 .text.psh_hint_table_record
                0x800378a8       0x9c /opt/devkitpro/portlibs/ppc/lib/libfreetype.a(pshinter.o)
 .text.pshinter_get_globals_funcs
                0x80037944        0x8 /opt/devkitpro/portlibs/ppc/lib/libfreetype.a(pshinter.o)
 .text.pshinter_get_t1_funcs
                0x8003794c        0x8 /opt/devkitpro/portlibs/ppc/lib/libfreetype.a(pshinter.o)
 .text.pshinter_get_t2_funcs
                0x80037954        0x8 /opt/devkitpro/portlibs/ppc/lib/libfreetype.a(pshinter.o)
 .text.t1_hints_open
                0x8003795c       0x2c /opt/devkitpro/portlibs/ppc/lib/libfreetype.a(pshinter.o)
 .text.t2_hints_open
                0x80037988       0x2c /opt/devkitpro/portlibs/ppc/lib/libfreetype.a(pshinter.o)
 .text.psh_globals_scale_widths
                0x800379b4       0xf8 /opt/devkitpro/portlibs/ppc/lib/libfreetype.a(pshinter.o)
 .text.psh_globals_set_scale
                0x80037aac      0x2f8 /opt/devkitpro/portlibs/ppc/lib/libfreetype.a(pshinter.o)
 .text.ps_hinter_init
                0x80037da4      0x114 /opt/devkitpro/portlibs/ppc/lib/libfreetype.a(pshinter.o)
 .text.ps_mask_table_done
                0x80037eb8       0xa8 /opt/devkitpro/portlibs/ppc/lib/libfreetype.a(pshinter.o)
 .text.ps_mask_table_alloc
                0x80037f60      0x12c /opt/devkitpro/portlibs/ppc/lib/libfreetype.a(pshinter.o)
 .text.ps_mask_ensure
                0x8003808c       0xb4 /opt/devkitpro/portlibs/ppc/lib/libfreetype.a(pshinter.o)
 .text.psh_globals_destroy
                0x80038140       0x2c /opt/devkitpro/portlibs/ppc/lib/libfreetype.a(pshinter.o)
 .text.psh_hint_align
                0x8003816c      0x588 /opt/devkitpro/portlibs/ppc/lib/libfreetype.a(pshinter.o)
 .text.ps_mask_table_merge_all
                0x800386f4      0x2f4 /opt/devkitpro/portlibs/ppc/lib/libfreetype.a(pshinter.o)
 .text.psh_blues_set_zones_0.isra.0
                0x800389e8      0x200 /opt/devkitpro/portlibs/ppc/lib/libfreetype.a(pshinter.o)
 .text.psh_blues_set_zones
                0x80038be8      0x230 /opt/devkitpro/portlibs/ppc/lib/libfreetype.a(pshinter.o)
 .text.psh_hint_table_find_strong_points.isra.0
                0x80038e18      0x288 /opt/devkitpro/portlibs/ppc/lib/libfreetype.a(pshinter.o)
 .text.psh_hint_table_init.isra.0
                0x800390a0      0x2d0 /opt/devkitpro/portlibs/ppc/lib/libfreetype.a(pshinter.o)
 .text.psh_hint_table_activate_mask.isra.0
                0x80039370      0x250 /opt/devkitpro/portlibs/ppc/lib/libfreetype.a(pshinter.o)
 .text.ps_hints_close.part.0
                0x800395c0       0xb4 /opt/devkitpro/portlibs/ppc/lib/libfreetype.a(pshinter.o)
 .text.t1_hints_close
                0x80039674       0x18 /opt/devkitpro/portlibs/ppc/lib/libfreetype.a(pshinter.o)
 .text.ps_hinter_done
                0x8003968c       0xb0 /opt/devkitpro/portlibs/ppc/lib/libfreetype.a(pshinter.o)
 .text.t2_hints_close
                0x8003973c       0x18 /opt/devkitpro/portlibs/ppc/lib/libfreetype.a(pshinter.o)
 .text.ps_dimension_set_mask_bits
                0x80039754      0x188 /opt/devkitpro/portlibs/ppc/lib/libfreetype.a(pshinter.o)
 .text.ps_hints_t2counter
                0x800398dc       0xd8 /opt/devkitpro/portlibs/ppc/lib/libfreetype.a(pshinter.o)
 .text.ps_hints_t2mask
                0x800399b4       0xc4 /opt/devkitpro/portlibs/ppc/lib/libfreetype.a(pshinter.o)
 .text.ps_hints_apply.part.0
                0x80039a78     0x14b0 /opt/devkitpro/portlibs/ppc/lib/libfreetype.a(pshinter.o)
 .text.t1_hints_apply
                0x8003af28       0x24 /opt/devkitpro/portlibs/ppc/lib/libfreetype.a(pshinter.o)
 .text.t2_hints_apply
                0x8003af4c       0x24 /opt/devkitpro/portlibs/ppc/lib/libfreetype.a(pshinter.o)
 .text.ps_hints_t1reset
                0x8003af70       0xf4 /opt/devkitpro/portlibs/ppc/lib/libfreetype.a(pshinter.o)
 .text.psh_globals_new
                0x8003b064      0x334 /opt/devkitpro/portlibs/ppc/lib/libfreetype.a(pshinter.o)
 .text.ps_dimension_add_t1stem
                0x8003b398      0x2d0 /opt/devkitpro/portlibs/ppc/lib/libfreetype.a(pshinter.o)
 .text.t1_hints_stem
                0x8003b668       0xa8 /opt/devkitpro/portlibs/ppc/lib/libfreetype.a(pshinter.o)
 .text.t2_hints_stems
                0x8003b710      0x1c8 /opt/devkitpro/portlibs/ppc/lib/libfreetype.a(pshinter.o)
 .text.ps_hints_t1stem3
                0x8003b8d8      0x35c /opt/devkitpro/portlibs/ppc/lib/libfreetype.a(pshinter.o)
 .text.ps_unicode_value
                0x8003bc34      0x26c /opt/devkitpro/portlibs/ppc/lib/libfreetype.a(psnames.o)
 .text.compare_uni_maps
                0x8003bea0       0x40 /opt/devkitpro/portlibs/ppc/lib/libfreetype.a(psnames.o)
 .text.ps_unicodes_char_index
                0x8003bee0       0xb4 /opt/devkitpro/portlibs/ppc/lib/libfreetype.a(psnames.o)
 .text.ps_unicodes_char_next
                0x8003bf94       0xdc /opt/devkitpro/portlibs/ppc/lib/libfreetype.a(psnames.o)
 .text.ps_get_macintosh_name
                0x8003c070       0x3c /opt/devkitpro/portlibs/ppc/lib/libfreetype.a(psnames.o)
 .text.ps_get_standard_strings
                0x8003c0ac       0x30 /opt/devkitpro/portlibs/ppc/lib/libfreetype.a(psnames.o)
 .text.psnames_get_service
                0x8003c0dc        0xc /opt/devkitpro/portlibs/ppc/lib/libfreetype.a(psnames.o)
 .text.ps_unicodes_init
                0x8003c0e8      0x384 /opt/devkitpro/portlibs/ppc/lib/libfreetype.a(psnames.o)
 .text.New_Profile
                0x8003c46c      0x128 /opt/devkitpro/portlibs/ppc/lib/libfreetype.a(raster.o)
 .text.End_Profile
                0x8003c594      0x23c /opt/devkitpro/portlibs/ppc/lib/libfreetype.a(raster.o)
 .text.Split_Conic
                0x8003c7d0       0x6c /opt/devkitpro/portlibs/ppc/lib/libfreetype.a(raster.o)
 .text.Split_Cubic
                0x8003c83c       0xac /opt/devkitpro/portlibs/ppc/lib/libfreetype.a(raster.o)
 .text.Bezier_Up
                0x8003c8e8      0x20c /opt/devkitpro/portlibs/ppc/lib/libfreetype.a(raster.o)
 .text.Cubic_To
                0x8003caf4      0x28c /opt/devkitpro/portlibs/ppc/lib/libfreetype.a(raster.o)
 .text.Increment
                0x8003cd80       0xd0 /opt/devkitpro/portlibs/ppc/lib/libfreetype.a(raster.o)
 .text.Vertical_Sweep_Init
                0x8003ce50       0x18 /opt/devkitpro/portlibs/ppc/lib/libfreetype.a(raster.o)
 .text.Vertical_Sweep_Span
                0x8003ce68      0x138 /opt/devkitpro/portlibs/ppc/lib/libfreetype.a(raster.o)
 .text.Vertical_Sweep_Drop
                0x8003cfa0       0x8c /opt/devkitpro/portlibs/ppc/lib/libfreetype.a(raster.o)
 .text.Vertical_Sweep_Step
                0x8003d02c       0x14 /opt/devkitpro/portlibs/ppc/lib/libfreetype.a(raster.o)
 .text.Horizontal_Sweep_Init
                0x8003d040        0x4 /opt/devkitpro/portlibs/ppc/lib/libfreetype.a(raster.o)
 .text.Horizontal_Sweep_Span
                0x8003d044       0xc0 /opt/devkitpro/portlibs/ppc/lib/libfreetype.a(raster.o)
 .text.Horizontal_Sweep_Drop
                0x8003d104       0xa4 /opt/devkitpro/portlibs/ppc/lib/libfreetype.a(raster.o)
 .text.Horizontal_Sweep_Step
                0x8003d1a8        0x4 /opt/devkitpro/portlibs/ppc/lib/libfreetype.a(raster.o)
 .text.ft_black_reset
                0x8003d1ac        0x4 /opt/devkitpro/portlibs/ppc/lib/libfreetype.a(raster.o)
 .text.ft_black_set_mode
                0x8003d1b0        0x8 /opt/devkitpro/portlibs/ppc/lib/libfreetype.a(raster.o)
 .text.ft_raster1_init
                0x8003d1b8       0x40 /opt/devkitpro/portlibs/ppc/lib/libfreetype.a(raster.o)
 .text.ft_raster1_set_mode
                0x8003d1f8       0x18 /opt/devkitpro/portlibs/ppc/lib/libfreetype.a(raster.o)
 .text.ft_black_done
                0x8003d210        0xc /opt/devkitpro/portlibs/ppc/lib/libfreetype.a(raster.o)
 .text.Line_Up  0x8003d21c      0x25c /opt/devkitpro/portlibs/ppc/lib/libfreetype.a(raster.o)
 .text.Line_To  0x8003d478      0x140 /opt/devkitpro/portlibs/ppc/lib/libfreetype.a(raster.o)
 .text.ft_black_new
                0x8003d5b8       0x58 /opt/devkitpro/portlibs/ppc/lib/libfreetype.a(raster.o)
 .text.ft_raster1_get_cbox
                0x8003d610       0x34 /opt/devkitpro/portlibs/ppc/lib/libfreetype.a(raster.o)
 .text.ft_raster1_render
                0x8003d644      0x388 /opt/devkitpro/portlibs/ppc/lib/libfreetype.a(raster.o)
 .text.ft_raster1_transform
                0x8003d9cc       0x78 /opt/devkitpro/portlibs/ppc/lib/libfreetype.a(raster.o)
 .text.Conic_To
                0x8003da44      0x250 /opt/devkitpro/portlibs/ppc/lib/libfreetype.a(raster.o)
 .text.Render_Single_Pass.constprop.0
                0x8003dc94      0x9ac /opt/devkitpro/portlibs/ppc/lib/libfreetype.a(raster.o)
 .text.Render_Glyph
                0x8003e640      0x154 /opt/devkitpro/portlibs/ppc/lib/libfreetype.a(raster.o)
 .text.ft_black_render
                0x8003e794      0x138 /opt/devkitpro/portlibs/ppc/lib/libfreetype.a(raster.o)
 .text.ft_sdf_init
                0x8003e8cc       0x20 /opt/devkitpro/portlibs/ppc/lib/libfreetype.a(sdf.o)
 .text.ft_sdf_done
                0x8003e8ec        0x4 /opt/devkitpro/portlibs/ppc/lib/libfreetype.a(sdf.o)
 .text.ft_sdf_set_mode
                0x8003e8f0       0x18 /opt/devkitpro/portlibs/ppc/lib/libfreetype.a(sdf.o)
 .text.bsdf_raster_reset
                0x8003e908        0x4 /opt/devkitpro/portlibs/ppc/lib/libfreetype.a(sdf.o)
 .text.bsdf_raster_set_mode
                0x8003e90c        0x8 /opt/devkitpro/portlibs/ppc/lib/libfreetype.a(sdf.o)
 .text.ft_sdf_get_cbox
                0x8003e914       0x34 /opt/devkitpro/portlibs/ppc/lib/libfreetype.a(sdf.o)
 .text.bsdf_raster_done
                0x8003e948        0xc /opt/devkitpro/portlibs/ppc/lib/libfreetype.a(sdf.o)
 .text.sdf_raster_done
                0x8003e954        0xc /opt/devkitpro/portlibs/ppc/lib/libfreetype.a(sdf.o)
 .text.ft_sdf_render
                0x8003e960      0x350 /opt/devkitpro/portlibs/ppc/lib/libfreetype.a(sdf.o)
 .text.ft_sdf_requester
                0x8003ecb0        0xc /opt/devkitpro/portlibs/ppc/lib/libfreetype.a(sdf.o)
 .text.sdf_property_get
                0x8003ecbc       0xd4 /opt/devkitpro/portlibs/ppc/lib/libfreetype.a(sdf.o)
 .text.sdf_property_set
                0x8003ed90      0x100 /opt/devkitpro/portlibs/ppc/lib/libfreetype.a(sdf.o)
 .text.ft_bsdf_render
                0x8003ee90      0x27c /opt/devkitpro/portlibs/ppc/lib/libfreetype.a(sdf.o)
 .text.compare_neighbor
                0x8003f10c       0x90 /opt/devkitpro/portlibs/ppc/lib/libfreetype.a(sdf.o)
 .text.bsdf_raster_new
                0x8003f19c       0x58 /opt/devkitpro/portlibs/ppc/lib/libfreetype.a(sdf.o)
 .text.sdf_raster_new
                0x8003f1f4       0x58 /opt/devkitpro/portlibs/ppc/lib/libfreetype.a(sdf.o)
 .text.ft_sdf_transform
                0x8003f24c       0x78 /opt/devkitpro/portlibs/ppc/lib/libfreetype.a(sdf.o)
 .text.sdf_contour_done
                0x8003f2c4       0x80 /opt/devkitpro/portlibs/ppc/lib/libfreetype.a(sdf.o)
 .text.sdf_raster_set_mode
                0x8003f344        0x8 /opt/devkitpro/portlibs/ppc/lib/libfreetype.a(sdf.o)
 .text.sdf_raster_reset
                0x8003f34c        0x4 /opt/devkitpro/portlibs/ppc/lib/libfreetype.a(sdf.o)
 .text.sdf_generate_bounding_box.isra.0
                0x8003f350     0x1104 /opt/devkitpro/portlibs/ppc/lib/libfreetype.a(sdf.o)
 .text.bsdf_raster_render
                0x80040454     0x10dc /opt/devkitpro/portlibs/ppc/lib/libfreetype.a(sdf.o)
 .text.sdf_move_to
                0x80041530       0xd0 /opt/devkitpro/portlibs/ppc/lib/libfreetype.a(sdf.o)
 .text.sdf_line_to
                0x80041600      0x12c /opt/devkitpro/portlibs/ppc/lib/libfreetype.a(sdf.o)
 .text.sdf_cubic_to
                0x8004172c      0x170 /opt/devkitpro/portlibs/ppc/lib/libfreetype.a(sdf.o)
 .text.sdf_conic_to
                0x8004189c      0x198 /opt/devkitpro/portlibs/ppc/lib/libfreetype.a(sdf.o)
 .text.split_sdf_conic
                0x80041a34      0x25c /opt/devkitpro/portlibs/ppc/lib/libfreetype.a(sdf.o)
 .text.split_sdf_cubic
                0x80041c90      0x34c /opt/devkitpro/portlibs/ppc/lib/libfreetype.a(sdf.o)
 .text.split_sdf_shape
                0x80041fdc      0x2c0 /opt/devkitpro/portlibs/ppc/lib/libfreetype.a(sdf.o)
 .text.sdf_raster_render
                0x8004229c      0xa20 /opt/devkitpro/portlibs/ppc/lib/libfreetype.a(sdf.o)
 .text.get_sfnt_table
                0x80042cbc       0x9c /opt/devkitpro/portlibs/ppc/lib/libfreetype.a(sfnt.o)
 .text.sfnt_table_info
                0x80042d58       0x6c /opt/devkitpro/portlibs/ppc/lib/libfreetype.a(sfnt.o)
 .text.sfnt_is_postscript
                0x80042dc4       0x34 /opt/devkitpro/portlibs/ppc/lib/libfreetype.a(sfnt.o)
 .text.sfnt_is_alphanumeric
                0x80042df8       0x2c /opt/devkitpro/portlibs/ppc/lib/libfreetype.a(sfnt.o)
 .text.sfnt_get_name_id
                0x80042e24       0xec /opt/devkitpro/portlibs/ppc/lib/libfreetype.a(sfnt.o)
 .text.compare_offsets
                0x80042f10       0x2c /opt/devkitpro/portlibs/ppc/lib/libfreetype.a(sfnt.o)
 .text.tt_cmap_init
                0x80042f3c        0xc /opt/devkitpro/portlibs/ppc/lib/libfreetype.a(sfnt.o)
 .text.tt_cmap0_char_index
                0x80042f48       0x20 /opt/devkitpro/portlibs/ppc/lib/libfreetype.a(sfnt.o)
 .text.tt_cmap0_char_next
                0x80042f68       0x8c /opt/devkitpro/portlibs/ppc/lib/libfreetype.a(sfnt.o)
 .text.tt_cmap0_get_info
                0x80042ff4       0x1c /opt/devkitpro/portlibs/ppc/lib/libfreetype.a(sfnt.o)
 .text.tt_cmap2_char_next
                0x80043010      0x248 /opt/devkitpro/portlibs/ppc/lib/libfreetype.a(sfnt.o)
 .text.tt_cmap2_get_info
                0x80043258       0x1c /opt/devkitpro/portlibs/ppc/lib/libfreetype.a(sfnt.o)
 .text.tt_cmap4_init
                0x80043274       0x2c /opt/devkitpro/portlibs/ppc/lib/libfreetype.a(sfnt.o)
 .text.tt_cmap4_set_range
                0x800432a0      0x148 /opt/devkitpro/portlibs/ppc/lib/libfreetype.a(sfnt.o)
 .text.tt_cmap4_next
                0x800433e8      0x1b0 /opt/devkitpro/portlibs/ppc/lib/libfreetype.a(sfnt.o)
 .text.tt_cmap4_char_map_linear
                0x80043598      0x30c /opt/devkitpro/portlibs/ppc/lib/libfreetype.a(sfnt.o)
 .text.tt_cmap4_char_map_binary
                0x800438a4      0x92c /opt/devkitpro/portlibs/ppc/lib/libfreetype.a(sfnt.o)
 .text.tt_cmap4_char_index
                0x800441d0       0x60 /opt/devkitpro/portlibs/ppc/lib/libfreetype.a(sfnt.o)
 .text.tt_cmap4_char_next
                0x80044230       0x80 /opt/devkitpro/portlibs/ppc/lib/libfreetype.a(sfnt.o)
 .text.tt_cmap4_get_info
                0x800442b0       0x1c /opt/devkitpro/portlibs/ppc/lib/libfreetype.a(sfnt.o)
 .text.tt_cmap6_char_index
                0x800442cc       0x30 /opt/devkitpro/portlibs/ppc/lib/libfreetype.a(sfnt.o)
 .text.tt_cmap6_char_next
                0x800442fc       0xa4 /opt/devkitpro/portlibs/ppc/lib/libfreetype.a(sfnt.o)
 .text.tt_cmap6_get_info
                0x800443a0       0x1c /opt/devkitpro/portlibs/ppc/lib/libfreetype.a(sfnt.o)
 .text.tt_cmap8_char_index
                0x800443bc       0xc4 /opt/devkitpro/portlibs/ppc/lib/libfreetype.a(sfnt.o)
 .text.tt_cmap8_char_next
                0x80044480       0xd8 /opt/devkitpro/portlibs/ppc/lib/libfreetype.a(sfnt.o)
 .text.tt_cmap8_get_info
                0x80044558       0x1c /opt/devkitpro/portlibs/ppc/lib/libfreetype.a(sfnt.o)
 .text.tt_cmap10_char_index
                0x80044574       0x3c /opt/devkitpro/portlibs/ppc/lib/libfreetype.a(sfnt.o)
 .text.tt_cmap10_char_next
                0x800445b0       0x94 /opt/devkitpro/portlibs/ppc/lib/libfreetype.a(sfnt.o)
 .text.tt_cmap10_get_info
                0x80044644       0x1c /opt/devkitpro/portlibs/ppc/lib/libfreetype.a(sfnt.o)
 .text.tt_cmap12_init
                0x80044660       0x20 /opt/devkitpro/portlibs/ppc/lib/libfreetype.a(sfnt.o)
 .text.tt_cmap12_next
                0x80044680       0xc4 /opt/devkitpro/portlibs/ppc/lib/libfreetype.a(sfnt.o)
 .text.tt_cmap12_char_map_binary
                0x80044744      0x17c /opt/devkitpro/portlibs/ppc/lib/libfreetype.a(sfnt.o)
 .text.tt_cmap12_char_index
                0x800448c0       0x2c /opt/devkitpro/portlibs/ppc/lib/libfreetype.a(sfnt.o)
 .text.tt_cmap12_get_info
                0x800448ec       0x1c /opt/devkitpro/portlibs/ppc/lib/libfreetype.a(sfnt.o)
 .text.tt_cmap13_init
                0x80044908       0x20 /opt/devkitpro/portlibs/ppc/lib/libfreetype.a(sfnt.o)
 .text.tt_cmap13_next
                0x80044928       0x8c /opt/devkitpro/portlibs/ppc/lib/libfreetype.a(sfnt.o)
 .text.tt_cmap13_char_map_binary
                0x800449b4      0x154 /opt/devkitpro/portlibs/ppc/lib/libfreetype.a(sfnt.o)
 .text.tt_cmap13_char_index
                0x80044b08       0x2c /opt/devkitpro/portlibs/ppc/lib/libfreetype.a(sfnt.o)
 .text.tt_cmap13_get_info
                0x80044b34       0x1c /opt/devkitpro/portlibs/ppc/lib/libfreetype.a(sfnt.o)
 .text.tt_cmap14_init
                0x80044b50       0x24 /opt/devkitpro/portlibs/ppc/lib/libfreetype.a(sfnt.o)
 .text.tt_cmap14_char_index
                0x80044b74        0x8 /opt/devkitpro/portlibs/ppc/lib/libfreetype.a(sfnt.o)
 .text.tt_cmap14_char_next
                0x80044b7c       0x10 /opt/devkitpro/portlibs/ppc/lib/libfreetype.a(sfnt.o)
 .text.tt_cmap14_get_info
                0x80044b8c       0x18 /opt/devkitpro/portlibs/ppc/lib/libfreetype.a(sfnt.o)
 .text.tt_cmap14_char_map_def_binary
                0x80044ba4       0x74 /opt/devkitpro/portlibs/ppc/lib/libfreetype.a(sfnt.o)
 .text.tt_cmap14_char_map_nondef_binary
                0x80044c18       0x6c /opt/devkitpro/portlibs/ppc/lib/libfreetype.a(sfnt.o)
 .text.tt_cmap14_find_variant
                0x80044c84       0x6c /opt/devkitpro/portlibs/ppc/lib/libfreetype.a(sfnt.o)
 .text.tt_cmap14_char_var_index
                0x80044cf0       0xe4 /opt/devkitpro/portlibs/ppc/lib/libfreetype.a(sfnt.o)
 .text.tt_cmap14_char_var_isdefault
                0x80044dd4       0xb8 /opt/devkitpro/portlibs/ppc/lib/libfreetype.a(sfnt.o)
 .text.tt_cmap_unicode_init
                0x80044e8c       0x3c /opt/devkitpro/portlibs/ppc/lib/libfreetype.a(sfnt.o)
 .text.tt_cmap_unicode_char_index
                0x80044ec8       0x14 /opt/devkitpro/portlibs/ppc/lib/libfreetype.a(sfnt.o)
 .text.tt_cmap_unicode_char_next
                0x80044edc       0x14 /opt/devkitpro/portlibs/ppc/lib/libfreetype.a(sfnt.o)
 .text.tt_get_cmap_info
                0x80044ef0       0x20 /opt/devkitpro/portlibs/ppc/lib/libfreetype.a(sfnt.o)
 .text.tt_face_get_colr_layer
                0x80044f10      0x14c /opt/devkitpro/portlibs/ppc/lib/libfreetype.a(sfnt.o)
 .text.get_child_table_pointer
                0x8004505c       0x8c /opt/devkitpro/portlibs/ppc/lib/libfreetype.a(sfnt.o)
 .text.tt_face_get_colr_glyph_paint
                0x800450e8       0xe8 /opt/devkitpro/portlibs/ppc/lib/libfreetype.a(sfnt.o)
 .text.tt_face_get_paint_layers
                0x800451d0       0xc0 /opt/devkitpro/portlibs/ppc/lib/libfreetype.a(sfnt.o)
 .text.tt_face_palette_set
                0x80045290       0xd0 /opt/devkitpro/portlibs/ppc/lib/libfreetype.a(sfnt.o)
 .text.extract_svg_doc
                0x80045360       0x1c /opt/devkitpro/portlibs/ppc/lib/libfreetype.a(sfnt.o)
 .text.tt_face_get_kerning
                0x8004537c      0x1d4 /opt/devkitpro/portlibs/ppc/lib/libfreetype.a(sfnt.o)
 .text.tt_sbit_decoder_load_metrics
                0x80045550       0xb4 /opt/devkitpro/portlibs/ppc/lib/libfreetype.a(sfnt.o)
 .text.tt_sbit_decoder_load_byte_aligned
                0x80045604      0x2cc /opt/devkitpro/portlibs/ppc/lib/libfreetype.a(sfnt.o)
 .text.tt_sbit_decoder_load_bit_aligned
                0x800458d0      0x304 /opt/devkitpro/portlibs/ppc/lib/libfreetype.a(sfnt.o)
 .text.sfnt_get_interface
                0x80045bd4        0xc /opt/devkitpro/portlibs/ppc/lib/libfreetype.a(sfnt.o)
 .text.tt_face_load_kern
                0x80045be0      0x1e0 /opt/devkitpro/portlibs/ppc/lib/libfreetype.a(sfnt.o)
 .text.tt_face_free_sbit
                0x80045dc0       0x44 /opt/devkitpro/portlibs/ppc/lib/libfreetype.a(sfnt.o)
 .text.tt_face_get_metrics
                0x80045e04      0x348 /opt/devkitpro/portlibs/ppc/lib/libfreetype.a(sfnt.o)
 .text.tt_name_ascii_from_other
                0x8004614c       0xd4 /opt/devkitpro/portlibs/ppc/lib/libfreetype.a(sfnt.o)